 PhysXCommon_64

 Timestamp is 6830505f (Fri May 23 19:39:27 2025)

 Preferred load address is 0000000180000000

 Start         Length     Name                   Class
 0001:00000000 000029e0H .text$di                CODE
 0001:000029e0 0011a680H .text$mn                CODE
 0001:0011d060 00000036H .text$mn$00             CODE
 0001:0011d096 00000092H .text$x                 CODE
 0002:00000000 00000190H .idata$5                DATA
 0002:00000190 00000038H .00cfg                  DATA
 0002:000001c8 00000008H .CRT$XCA                DATA
 0002:000001d0 00001428H .CRT$XCU                DATA
 0002:000015f8 00000008H .CRT$XCZ                DATA
 0002:00001600 00000008H .CRT$XIA                DATA
 0002:00001608 00000008H .CRT$XIZ                DATA
 0002:00001610 00000008H .CRT$XPA                DATA
 0002:00001618 00000008H .CRT$XPZ                DATA
 0002:00001620 00000008H .CRT$XTA                DATA
 0002:00001628 00000008H .CRT$XTZ                DATA
 0002:00001630 00000000H .gehcont$y              DATA
 0002:00001630 00000000H .gfids$y                DATA
 0002:00001630 00004150H .rdata                  DATA
 0002:00005780 00000000H .rdata$CastGuardVftablesA DATA
 0002:00005780 00000000H .rdata$CastGuardVftablesC DATA
 0002:00005780 00000074H .rdata$r                DATA
 0002:000057f4 00000118H .rdata$voltmd           DATA
 0002:0000590c 000003ccH .rdata$zzzdbg           DATA
 0002:00005cd8 00000008H .rtc$IAA                DATA
 0002:00005ce0 00000008H .rtc$IZZ                DATA
 0002:00005ce8 00000008H .rtc$TAA                DATA
 0002:00005cf0 00000008H .rtc$TZZ                DATA
 0002:00005cf8 0000b660H .xdata                  DATA
 0002:00011358 00000020H .didat$2                DATA
 0002:00011378 00000020H .didat$3                DATA
 0002:00011398 00000088H .didat$4                DATA
 0002:00011420 00000318H .didat$6                DATA
 0002:00011738 00000198H .didat$7                DATA
 0002:000118d0 0000a0dcH .edata                  DATA
 0002:0001b9ac 00000078H .idata$2                DATA
 0002:0001ba24 00000014H .idata$3                DATA
 0002:0001ba38 00000190H .idata$4                DATA
 0002:0001bbc8 000003e4H .idata$6                DATA
 0003:00000000 00000ae0H .data                   DATA
 0003:00000ae0 00000578H .data$r                 DATA
 0003:00001058 00000020H .data$rs                DATA
 0003:00001078 00000088H .didat$5                DATA
 0003:00001100 000029a8H .bss                    DATA
 0004:00000000 00005b68H .pdata                  DATA
 0005:00000000 00002208H _RDATA                  DATA
 0006:00000000 000000a0H .rsrc$01                DATA
 0006:000000a0 000004b0H .rsrc$02                DATA

  Address         Publics by Value              Rva+Base               Lib:Object

 0000:00000000       __AbsoluteZero             0000000000000000     <absolute>
 0000:00000000       ___safe_se_handler_count   0000000000000000     <absolute>
 0000:00000000       ___safe_se_handler_table   0000000000000000     <absolute>
 0000:00000000       __arm64x_extra_rfe_table   0000000000000000     <absolute>
 0000:00000000       __arm64x_extra_rfe_table_size 0000000000000000     <absolute>
 0000:00000000       __arm64x_native_entrypoint 0000000000000000     <absolute>
 0000:00000000       __arm64x_redirection_metadata 0000000000000000     <absolute>
 0000:00000000       __arm64x_redirection_metadata_count 0000000000000000     <absolute>
 0000:00000000       __dynamic_value_reloc_table 0000000000000000     <absolute>
 0000:00000000       __enclave_config           0000000000000000     <absolute>
 0000:00000000       __guard_check_icall_a64n_fptr 0000000000000000     <absolute>
 0000:00000000       __guard_eh_cont_count      0000000000000000     <absolute>
 0000:00000000       __guard_eh_cont_table      0000000000000000     <absolute>
 0000:00000000       __guard_fids_count         0000000000000000     <absolute>
 0000:00000000       __guard_fids_table         0000000000000000     <absolute>
 0000:00000000       __guard_iat_count          0000000000000000     <absolute>
 0000:00000000       __guard_iat_table          0000000000000000     <absolute>
 0000:00000000       __guard_longjmp_count      0000000000000000     <absolute>
 0000:00000000       __guard_longjmp_table      0000000000000000     <absolute>
 0000:00000000       __hybrid_auxiliary_delayload_iat 0000000000000000     <absolute>
 0000:00000000       __hybrid_auxiliary_delayload_iat_copy 0000000000000000     <absolute>
 0000:00000000       __hybrid_auxiliary_iat     0000000000000000     <absolute>
 0000:00000000       __hybrid_auxiliary_iat_copy 0000000000000000     <absolute>
 0000:00000000       __hybrid_code_map          0000000000000000     <absolute>
 0000:00000000       __hybrid_code_map_count    0000000000000000     <absolute>
 0000:00000000       __hybrid_image_info_bitfield 0000000000000000     <absolute>
 0000:00000000       __x64_code_ranges_to_entry_points 0000000000000000     <absolute>
 0000:00000000       __x64_code_ranges_to_entry_points_count 0000000000000000     <absolute>
 0000:00000100       __guard_flags              0000000000000100     <absolute>
 0000:00000000       __ImageBase                0000000180000000     <linker-defined>
 0001:000029e0       ??_ECollection@Cm@physx@@UEAAPEAXI@Z 00000001800039e0 f i CmCollection.obj
 0001:000029e0       ??_GCollection@Cm@physx@@UEAAPEAXI@Z 00000001800039e0 f i CmCollection.obj
 0001:00002a90       ??_EPxCollection@physx@@MEAAPEAXI@Z 0000000180003a90 f i CmCollection.obj
 0001:00002a90       ??_GPxCollection@physx@@MEAAPEAXI@Z 0000000180003a90 f i CmCollection.obj
 0001:00002ac0       ?PxCreateCollection@@YAPEAVPxCollection@physx@@XZ 0000000180003ac0 f   CmCollection.obj
 0001:00002bc0       ?add@Collection@Cm@physx@@UEAAXAEAVPxBase@3@_K@Z 0000000180003bc0 f   CmCollection.obj
 0001:00002cb0       ?add@Collection@Cm@physx@@UEAAXAEAVPxCollection@3@@Z 0000000180003cb0 f   CmCollection.obj
 0001:00002e70       ?addId@Collection@Cm@physx@@UEAAXAEAVPxBase@3@_K@Z 0000000180003e70 f   CmCollection.obj
 0001:00002fa0       ?contains@Collection@Cm@physx@@UEBA_NAEAVPxBase@3@@Z 0000000180003fa0 f   CmCollection.obj
 0001:00003050       ?create@?$HashBase@V?$Pair@$$CB_KPEAVPxBase@physx@@@shdfnd@physx@@_KU?$Hash@_K@23@UGetKey@?$HashMapBase@_KPEAVPxBase@physx@@U?$Hash@_K@shdfnd@2@VNonTrackingAllocator@42@@internal@23@VNonTrackingAllocator@23@$00@internal@shdfnd@physx@@QEAAPEAV?$Pair@$$CB_KPEAVPxBase@physx@@@34@AEB_KAEA_N@Z 0000000180004050 f i CmCollection.obj
 0001:00003050       ?create@?$HashBase@V?$Pair@QEAVPxBase@physx@@_K@shdfnd@physx@@PEAVPxBase@3@U?$Hash@PEAVPxBase@physx@@@23@UGetKey@?$HashMapBase@PEAVPxBase@physx@@_KU?$Hash@PEAVPxBase@physx@@@shdfnd@2@VNonTrackingAllocator@42@@internal@23@VNonTrackingAllocator@23@$00@internal@shdfnd@physx@@QEAAPEAV?$Pair@QEAVPxBase@physx@@_K@34@AEBQEAVPxBase@4@AEA_N@Z 0000000180004050 f i CmCollection.obj
 0001:000031e0       ?erase@?$HashBase@V?$Pair@$$CB_KPEAVPxBase@physx@@@shdfnd@physx@@_KU?$Hash@_K@23@UGetKey@?$HashMapBase@_KPEAVPxBase@physx@@U?$Hash@_K@shdfnd@2@VNonTrackingAllocator@42@@internal@23@VNonTrackingAllocator@23@$00@internal@shdfnd@physx@@QEAA_NAEB_K@Z 00000001800041e0 f i CmCollection.obj
 0001:000031e0       ?erase@?$HashBase@V?$Pair@QEAVPxBase@physx@@_K@shdfnd@physx@@PEAVPxBase@3@U?$Hash@PEAVPxBase@physx@@@23@UGetKey@?$HashMapBase@PEAVPxBase@physx@@_KU?$Hash@PEAVPxBase@physx@@@shdfnd@2@VNonTrackingAllocator@42@@internal@23@VNonTrackingAllocator@23@$00@internal@shdfnd@physx@@QEAA_NAEBQEAVPxBase@4@@Z 00000001800041e0 f i CmCollection.obj
 0001:00003390       ?find@?$HashMapBase@_KPEAVPxBase@physx@@U?$Hash@_K@shdfnd@2@VNonTrackingAllocator@42@@internal@shdfnd@physx@@QEBAPEBV?$Pair@$$CB_KPEAVPxBase@physx@@@34@AEB_K@Z 0000000180004390 f i CmCollection.obj
 0001:00003430       ?find@Collection@Cm@physx@@UEBAPEAVPxBase@3@_K@Z 0000000180004430 f   CmCollection.obj
 0001:00003460       ?getId@Collection@Cm@physx@@UEBA_KAEBVPxBase@3@@Z 0000000180004460 f   CmCollection.obj
 0001:00003510       ?getIds@Collection@Cm@physx@@UEBAIPEA_KII@Z 0000000180004510 f   CmCollection.obj
 0001:000035f0       ?getNbColumns@HeightField@Gu@physx@@UEBAIXZ 00000001800045f0 f   GuBounds.obj
 0001:000035f0       ?getNbIds@Collection@Cm@physx@@UEBAIXZ 00000001800045f0 f   CmCollection.obj
 0001:00003600       ?getNbObjects@Collection@Cm@physx@@UEBAIXZ 0000000180004600 f   CmCollection.obj
 0001:00003610       ?getObject@Collection@Cm@physx@@UEBAAEAVPxBase@3@I@Z 0000000180004610 f   CmCollection.obj
 0001:00003620       ?getObjects@Collection@Cm@physx@@UEBAIPEAPEAVPxBase@3@II@Z 0000000180004620 f   CmCollection.obj
 0001:00003660       ?release@Collection@Cm@physx@@UEAAXXZ 0000000180004660 f i CmCollection.obj
 0001:00003680       ?remove@Collection@Cm@physx@@UEAAXAEAVPxBase@3@@Z 0000000180004680 f   CmCollection.obj
 0001:00003770       ?remove@Collection@Cm@physx@@UEAAXAEAVPxCollection@3@@Z 0000000180004770 f   CmCollection.obj
 0001:00003890       ?removeId@Collection@Cm@physx@@UEAAX_K@Z 0000000180004890 f   CmCollection.obj
 0001:00003910       ?reserveInternal@?$HashBase@V?$Pair@$$CB_KPEAVPxBase@physx@@@shdfnd@physx@@_KU?$Hash@_K@23@UGetKey@?$HashMapBase@_KPEAVPxBase@physx@@U?$Hash@_K@shdfnd@2@VNonTrackingAllocator@42@@internal@23@VNonTrackingAllocator@23@$00@internal@shdfnd@physx@@AEAAXI@Z 0000000180004910 f i CmCollection.obj
 0001:00003910       ?reserveInternal@?$HashBase@V?$Pair@QEAVPxBase@physx@@_K@shdfnd@physx@@PEAVPxBase@3@U?$Hash@PEAVPxBase@physx@@@23@UGetKey@?$HashMapBase@PEAVPxBase@physx@@_KU?$Hash@PEAVPxBase@physx@@@shdfnd@2@VNonTrackingAllocator@42@@internal@23@VNonTrackingAllocator@23@$00@internal@shdfnd@physx@@AEAAXI@Z 0000000180004910 f i CmCollection.obj
 0001:00003b00       ??0PtrTable@Cm@physx@@QEAA@W4PxEMPTY@2@@Z 0000000180004b00 f i CmPtrTable.obj
 0001:00003b20       ??0PtrTable@Cm@physx@@QEAA@XZ 0000000180004b20 f   CmPtrTable.obj
 0001:00003b30       ??1AABBTreeBuildNode@Gu@physx@@QEAA@XZ 0000000180004b30 f   GuAABBTreeBuild.obj
 0001:00003b30       ??1Box@Gu@physx@@QEAA@XZ   0000000180004b30 f   GuBounds.obj
 0001:00003b30       ??1HeightFieldData@Gu@physx@@QEAA@XZ 0000000180004b30 f   GuBounds.obj
 0001:00003b30       ??1MaterialIndicesStruct@physx@@QEAA@XZ 0000000180004b30 f   GuGeometryUnion.obj
 0001:00003b30       ??1PtrTable@Cm@physx@@QEAA@XZ 0000000180004b30 f   CmPtrTable.obj
 0001:00003b30       ?profile@Callback@RTree@Gu@physx@@UEAAXXZ 0000000180004b30 f   GuMidphaseRTree.obj
 0001:00003b30       ?requiresObjects@ConvexMesh@Gu@physx@@UEAAXAEAVPxProcessPxBaseCallback@3@@Z 0000000180004b30 f   GuConvexMesh.obj
 0001:00003b30       ?requiresObjects@HeightField@Gu@physx@@UEAAXAEAVPxProcessPxBaseCallback@3@@Z 0000000180004b30 f   GuHeightField.obj
 0001:00003b30       ?requiresObjects@TriangleMesh@Gu@physx@@UEAAXAEAVPxProcessPxBaseCallback@3@@Z 0000000180004b30 f   GuTriangleMesh.obj
 0001:00003b30       _guard_check_icall_nop     0000000180004b30 f   MSVCRT:guard_support.obj
 0001:00003b40       ??4CmModuleUpdateLoader@Cm@physx@@QEAAAEAV012@AEBV012@@Z 0000000180004b40 f i CmWindowsModuleUpdateLoader.obj
 0001:00003b40       ??4MaterialIndicesStruct@physx@@QEAAAEAU01@AEBU01@@Z 0000000180004b40 f i GuGeometryUnion.obj
 0001:00003b40       ??4PtrTable@Cm@physx@@QEAAAEAU012@AEBU012@@Z 0000000180004b40 f i CmPtrTable.obj
 0001:00003b50       ?add@PtrTable@Cm@physx@@QEAAXPEAXAEAVPtrTableStorageManager@23@@Z 0000000180004b50 f   CmPtrTable.obj
 0001:00003c10       ?clear@PtrTable@Cm@physx@@QEAAXAEAVPtrTableStorageManager@23@@Z 0000000180004c10 f   CmPtrTable.obj
 0001:00003c80       ?exportExtraData@PtrTable@Cm@physx@@QEAAXAEAVPxSerializationContext@3@@Z 0000000180004c80 f   CmPtrTable.obj
 0001:00003cd0       ?find@PtrTable@Cm@physx@@QEBAIPEBX@Z 0000000180004cd0 f   CmPtrTable.obj
 0001:00003d00       ?getBinaryMetaData@PtrTable@Cm@physx@@SAXAEAVPxOutputStream@3@@Z 0000000180004d00 f   CmPtrTable.obj
 0001:00003ec0       ?getCount@PtrTable@Cm@physx@@QEBAIXZ 0000000180004ec0 f i CmPtrTable.obj
 0001:00003ed0       ?getPtrs@PtrTable@Cm@physx@@QEAAPEAPEAXXZ 0000000180004ed0 f i CmPtrTable.obj
 0001:00003ed0       ?getPtrs@PtrTable@Cm@physx@@QEBAPEBQEAXXZ 0000000180004ed0 f i CmPtrTable.obj
 0001:00003ee0       ?importExtraData@PtrTable@Cm@physx@@QEAAXAEAVPxDeserializationContext@3@@Z 0000000180004ee0 f   CmPtrTable.obj
 0001:00003f10       ?realloc@PtrTable@Cm@physx@@AEAAXIIAEAVPtrTableStorageManager@23@@Z 0000000180004f10 f   CmPtrTable.obj
 0001:00003fb0       ?replaceWithLast@PtrTable@Cm@physx@@QEAAXIAEAVPtrTableStorageManager@23@@Z 0000000180004fb0 f   CmPtrTable.obj
 0001:000040b0       ??0RadixSort@Cm@physx@@QEAA@XZ 00000001800050b0 f   CmRadixSort.obj
 0001:000040e0       ??1RadixSort@Cm@physx@@UEAA@XZ 00000001800050e0 f   CmRadixSort.obj
 0001:000040f0       ??_ERadixSort@Cm@physx@@UEAAPEAXI@Z 00000001800050f0 f i CmRadixSort.obj
 0001:00004180       ?GetNbHits@RadixSort@Cm@physx@@QEBAIXZ 0000000180005180 f i CmRadixSort.obj
 0001:00004190       ?GetNbTotalCalls@RadixSort@Cm@physx@@QEBAIXZ 0000000180005190 f i CmRadixSort.obj
 0001:000041a0       ?GetRanks@RadixSort@Cm@physx@@QEBAPEBIXZ 00000001800051a0 f i CmRadixSort.obj
 0001:000041a0       ?getHeightField@HeightFieldUtil@Gu@physx@@QEBAAEBVHeightField@23@XZ 00000001800051a0 f i GuCCTSweepTests.obj
 0001:000041b0       ?GetRecyclable@RadixSort@Cm@physx@@QEBAPEAIXZ 00000001800051b0 f i CmRadixSort.obj
 0001:000041b0       ?GetValencies@BigConvexData@physx@@QEBAPEBUValency@Gu@2@XZ 00000001800051b0 f i GuMetaData.obj
 0001:000041b0       ?getHeightFieldGeometry@HeightFieldUtil@Gu@physx@@QEBAAEBVPxHeightFieldGeometry@3@XZ 00000001800051b0 f i GuCCTSweepTests.obj
 0001:000041b0       ?getPos@AABBTreeBuildNode@Gu@physx@@QEBAPEBV123@XZ 00000001800051b0 f i GuAABBTreeBuild.obj
 0001:000041c0       ?SetBuffers@RadixSort@Cm@physx@@QEAA_NPEAI00PEAPEAI@Z 00000001800051c0 f   CmRadixSort.obj
 0001:00004200       ?Sort@RadixSort@Cm@physx@@QEAAAEAV123@PEBIIW4RadixHint@23@@Z 0000000180005200 f   CmRadixSort.obj
 0001:000048b0       ?Sort@RadixSort@Cm@physx@@QEAAAEAV123@PEBMI@Z 00000001800058b0 f   CmRadixSort.obj
 0001:00005040       ?invalidateRanks@RadixSort@Cm@physx@@QEAAXXZ 0000000180006040 f i CmRadixSort.obj
 0001:00005050       ??0RadixSortBuffered@Cm@physx@@QEAA@XZ 0000000180006050 f   CmRadixSortBuffered.obj
 0001:00005080       ??1RadixSortBuffered@Cm@physx@@UEAA@XZ 0000000180006080 f   CmRadixSortBuffered.obj
 0001:000050b0       ??_ERadixSortBuffered@Cm@physx@@UEAAPEAXI@Z 00000001800060b0 f i CmRadixSortBuffered.obj
 0001:00005180       ?CheckResize@RadixSortBuffered@Cm@physx@@AEAAXI@Z 0000000180006180 f i CmRadixSortBuffered.obj
 0001:000051c0       ?Resize@RadixSortBuffered@Cm@physx@@AEAA_NI@Z 00000001800061c0 f   CmRadixSortBuffered.obj
 0001:000052b0       ?Sort@RadixSortBuffered@Cm@physx@@QEAAAEAV123@PEBIIW4RadixHint@23@@Z 00000001800062b0 f   CmRadixSortBuffered.obj
 0001:00005350       ?Sort@RadixSortBuffered@Cm@physx@@QEAAAEAV123@PEBMI@Z 0000000180006350 f   CmRadixSortBuffered.obj
 0001:000053e0       ?reset@RadixSortBuffered@Cm@physx@@QEAAXXZ 00000001800063e0 f   CmRadixSortBuffered.obj
 0001:00005460       ??0DebugText@Cm@physx@@QEAA@$$QEAU012@@Z 0000000180006460 f i CmRenderOutput.obj
 0001:00005460       ??0DebugText@Cm@physx@@QEAA@AEBU012@@Z 0000000180006460 f i CmRenderOutput.obj
 0001:00005540       ??0DebugText@Cm@physx@@QEAA@AEBVPxVec3@2@MPEBDZZ 0000000180006540 f   CmRenderOutput.obj
 0001:000055a0       ??0RenderOutput@Cm@physx@@QEAA@AEAVRenderBuffer@12@@Z 00000001800065a0 f i CmRenderOutput.obj
 0001:000055f0       ??0RenderOutput@Cm@physx@@QEAA@AEBV012@@Z 00000001800065f0 f i CmRenderOutput.obj
 0001:00005690       ??4DebugText@Cm@physx@@QEAAAEAU012@$$QEAU012@@Z 0000000180006690 f i CmRenderOutput.obj
 0001:00005690       ??4DebugText@Cm@physx@@QEAAAEAU012@AEBU012@@Z 0000000180006690 f i CmRenderOutput.obj
 0001:000057c0       ??6Cm@physx@@YAAEAVRenderOutput@01@AEAV201@AEBUDebugArc@01@@Z 00000001800067c0 f   CmRenderOutput.obj
 0001:000058e0       ??6Cm@physx@@YAAEAVRenderOutput@01@AEAV201@AEBUDebugArrow@01@@Z 00000001800068e0 f   CmRenderOutput.obj
 0001:00005ce0       ??6Cm@physx@@YAAEAVRenderOutput@01@AEAV201@AEBUDebugBasis@01@@Z 0000000180006ce0 f   CmRenderOutput.obj
 0001:00005de0       ??6Cm@physx@@YAAEAVRenderOutput@01@AEAV201@AEBUDebugBox@01@@Z 0000000180006de0 f   CmRenderOutput.obj
 0001:000062e0       ??6Cm@physx@@YAAEAVRenderOutput@01@AEAV201@AEBUDebugCircle@01@@Z 00000001800072e0 f   CmRenderOutput.obj
 0001:000063e0       ??6RenderOutput@Cm@physx@@QEAAAEAV012@AEBUDebugText@12@@Z 00000001800073e0 f   CmRenderOutput.obj
 0001:000065a0       ??6RenderOutput@Cm@physx@@QEAAAEAV012@AEBVPxMat44@2@@Z 00000001800075a0 f   CmRenderOutput.obj
 0001:00006610       ??6RenderOutput@Cm@physx@@QEAAAEAV012@AEBVPxTransform@2@@Z 0000000180007610 f   CmRenderOutput.obj
 0001:00006790       ??6RenderOutput@Cm@physx@@QEAAAEAV012@I@Z 0000000180007790 f   CmRenderOutput.obj
 0001:000067a0       ??6RenderOutput@Cm@physx@@QEAAAEAV012@VPxVec3@2@@Z 00000001800077a0 f   CmRenderOutput.obj
 0001:00006c90       ??6RenderOutput@Cm@physx@@QEAAAEAV012@W4Primitive@012@@Z 0000000180007c90 f   CmRenderOutput.obj
 0001:00006ca0       ?allocate@?$Array@DV?$ReflectionAllocator@D@shdfnd@physx@@@shdfnd@physx@@IEAAPEADI@Z 0000000180007ca0 f i CmRenderOutput.obj
 0001:00006d30       ?allocate@?$Array@UPxDebugLine@physx@@V?$ReflectionAllocator@UPxDebugLine@physx@@@shdfnd@2@@shdfnd@physx@@IEAAPEAUPxDebugLine@3@I@Z 0000000180007d30 f i CmRenderOutput.obj
 0001:00006dd0       ?allocate@?$Array@UPxDebugPoint@physx@@V?$ReflectionAllocator@UPxDebugPoint@physx@@@shdfnd@2@@shdfnd@physx@@IEAAPEAUPxDebugPoint@3@I@Z 0000000180007dd0 f i CmRenderOutput.obj
 0001:00006e70       ?allocate@?$Array@UPxDebugText@physx@@V?$ReflectionAllocator@UPxDebugText@physx@@@shdfnd@2@@shdfnd@physx@@IEAAPEAUPxDebugText@3@I@Z 0000000180007e70 f i CmRenderOutput.obj
 0001:00006f10       ?allocate@?$Array@UPxDebugTriangle@physx@@V?$ReflectionAllocator@UPxDebugTriangle@physx@@@shdfnd@2@@shdfnd@physx@@IEAAPEAUPxDebugTriangle@3@I@Z 0000000180007f10 f i CmRenderOutput.obj
 0001:00006fc0       ?copy@?$Array@UPxDebugLine@physx@@V?$ReflectionAllocator@UPxDebugLine@physx@@@shdfnd@2@@shdfnd@physx@@KAXPEAUPxDebugLine@3@0PEBU43@@Z 0000000180007fc0 f i CmRenderOutput.obj
 0001:00007160       ?copy@?$Array@UPxDebugPoint@physx@@V?$ReflectionAllocator@UPxDebugPoint@physx@@@shdfnd@2@@shdfnd@physx@@KAXPEAUPxDebugPoint@3@0PEBU43@@Z 0000000180008160 f i CmRenderOutput.obj
 0001:00007250       ?copy@?$Array@UPxDebugText@physx@@V?$ReflectionAllocator@UPxDebugText@physx@@@shdfnd@2@@shdfnd@physx@@KAXPEAUPxDebugText@3@0PEBU43@@Z 0000000180008250 f i CmRenderOutput.obj
 0001:000073a0       ?copy@?$Array@UPxDebugTriangle@physx@@V?$ReflectionAllocator@UPxDebugTriangle@physx@@@shdfnd@2@@shdfnd@physx@@KAXPEAUPxDebugTriangle@3@0PEBU43@@Z 00000001800083a0 f i CmRenderOutput.obj
 0001:00007640       ?growAndPushBack@?$Array@DV?$ReflectionAllocator@D@shdfnd@physx@@@shdfnd@physx@@IEAAAEADAEBD@Z 0000000180008640 f i CmRenderOutput.obj
 0001:00007710       ?growAndPushBack@?$Array@UPxDebugLine@physx@@V?$ReflectionAllocator@UPxDebugLine@physx@@@shdfnd@2@@shdfnd@physx@@IEAAAEAUPxDebugLine@3@AEBU43@@Z 0000000180008710 f i CmRenderOutput.obj
 0001:00007800       ?growAndPushBack@?$Array@UPxDebugPoint@physx@@V?$ReflectionAllocator@UPxDebugPoint@physx@@@shdfnd@2@@shdfnd@physx@@IEAAAEAUPxDebugPoint@3@AEBU43@@Z 0000000180008800 f i CmRenderOutput.obj
 0001:000078d0       ?growAndPushBack@?$Array@UPxDebugText@physx@@V?$ReflectionAllocator@UPxDebugText@physx@@@shdfnd@2@@shdfnd@physx@@IEAAAEAUPxDebugText@3@AEBU43@@Z 00000001800088d0 f i CmRenderOutput.obj
 0001:000079b0       ?growAndPushBack@?$Array@UPxDebugTriangle@physx@@V?$ReflectionAllocator@UPxDebugTriangle@physx@@@shdfnd@2@@shdfnd@physx@@IEAAAEAUPxDebugTriangle@3@AEBU43@@Z 00000001800089b0 f i CmRenderOutput.obj
 0001:00007ad0       ?outputCapsule@RenderOutput@Cm@physx@@QEAAAEAV123@MMAEBVPxMat44@3@@Z 0000000180008ad0 f   CmRenderOutput.obj
 0001:00008520       ?outputSegment@RenderOutput@Cm@physx@@QEAAXAEBVPxVec3@3@0@Z 0000000180009520 f i CmRenderOutput.obj
 0001:000085e0       ?recreate@?$Array@DV?$ReflectionAllocator@D@shdfnd@physx@@@shdfnd@physx@@IEAAXI@Z 00000001800095e0 f i CmRenderOutput.obj
 0001:00008680       ?recreate@?$Array@UPxDebugLine@physx@@V?$ReflectionAllocator@UPxDebugLine@physx@@@shdfnd@2@@shdfnd@physx@@IEAAXI@Z 0000000180009680 f i CmRenderOutput.obj
 0001:00008700       ?reserveSegments@RenderOutput@Cm@physx@@QEAAPEAUPxDebugLine@3@I@Z 0000000180009700 f i CmRenderOutput.obj
 0001:00008760       ?transform@PxMat44@physx@@QEBA?BVPxVec4@2@AEBV32@@Z 0000000180009760 f i CmRenderOutput.obj
 0001:00008850       ??DPxQuat@physx@@QEBA?AV01@AEBV01@@Z 0000000180009850 f i CmVisualization.obj
 0001:00008990       ?visualizeAngularLimit@Cm@physx@@YAXAEAVRenderOutput@12@MAEBVPxTransform@2@MM_N@Z 0000000180009990 f   CmVisualization.obj
 0001:00008b50       ?visualizeDoubleCone@Cm@physx@@YAXAEAVRenderOutput@12@MAEBVPxTransform@2@M_N@Z 0000000180009b50 f   CmVisualization.obj
 0001:00008db0       ?visualizeJointFrames@Cm@physx@@YAXAEAVRenderOutput@12@MAEBVPxTransform@2@1@Z 0000000180009db0 f   CmVisualization.obj
 0001:00008e70       ?visualizeLimitCone@Cm@physx@@YAXAEAVRenderOutput@12@MAEBVPxTransform@2@MM_N@Z 0000000180009e70 f   CmVisualization.obj
 0001:00009100       ?visualizeLinearLimit@Cm@physx@@YAXAEAVRenderOutput@12@MAEBVPxTransform@2@1M_N@Z 000000018000a100 f   CmVisualization.obj
 0001:00009350       ??0CmModuleUpdateLoader@Cm@physx@@QEAA@PEBD@Z 000000018000a350 f   CmWindowsModuleUpdateLoader.obj
 0001:00009390       ??1CmModuleUpdateLoader@Cm@physx@@QEAA@XZ 000000018000a390 f   CmWindowsModuleUpdateLoader.obj
 0001:000093c0       ?LoadModule@CmModuleUpdateLoader@Cm@physx@@QEAAPEAUHINSTANCE__@@PEBD0@Z 000000018000a3c0 f   CmWindowsModuleUpdateLoader.obj
 0001:000093e0       ?commonDelayHook@@YAP6A_JXZIPEAUDelayLoadInfo@@@Z 000000018000a3e0 f   CmWindowsDelayLoadHook.obj
 0001:000094c0       PxSetPhysXCommonDelayLoadHook 000000018000a4c0 f   CmWindowsDelayLoadHook.obj
 0001:000094d0       ??0Box@Gu@physx@@QEAA@AEBV012@@Z 000000018000a4d0 f i GuBounds.obj
 0001:000094d0       ??4Box@Gu@physx@@QEAAAEBV012@AEBV012@@Z 000000018000a4d0 f i GuBounds.obj
 0001:00009530       ??0Box@Gu@physx@@QEAA@AEBVPxVec3@2@0AEBVPxMat33@2@@Z 000000018000a530 f i GuBounds.obj
 0001:000095a0       ??0AABBTreeBuildNode@Gu@physx@@QEAA@XZ 000000018000a5a0 f i GuAABBTreeBuild.obj
 0001:000095a0       ??0BigConvexData@physx@@QEAA@W4PxEMPTY@1@@Z 000000018000a5a0 f i GuMetaData.obj
 0001:000095a0       ??0Box@Gu@physx@@QEAA@XZ   000000018000a5a0 f i GuBounds.obj
 0001:000095a0       ??0GeometryUnion@Gu@physx@@QEAA@W4PxEMPTY@2@@Z 000000018000a5a0 f i GuGeometryUnion.obj
 0001:000095a0       ??0HeightFieldData@Gu@physx@@QEAA@W4PxEMPTY@2@@Z 000000018000a5a0 f i GuBounds.obj
 0001:000095a0       ??0MaterialIndicesStruct@physx@@QEAA@W4PxEMPTY@1@@Z 000000018000a5a0 f i GuGeometryUnion.obj
 0001:000095a0       ?getAABB@AABBTreeBuildNode@Gu@physx@@QEBAAEBVPxBounds3@3@XZ 000000018000a5a0 f i GuAABBTreeBuild.obj
 0001:000095a0       ?getGeometry@GeometryUnion@Gu@physx@@QEBAAEBVPxGeometry@3@XZ 000000018000a5a0 f i GuGeometryUnion.obj
 0001:000095a0       ?getPaddedBounds@HeightFieldData@Gu@physx@@QEBAAEBVCenterExtentsPadded@23@XZ 000000018000a5a0 f i GuBounds.obj
 0001:000095b0       ??0HeightFieldData@Gu@physx@@QEAA@$$QEAU012@@Z 000000018000a5b0 f i GuBounds.obj
 0001:000095b0       ??0HeightFieldData@Gu@physx@@QEAA@AEBU012@@Z 000000018000a5b0 f i GuBounds.obj
 0001:000095b0       ??4HeightFieldData@Gu@physx@@QEAAAEAU012@$$QEAU012@@Z 000000018000a5b0 f i GuBounds.obj
 0001:000095b0       ??4HeightFieldData@Gu@physx@@QEAAAEAU012@AEBU012@@Z 000000018000a5b0 f i GuBounds.obj
 0001:00009610       ??0HeightFieldData@Gu@physx@@QEAA@XZ 000000018000a610 f i GuBounds.obj
 0001:00009620       ??0PxQuat@physx@@QEAA@AEBVPxMat33@1@@Z 000000018000a620 f i GuBounds.obj
 0001:00009810       ??0ShapeData@Gu@physx@@QEAA@AEBVPxGeometry@2@AEBVPxTransform@2@M@Z 000000018000a810 f   GuBounds.obj
 0001:00009d80       ??1PxConvexMesh@physx@@MEAA@XZ 000000018000ad80 f i GuBounds.obj
 0001:00009d80       ??1PxHeightField@physx@@MEAA@XZ 000000018000ad80 f i GuBounds.obj
 0001:00009d90       ??_EPxBVHStructure@physx@@MEAAPEAXI@Z 000000018000ad90 f i GuBVHStructure.obj
 0001:00009d90       ??_EPxBase@physx@@MEAAPEAXI@Z 000000018000ad90 f i GuBounds.obj
 0001:00009d90       ??_EPxTriangleMesh@physx@@MEAAPEAXI@Z 000000018000ad90 f i GuTriangleMesh.obj
 0001:00009d90       ??_GPxBVHStructure@physx@@MEAAPEAXI@Z 000000018000ad90 f i GuBVHStructure.obj
 0001:00009d90       ??_GPxBase@physx@@MEAAPEAXI@Z 000000018000ad90 f i GuBounds.obj
 0001:00009d90       ??_GPxTriangleMesh@physx@@MEAAPEAXI@Z 000000018000ad90 f i GuTriangleMesh.obj
 0001:00009dc0       ??_H@YAXPEAX_K1P6APEAX0@Z@Z 000000018000adc0 f i GuBounds.obj
 0001:00009e10       ?computeAABBExtent@Box@Gu@physx@@QEBA?AVPxVec3@3@XZ 000000018000ae10 f i GuBounds.obj
 0001:00009ed0       ?computeBounds@Gu@physx@@YAXAEAVPxBounds3@2@AEBVPxGeometry@2@AEBVPxTransform@2@MPEIBVCenterExtentsPadded@12@M@Z 000000018000aed0 f   GuBounds.obj
 0001:0000a880       ?computeBoundsWithCCDThreshold@Gu@physx@@YAMAEAVVec3p@12@0AEBVPxGeometry@2@AEBVPxTransform@2@PEIBVCenterExtentsPadded@12@@Z 000000018000b880 f   GuBounds.obj
 0001:0000aa50       ?computeBoxPoints@Box@Gu@physx@@QEBAXPEIAVPxVec3@3@@Z 000000018000ba50 f i GuBounds.obj
 0001:0000b990       ?getConcreteTypeName@PxConvexMesh@physx@@UEBAPEBDXZ 000000018000c990 f i GuBounds.obj
 0001:0000b9a0       ?getConcreteTypeName@PxHeightField@physx@@UEBAPEBDXZ 000000018000c9a0 f i GuBounds.obj
 0001:0000b9b0       ?getConvexEdgeThreshold@HeightField@Gu@physx@@UEBAMXZ 000000018000c9b0 f i GuBounds.obj
 0001:0000b9c0       ?getFlags@HeightField@Gu@physx@@UEBA?AV?$PxFlags@W4Enum@PxHeightFieldFlag@physx@@G@3@XZ 000000018000c9c0 f i GuBounds.obj
 0001:0000b9d0       ?getFormat@HeightField@Gu@physx@@UEBA?AW4Enum@PxHeightFieldFormat@3@XZ 000000018000c9d0 f i GuBounds.obj
 0001:0000b9e0       ?getHeight@HeightField@Gu@physx@@UEBAMMM@Z 000000018000c9e0 f i GuBounds.obj
 0001:0000ba20       ?getHeightInternal2@HeightField@Gu@physx@@QEBAMIMM@Z 000000018000ca20 f i GuBounds.obj
 0001:0000bb90       ?getIndexBuffer@ConvexMesh@Gu@physx@@UEBAPEBEXZ 000000018000cb90 f i GuBounds.obj
 0001:0000bbd0       ?getNbPolygons@ConvexMesh@Gu@physx@@UEBAIXZ 000000018000cbd0 f i GuBounds.obj
 0001:0000bbe0       ?getNbRows@HeightField@Gu@physx@@UEBAIXZ 000000018000cbe0 f i GuBounds.obj
 0001:0000bbf0       ?getNbVertices@ConvexMesh@Gu@physx@@UEBAIXZ 000000018000cbf0 f i GuBounds.obj
 0001:0000bc00       ?getSample@HeightField@Gu@physx@@UEBAAEBUPxHeightFieldSample@3@II@Z 000000018000cc00 f i GuBounds.obj
 0001:0000bc10       ?getSampleStride@HeightField@Gu@physx@@UEBAIXZ 000000018000cc10 f i GuBounds.obj
 0001:0000bc20       ?getTimestamp@HeightField@Gu@physx@@UEBAIXZ 000000018000cc20 f i GuBounds.obj
 0001:0000bc30       ?getTransform@Box@Gu@physx@@QEBA?AVPxTransform@3@XZ 000000018000cc30 f i GuBounds.obj
 0001:0000bc90       ?getTriangleMaterialIndex@HeightField@Gu@physx@@UEBAGI@Z 000000018000cc90 f i GuBounds.obj
 0001:0000bcb0       ?getTriangleNormal@HeightField@Gu@physx@@UEBA?AVPxVec3@3@I@Z 000000018000ccb0 f i GuBounds.obj
 0001:0000bdc0       ?getVertices@ConvexMesh@Gu@physx@@UEBAPEBVPxVec3@3@XZ 000000018000cdc0 f i GuBounds.obj
 0001:0000bde0       ?isKindOf@PxBase@physx@@MEBA_NPEBD@Z 000000018000cde0 f i GuBounds.obj
 0001:0000be00       ?isKindOf@PxConvexMesh@physx@@MEBA_NPEBD@Z 000000018000ce00 f i GuBounds.obj
 0001:0000be40       ?isKindOf@PxHeightField@physx@@MEBA_NPEBD@Z 000000018000ce40 f i GuBounds.obj
 0001:0000be80       ?isReleasable@PxBase@physx@@UEBA_NXZ 000000018000ce80 f i GuBounds.obj
 0001:0000be90       ?isValid@Box@Gu@physx@@QEBA_NXZ 000000018000ce90 f i GuBounds.obj
 0001:0000beb0       ?preExportDataReset@ConvexMesh@Gu@physx@@QEAAXXZ 000000018000ceb0 f i GuBounds.obj
 0001:0000beb0       ?preExportDataReset@HeightField@Gu@physx@@QEAAXXZ 000000018000ceb0 f i GuBounds.obj
 0001:0000bec0       ?rotate@Box@Gu@physx@@QEBA?AVPxVec3@3@AEBV43@@Z 000000018000cec0 f i GuBounds.obj
 0001:0000bf50       ?rotateInv@Box@Gu@physx@@QEBA?AVPxVec3@3@AEBV43@@Z 000000018000cf50 f i GuBounds.obj
 0001:0000bfe0       ?setAxes@Box@Gu@physx@@QEAAXAEBVPxVec3@3@00@Z 000000018000cfe0 f i GuBounds.obj
 0001:0000c020       ?setEmpty@Box@Gu@physx@@QEAAXXZ 000000018000d020 f i GuBounds.obj
 0001:0000c060       ?transform@Box@Gu@physx@@QEBA?AVPxVec3@3@AEBV43@@Z 000000018000d060 f i GuBounds.obj
 0001:0000c100       ?computeOBBPoints@Gu@physx@@YAXPEIAVPxVec3@2@AEBV32@1111@Z 000000018000d100 f   GuBox.obj
 0001:0000c390       ?create@Box@Gu@physx@@QEAAXAEBVCapsule@23@@Z 000000018000d390 f   GuBox.obj
 0001:0000c5d0       ?getBoxEdges@Gu@physx@@YAPEBEXZ 000000018000d5d0 f   GuBox.obj
 0001:0000c5e0       ?computeBoxAroundCapsule@Gu@physx@@YAXAEBVCapsule@12@AEAVBox@12@@Z 000000018000d5e0 f   GuCapsule.obj
 0001:0000c8b0       ??0HeightFieldTraceUtil@Gu@physx@@QEAA@AEBVPxHeightFieldGeometry@2@@Z 000000018000d8b0 f i GuCCTSweepTests.obj
 0001:0000c8b0       ??0HeightFieldUtil@Gu@physx@@QEAA@AEBVPxHeightFieldGeometry@2@@Z 000000018000d8b0 f i GuCCTSweepTests.obj
 0001:0000c8f0       ??4HeightFieldTraceUtil@Gu@physx@@QEAAAEAV012@$$QEAV012@@Z 000000018000d8f0 f i GuCCTSweepTests.obj
 0001:0000c8f0       ??4HeightFieldTraceUtil@Gu@physx@@QEAAAEAV012@AEBV012@@Z 000000018000d8f0 f i GuCCTSweepTests.obj
 0001:0000c8f0       ??4HeightFieldUtil@Gu@physx@@QEAAAEAV012@AEBV012@@Z 000000018000d8f0 f i GuCCTSweepTests.obj
 0001:0000c910       ??4HeightFieldUtil@Gu@physx@@QEAAAEAV012@$$QEAV012@@Z 000000018000d910 f i GuCCTSweepTests.obj
 0001:0000c940       ??_E?$EntityReport@I@Gu@physx@@UEAAPEAXI@Z 000000018000d940 f i GuCCTSweepTests.obj
 0001:0000c940       ??_G?$EntityReport@I@Gu@physx@@UEAAPEAXI@Z 000000018000d940 f i GuCCTSweepTests.obj
 0001:0000c9a0       ?ceilUp@HeightFieldTraceUtil@Gu@physx@@SAMM@Z 000000018000d9a0 f i GuCCTSweepTests.obj
 0001:0000c9e0       ?computePointNormal@HeightFieldUtil@Gu@physx@@QEBA?AVPxVec3@3@IAEBV43@AEBVPxTransform@3@MMMMAEAM@Z 000000018000d9e0 f i GuCCTSweepTests.obj
 0001:0000ce00       ?floorDown@HeightFieldTraceUtil@Gu@physx@@SAMM@Z 000000018000de00 f i GuCCTSweepTests.obj
 0001:0000ce40       ?getFeatureIndex@HeightFieldUtil@Gu@physx@@SAII@Z 000000018000de40 f i GuCCTSweepTests.obj
 0001:0000ce50       ?getFeatureType@HeightFieldUtil@Gu@physx@@SA?AW4Feature@123@I@Z 000000018000de50 f i GuCCTSweepTests.obj
 0001:0000ce60       ?getHeightAtShapePoint@HeightFieldUtil@Gu@physx@@QEBAMMM@Z 000000018000de60 f i GuCCTSweepTests.obj
 0001:0000cec0       ?getNormalAtShapePoint@HeightFieldUtil@Gu@physx@@QEBA?AVPxVec3@3@MM@Z 000000018000dec0 f i GuCCTSweepTests.obj
 0001:0000cf80       ?getNormal_2@HeightField@Gu@physx@@QEBA?AVPxVec3@3@IMMMMM@Z 000000018000df80 f i GuCCTSweepTests.obj
 0001:0000d090       ?getOneOverColumnScale@HeightFieldUtil@Gu@physx@@QEBAMXZ 000000018000e090 f i GuCCTSweepTests.obj
 0001:0000d0a0       ?getOneOverHeightScale@HeightFieldUtil@Gu@physx@@QEBAMXZ 000000018000e0a0 f i GuCCTSweepTests.obj
 0001:0000d0b0       ?getOneOverRowScale@HeightFieldUtil@Gu@physx@@QEBAMXZ 000000018000e0b0 f i GuCCTSweepTests.obj
 0001:0000d0c0       ?getVertexNormal@HeightFieldUtil@Gu@physx@@QEBA?AVPxVec3@3@I@Z 000000018000e0c0 f i GuCCTSweepTests.obj
 0001:0000d0f0       ?hf2shapen@HeightFieldUtil@Gu@physx@@QEBA?AVPxVec3@3@AEBV43@@Z 000000018000e0f0 f i GuCCTSweepTests.obj
 0001:0000d0f0       ?shape2hfp@HeightFieldUtil@Gu@physx@@QEBA?AVPxVec3@3@AEBV43@@Z 000000018000e0f0 f i GuCCTSweepTests.obj
 0001:0000d130       ?hf2shapep@HeightFieldUtil@Gu@physx@@QEBA?AVPxVec3@3@AEBV43@@Z 000000018000e130 f i GuCCTSweepTests.obj
 0001:0000d170       ?hf2worldn@HeightFieldUtil@Gu@physx@@QEBA?AVPxVec3@3@AEBVPxTransform@3@AEBV43@@Z 000000018000e170 f i GuCCTSweepTests.obj
 0001:0000d2e0       ?hf2worldp@HeightFieldUtil@Gu@physx@@QEBA?AVPxVec3@3@AEBVPxTransform@3@AEBV43@@Z 000000018000e2e0 f i GuCCTSweepTests.obj
 0001:0000d460       ?isCollisionVertex@HeightFieldUtil@Gu@physx@@QEBA_NIII@Z 000000018000e460 f i GuCCTSweepTests.obj
 0001:0000d480       ?isQueryVertex@HeightFieldUtil@Gu@physx@@QEBA_NIII@Z 000000018000e480 f i GuCCTSweepTests.obj
 0001:0000d540       ?isShapePointOnHeightField@HeightFieldUtil@Gu@physx@@QEBA_NMM@Z 000000018000e540 f i GuCCTSweepTests.obj
 0001:0000d590       ?makeFeatureCode@HeightFieldUtil@Gu@physx@@SAIIW4Feature@123@@Z 000000018000e590 f i GuCCTSweepTests.obj
 0001:0000d750       ?sweepBoxTriangles_Precise@Gu@physx@@YA_NIPEBVPxTriangle@2@_NAEBVPxBoxGeometry@2@AEBVPxTransform@2@AEBVPxVec3@2@MAEAUPxSweepHit@2@PEBIMV?$PxFlags@W4Enum@PxHitFlag@physx@@G@2@@Z 000000018000e750 f   GuCCTSweepTests.obj
 0001:0000e4f0       ?sweepBox_BoxGeom_Precise@@YA_NAEBVPxGeometry@physx@@AEBVPxTransform@2@AEBVPxBoxGeometry@2@1AEBVBox@Gu@2@AEBVPxVec3@2@MAEAUPxSweepHit@2@V?$PxFlags@W4Enum@PxHitFlag@physx@@G@2@M@Z 000000018000f4f0 f   GuCCTSweepTests.obj
 0001:0000e6b0       ?sweepBox_CapsuleGeom_Precise@@YA_NAEBVPxGeometry@physx@@AEBVPxTransform@2@AEBVPxBoxGeometry@2@1AEBVBox@Gu@2@AEBVPxVec3@2@MAEAUPxSweepHit@2@V?$PxFlags@W4Enum@PxHitFlag@physx@@G@2@M@Z 000000018000f6b0 f   GuCCTSweepTests.obj
 0001:0000ea80       ?sweepBox_HeightFieldGeom_Precise@@YA_NAEBVPxGeometry@physx@@AEBVPxTransform@2@AEBVPxBoxGeometry@2@1AEBVBox@Gu@2@AEBVPxVec3@2@MAEAUPxSweepHit@2@V?$PxFlags@W4Enum@PxHitFlag@physx@@G@2@M@Z 000000018000fa80 f   GuCCTSweepTests.obj
 0001:0000ee40       ?sweepBox_SphereGeom_Precise@@YA_NAEBVPxGeometry@physx@@AEBVPxTransform@2@AEBVPxBoxGeometry@2@1AEBVBox@Gu@2@AEBVPxVec3@2@MAEAUPxSweepHit@2@V?$PxFlags@W4Enum@PxHitFlag@physx@@G@2@M@Z 000000018000fe40 f   GuCCTSweepTests.obj
 0001:0000f110       ?sweepCapsule_BoxGeom_Precise@@YA_NAEBVPxGeometry@physx@@AEBVPxTransform@2@AEBVPxCapsuleGeometry@2@1AEBVCapsule@Gu@2@AEBVPxVec3@2@MAEAUPxSweepHit@2@V?$PxFlags@W4Enum@PxHitFlag@physx@@G@2@M@Z 0000000180010110 f   GuCCTSweepTests.obj
 0001:0000f780       ?computePenetration@PxGeometryQuery@physx@@SA_NAEAVPxVec3@2@AEAMAEBVPxGeometry@2@AEBVPxTransform@2@23@Z 0000000180010780 f   GuGeometryQuery.obj
 0001:0000f860       ?getWorldBounds@PxGeometryQuery@physx@@SA?AVPxBounds3@2@AEBVPxGeometry@2@AEBVPxTransform@2@M@Z 0000000180010860 f   GuGeometryQuery.obj
 0001:0000f8c0       ?isFinite@PxQuat@physx@@QEBA_NXZ 00000001800108c0 f i GuGeometryQuery.obj
 0001:0000f930       ?isValid@PxGeometryQuery@physx@@SA_NAEBVPxGeometry@2@@Z 0000000180010930 f   GuGeometryQuery.obj
 0001:0000fb30       ?overlap@PxGeometryQuery@physx@@SA_NAEBVPxGeometry@2@AEBVPxTransform@2@01@Z 0000000180010b30 f   GuGeometryQuery.obj
 0001:0000fbd0       ?pointDistance@PxGeometryQuery@physx@@SAMAEBVPxVec3@2@AEBVPxGeometry@2@AEBVPxTransform@2@PEAV32@@Z 0000000180010bd0 f   GuGeometryQuery.obj
 0001:00010210       ?raycast@PxGeometryQuery@physx@@SAIAEBVPxVec3@2@0AEBVPxGeometry@2@AEBVPxTransform@2@MV?$PxFlags@W4Enum@PxHitFlag@physx@@G@2@IPEIAUPxRaycastHit@2@@Z 0000000180011210 f   GuGeometryQuery.obj
 0001:000102b0       ?sweep@PxGeometryQuery@physx@@SA_NAEBVPxVec3@2@MAEBVPxGeometry@2@AEBVPxTransform@2@12AEAUPxSweepHit@2@V?$PxFlags@W4Enum@PxHitFlag@physx@@G@2@M@Z 00000001800112b0 f   GuGeometryQuery.obj
 0001:00010670       ??0GeometryUnion@Gu@physx@@QEAA@AEBVPxGeometry@2@@Z 0000000180011670 f i GuGeometryUnion.obj
 0001:00010690       ??0GeometryUnion@Gu@physx@@QEAA@XZ 0000000180011690 f i GuGeometryUnion.obj
 0001:000106a0       ??0MaterialIndicesStruct@physx@@QEAA@XZ 00000001800116a0 f i GuGeometryUnion.obj
 0001:000106c0       ??4GeometryUnion@Gu@physx@@QEAAAEAV012@$$QEAV012@@Z 00000001800116c0 f i GuGeometryUnion.obj
 0001:000106c0       ??4GeometryUnion@Gu@physx@@QEAAAEAV012@AEBV012@@Z 00000001800116c0 f i GuGeometryUnion.obj
 0001:000106f0       ?allocate@MaterialIndicesStruct@physx@@QEAAXG@Z 00000001800116f0 f i GuGeometryUnion.obj
 0001:00010770       ?deallocate@MaterialIndicesStruct@physx@@QEAAXXZ 0000000180011770 f i GuGeometryUnion.obj
 0001:000107c0       ?getCount@BuildStats@Gu@physx@@QEBAIXZ 00000001800117c0 f i GuAABBTreeBuild.obj
 0001:000107c0       ?getNumAxes@SeparatingAxes@Gu@physx@@QEBAIXZ 00000001800117c0 f i GuMTD.obj
 0001:000107c0       ?getType@GeometryUnion@Gu@physx@@QEBA?AW4Enum@PxGeometryType@3@XZ 00000001800117c0 f i GuGeometryUnion.obj
 0001:000107d0       ?set@GeometryUnion@Gu@physx@@QEAAXAEBVPxGeometry@3@@Z 00000001800117d0 f   GuGeometryUnion.obj
 0001:000109a0       ?computeBoundsAroundVertices@Gu@physx@@YAXAEAVPxBounds3@2@IPEIBVPxVec3@2@@Z 00000001800119a0 f   GuInternal.obj
 0001:00010a40       ?computeBoxPoints@Gu@physx@@YAXAEBVPxBounds3@2@PEIAVPxVec3@2@@Z 0000000180011a40 f   GuInternal.obj
 0001:00010ae0       ?computeSweptBox@Gu@physx@@YAXAEAVBox@12@AEBVPxVec3@2@1AEBVPxMat33@2@1M@Z 0000000180011ae0 f   GuInternal.obj
 0001:00011020       ?getPlane@Gu@physx@@YA?AVPxPlane@2@AEBVPxTransform@2@@Z 0000000180012020 f   GuInternal.obj
 0001:000110d0       ??$?_UI@@YAPEAX_KV?$ReflectionAllocator@I@shdfnd@physx@@PEBDH@Z 00000001800120d0 f i GuMeshFactory.obj
 0001:00011170       ??0GuMeshFactory@physx@@QEAA@XZ 0000000180012170 f   GuMeshFactory.obj
 0001:00011310       ??1GuMeshFactory@physx@@MEAA@XZ 0000000180012310 f   GuMeshFactory.obj
 0001:00011410       ??1MeshDataBase@Gu@physx@@UEAA@XZ 0000000180012410 f i GuMeshFactory.obj
 0001:00011510       ??1TriangleMeshData@Gu@physx@@UEAA@XZ 0000000180012510 f i GuMeshFactory.obj
 0001:000115e0       ??_EGuMeshFactory@physx@@MEAAPEAXI@Z 00000001800125e0 f i GuMeshFactory.obj
 0001:00011700       ??_EBV4TriangleData@Gu@physx@@UEAAPEAXI@Z 0000000180012700 f i GuMeshFactory.obj
 0001:00011700       ??_GBV4TriangleData@Gu@physx@@UEAAPEAXI@Z 0000000180012700 f i GuMeshFactory.obj
 0001:00011790       ??_EMeshDataBase@Gu@physx@@UEAAPEAXI@Z 0000000180012790 f i GuMeshFactory.obj
 0001:00011790       ??_GMeshDataBase@Gu@physx@@UEAAPEAXI@Z 0000000180012790 f i GuMeshFactory.obj
 0001:00011800       ??_ERTreeTriangleData@Gu@physx@@UEAAPEAXI@Z 0000000180012800 f i GuMeshFactory.obj
 0001:00011800       ??_GRTreeTriangleData@Gu@physx@@UEAAPEAXI@Z 0000000180012800 f i GuMeshFactory.obj
 0001:000118c0       ??_ETriangleMeshData@Gu@physx@@UEAAPEAXI@Z 00000001800128c0 f i GuMeshFactory.obj
 0001:000118c0       ??_GTriangleMeshData@Gu@physx@@UEAAPEAXI@Z 00000001800128c0 f i GuMeshFactory.obj
 0001:00011930       ?__global_array_delete@@YAXPEAX_K@Z 0000000180012930 f i GuMeshFactory.obj
 0001:00011940       ??_V@YAXPEAX_K@Z           0000000180012940 f i MSVCRT:delete_array_size.obj
 0001:00011940       ?__global_delete@@YAXPEAX_K@Z 0000000180012940 f i GuMeshFactory.obj
 0001:00011950       ?addBVHStructure@GuMeshFactory@physx@@QEAAXPEAVBVHStructure@Gu@2@_N@Z 0000000180012950 f   GuMeshFactory.obj
 0001:000119d0       ?addConvexMesh@GuMeshFactory@physx@@QEAAXPEAVConvexMesh@Gu@2@_N@Z 00000001800129d0 f   GuMeshFactory.obj
 0001:00011a50       ?addFactoryListener@GuMeshFactory@physx@@QEAAXAEAVGuMeshFactoryListener@2@@Z 0000000180012a50 f   GuMeshFactory.obj
 0001:00011ac0       ?addHeightField@GuMeshFactory@physx@@QEAAXPEAVHeightField@Gu@2@_N@Z 0000000180012ac0 f   GuMeshFactory.obj
 0001:00011b40       ?addTriangleMesh@GuMeshFactory@physx@@QEAAXPEAVTriangleMesh@Gu@2@_N@Z 0000000180012b40 f   GuMeshFactory.obj
 0001:00011bc0       ?create@?$HashBase@PEAVBVHStructure@Gu@physx@@PEAV123@U?$Hash@PEAVBVHStructure@Gu@physx@@@shdfnd@3@UGetKey@?$HashSetBase@PEAVBVHStructure@Gu@physx@@U?$Hash@PEAVBVHStructure@Gu@physx@@@shdfnd@3@VNonTrackingAllocator@53@$00@internal@53@VNonTrackingAllocator@53@$00@internal@shdfnd@physx@@QEAAPEAPEAVBVHStructure@Gu@4@AEBQEAV564@AEA_N@Z 0000000180012bc0 f i GuMeshFactory.obj
 0001:00011bc0       ?create@?$HashBase@PEAVConvexMesh@Gu@physx@@PEAV123@U?$Hash@PEAVConvexMesh@Gu@physx@@@shdfnd@3@UGetKey@?$HashSetBase@PEAVConvexMesh@Gu@physx@@U?$Hash@PEAVConvexMesh@Gu@physx@@@shdfnd@3@VNonTrackingAllocator@53@$00@internal@53@VNonTrackingAllocator@53@$00@internal@shdfnd@physx@@QEAAPEAPEAVConvexMesh@Gu@4@AEBQEAV564@AEA_N@Z 0000000180012bc0 f i GuMeshFactory.obj
 0001:00011bc0       ?create@?$HashBase@PEAVHeightField@Gu@physx@@PEAV123@U?$Hash@PEAVHeightField@Gu@physx@@@shdfnd@3@UGetKey@?$HashSetBase@PEAVHeightField@Gu@physx@@U?$Hash@PEAVHeightField@Gu@physx@@@shdfnd@3@VNonTrackingAllocator@53@$00@internal@53@VNonTrackingAllocator@53@$00@internal@shdfnd@physx@@QEAAPEAPEAVHeightField@Gu@4@AEBQEAV564@AEA_N@Z 0000000180012bc0 f i GuMeshFactory.obj
 0001:00011bc0       ?create@?$HashBase@PEAVTriangleMesh@Gu@physx@@PEAV123@U?$Hash@PEAVTriangleMesh@Gu@physx@@@shdfnd@3@UGetKey@?$HashSetBase@PEAVTriangleMesh@Gu@physx@@U?$Hash@PEAVTriangleMesh@Gu@physx@@@shdfnd@3@VNonTrackingAllocator@53@$00@internal@53@VNonTrackingAllocator@53@$00@internal@shdfnd@physx@@QEAAPEAPEAVTriangleMesh@Gu@4@AEBQEAV564@AEA_N@Z 0000000180012bc0 f i GuMeshFactory.obj
 0001:00011d50       ?createBVHStructure@GuMeshFactory@physx@@IEAAPEAVPxBVHStructure@2@AEAUBVHStructureData@Gu@2@@Z 0000000180012d50 f   GuMeshFactory.obj
 0001:00011e50       ?createBVHStructure@GuMeshFactory@physx@@QEAAPEAVPxBVHStructure@2@AEAVPxInputStream@2@@Z 0000000180012e50 f   GuMeshFactory.obj
 0001:00011f70       ?createBVHStructure@GuMeshFactory@physx@@QEAAPEAVPxBVHStructure@2@PEAX@Z 0000000180012f70 f   GuMeshFactory.obj
 0001:00011f80       ?createConvexMesh@GuMeshFactory@physx@@IEAAPEAVPxConvexMesh@2@AEAUConvexHullInitData@Gu@2@@Z 0000000180012f80 f   GuMeshFactory.obj
 0001:00012080       ?createConvexMesh@GuMeshFactory@physx@@QEAAPEAVPxConvexMesh@2@AEAVPxInputStream@2@@Z 0000000180013080 f   GuMeshFactory.obj
 0001:000121a0       ?createConvexMesh@GuMeshFactory@physx@@QEAAPEAVPxConvexMesh@2@PEAX@Z 00000001800131a0 f   GuMeshFactory.obj
 0001:000121b0       ?createHeightField@GuMeshFactory@physx@@QEAAPEAVPxHeightField@2@AEAVPxInputStream@2@@Z 00000001800131b0 f   GuMeshFactory.obj
 0001:000122d0       ?createHeightField@GuMeshFactory@physx@@QEAAPEAVPxHeightField@2@PEAX@Z 00000001800132d0 f   GuMeshFactory.obj
 0001:000123d0       ?createTriangleMesh@GuMeshFactory@physx@@IEAAPEAVPxTriangleMesh@2@AEAVTriangleMeshData@Gu@2@@Z 00000001800133d0 f   GuMeshFactory.obj
 0001:00012560       ?createTriangleMesh@GuMeshFactory@physx@@QEAAPEAVPxTriangleMesh@2@AEAVPxInputStream@2@@Z 0000000180013560 f   GuMeshFactory.obj
 0001:000125c0       ?createTriangleMesh@GuMeshFactory@physx@@QEAAPEAVPxTriangleMesh@2@PEAX@Z 00000001800135c0 f   GuMeshFactory.obj
 0001:000125d0       ?erase@?$HashBase@PEAVBVHStructure@Gu@physx@@PEAV123@U?$Hash@PEAVBVHStructure@Gu@physx@@@shdfnd@3@UGetKey@?$HashSetBase@PEAVBVHStructure@Gu@physx@@U?$Hash@PEAVBVHStructure@Gu@physx@@@shdfnd@3@VNonTrackingAllocator@53@$00@internal@53@VNonTrackingAllocator@53@$00@internal@shdfnd@physx@@QEAA_NAEBQEAVBVHStructure@Gu@4@@Z 00000001800135d0 f i GuMeshFactory.obj
 0001:000125d0       ?erase@?$HashBase@PEAVConvexMesh@Gu@physx@@PEAV123@U?$Hash@PEAVConvexMesh@Gu@physx@@@shdfnd@3@UGetKey@?$HashSetBase@PEAVConvexMesh@Gu@physx@@U?$Hash@PEAVConvexMesh@Gu@physx@@@shdfnd@3@VNonTrackingAllocator@53@$00@internal@53@VNonTrackingAllocator@53@$00@internal@shdfnd@physx@@QEAA_NAEBQEAVConvexMesh@Gu@4@@Z 00000001800135d0 f i GuMeshFactory.obj
 0001:000125d0       ?erase@?$HashBase@PEAVHeightField@Gu@physx@@PEAV123@U?$Hash@PEAVHeightField@Gu@physx@@@shdfnd@3@UGetKey@?$HashSetBase@PEAVHeightField@Gu@physx@@U?$Hash@PEAVHeightField@Gu@physx@@@shdfnd@3@VNonTrackingAllocator@53@$00@internal@53@VNonTrackingAllocator@53@$00@internal@shdfnd@physx@@QEAA_NAEBQEAVHeightField@Gu@4@@Z 00000001800135d0 f i GuMeshFactory.obj
 0001:000125d0       ?erase@?$HashBase@PEAVTriangleMesh@Gu@physx@@PEAV123@U?$Hash@PEAVTriangleMesh@Gu@physx@@@shdfnd@3@UGetKey@?$HashSetBase@PEAVTriangleMesh@Gu@physx@@U?$Hash@PEAVTriangleMesh@Gu@physx@@@shdfnd@3@VNonTrackingAllocator@53@$00@internal@53@VNonTrackingAllocator@53@$00@internal@shdfnd@physx@@QEAA_NAEBQEAVTriangleMesh@Gu@4@@Z 00000001800135d0 f i GuMeshFactory.obj
 0001:00012750       ?getBVHStructures@GuMeshFactory@physx@@QEBAIPEAPEAVPxBVHStructure@2@II@Z 0000000180013750 f   GuMeshFactory.obj
 0001:00012820       ?getConvexMeshes@GuMeshFactory@physx@@QEBAIPEAPEAVPxConvexMesh@2@II@Z 0000000180013820 f   GuMeshFactory.obj
 0001:000128f0       ?getHeightFields@GuMeshFactory@physx@@QEBAIPEAPEAVPxHeightField@2@II@Z 00000001800138f0 f   GuMeshFactory.obj
 0001:000129c0       ?getNbBVHStructures@GuMeshFactory@physx@@QEBAIXZ 00000001800139c0 f   GuMeshFactory.obj
 0001:00012a00       ?getNbConvexMeshes@GuMeshFactory@physx@@QEBAIXZ 0000000180013a00 f   GuMeshFactory.obj
 0001:00012a40       ?getNbHeightFields@GuMeshFactory@physx@@QEBAIXZ 0000000180013a40 f   GuMeshFactory.obj
 0001:00012a80       ?getNbTriangleMeshes@GuMeshFactory@physx@@QEBAIXZ 0000000180013a80 f   GuMeshFactory.obj
 0001:00012ac0       ?getTriangleMeshes@GuMeshFactory@physx@@QEBAIPEAPEAVPxTriangleMesh@2@II@Z 0000000180013ac0 f   GuMeshFactory.obj
 0001:00012b90       ?growAndPushBack@?$Array@PEAVGuMeshFactoryListener@physx@@V?$ReflectionAllocator@PEAVGuMeshFactoryListener@physx@@@shdfnd@2@@shdfnd@physx@@IEAAAEAPEAVGuMeshFactoryListener@3@AEBQEAV43@@Z 0000000180013b90 f i GuMeshFactory.obj
 0001:00013ba0       ?notifyFactoryListener@GuMeshFactory@physx@@QEAAXPEBVPxBase@2@G@Z 0000000180014ba0 f   GuMeshFactory.obj
 0001:00013c10       ?release@GuMeshFactory@physx@@QEAAXXZ 0000000180014c10 f   GuMeshFactory.obj
 0001:00013cc0       ?removeBVHStructure@GuMeshFactory@physx@@QEAA_NAEAVPxBVHStructure@2@@Z 0000000180014cc0 f   GuMeshFactory.obj
 0001:00013d10       ?removeConvexMesh@GuMeshFactory@physx@@QEAA_NAEAVPxConvexMesh@2@@Z 0000000180014d10 f   GuMeshFactory.obj
 0001:00013d60       ?removeFactoryListener@GuMeshFactory@physx@@QEAAXAEAVGuMeshFactoryListener@2@@Z 0000000180014d60 f   GuMeshFactory.obj
 0001:00013de0       ?removeHeightField@GuMeshFactory@physx@@QEAA_NAEAVPxHeightField@2@@Z 0000000180014de0 f   GuMeshFactory.obj
 0001:00013e30       ?removeTriangleMesh@GuMeshFactory@physx@@QEAA_NAEAVPxTriangleMesh@2@@Z 0000000180014e30 f   GuMeshFactory.obj
 0001:00013e80       ?reserveInternal@?$HashBase@PEAVBVHStructure@Gu@physx@@PEAV123@U?$Hash@PEAVBVHStructure@Gu@physx@@@shdfnd@3@UGetKey@?$HashSetBase@PEAVBVHStructure@Gu@physx@@U?$Hash@PEAVBVHStructure@Gu@physx@@@shdfnd@3@VNonTrackingAllocator@53@$00@internal@53@VNonTrackingAllocator@53@$00@internal@shdfnd@physx@@AEAAXI@Z 0000000180014e80 f i GuMeshFactory.obj
 0001:00013e80       ?reserveInternal@?$HashBase@PEAVConvexMesh@Gu@physx@@PEAV123@U?$Hash@PEAVConvexMesh@Gu@physx@@@shdfnd@3@UGetKey@?$HashSetBase@PEAVConvexMesh@Gu@physx@@U?$Hash@PEAVConvexMesh@Gu@physx@@@shdfnd@3@VNonTrackingAllocator@53@$00@internal@53@VNonTrackingAllocator@53@$00@internal@shdfnd@physx@@AEAAXI@Z 0000000180014e80 f i GuMeshFactory.obj
 0001:00013e80       ?reserveInternal@?$HashBase@PEAVHeightField@Gu@physx@@PEAV123@U?$Hash@PEAVHeightField@Gu@physx@@@shdfnd@3@UGetKey@?$HashSetBase@PEAVHeightField@Gu@physx@@U?$Hash@PEAVHeightField@Gu@physx@@@shdfnd@3@VNonTrackingAllocator@53@$00@internal@53@VNonTrackingAllocator@53@$00@internal@shdfnd@physx@@AEAAXI@Z 0000000180014e80 f i GuMeshFactory.obj
 0001:00013e80       ?reserveInternal@?$HashBase@PEAVTriangleMesh@Gu@physx@@PEAV123@U?$Hash@PEAVTriangleMesh@Gu@physx@@@shdfnd@3@UGetKey@?$HashSetBase@PEAVTriangleMesh@Gu@physx@@U?$Hash@PEAVTriangleMesh@Gu@physx@@@shdfnd@3@VNonTrackingAllocator@53@$00@internal@53@VNonTrackingAllocator@53@$00@internal@shdfnd@physx@@AEAAXI@Z 0000000180014e80 f i GuMeshFactory.obj
 0001:00014040       ??4BigConvexData@physx@@QEAAAEAV01@AEBV01@@Z 0000000180015040 f i GuMetaData.obj
 0001:00014060       ?GetAdjacentVerts@BigConvexData@physx@@QEBAPEBEXZ 0000000180015060 f i GuMetaData.obj
 0001:00014070       ?GetNbNeighbors@BigConvexData@physx@@QEBAGI@Z 0000000180015070 f i GuMetaData.obj
 0001:00014070       ?GetValency@BigConvexData@physx@@QEBAGI@Z 0000000180015070 f i GuMetaData.obj
 0001:00014080       ?GetNbSamples@BigConvexData@physx@@QEBAIXZ 0000000180015080 f i GuMetaData.obj
 0001:00014090       ?GetNbVerts@BigConvexData@physx@@QEBAIXZ 0000000180015090 f i GuMetaData.obj
 0001:000140a0       ?GetNeighbors@BigConvexData@physx@@QEBAPEBEI@Z 00000001800150a0 f i GuMetaData.obj
 0001:000140b0       ?GetOffset@BigConvexData@physx@@QEBAGI@Z 00000001800150b0 f i GuMetaData.obj
 0001:000140c0       ?GetSubdiv@BigConvexData@physx@@QEBAIXZ 00000001800150c0 f i GuMetaData.obj
 0001:000140d0       ?getBinaryMetaData@BV4Tree@Gu@physx@@SAXAEAVPxOutputStream@3@@Z 00000001800150d0 f   GuMetaData.obj
 0001:00014480       ?getBinaryMetaData@BV4TriangleMesh@Gu@physx@@SAXAEAVPxOutputStream@3@@Z 0000000180015480 f   GuMetaData.obj
 0001:00014770       ?getBinaryMetaData@BigConvexData@physx@@SAXAEAVPxOutputStream@2@@Z 0000000180015770 f   GuMetaData.obj
 0001:00014a50       ?getBinaryMetaData@ConvexMesh@Gu@physx@@SAXAEAVPxOutputStream@3@@Z 0000000180015a50 f   GuMetaData.obj
 0001:000150f0       ?getBinaryMetaData@GeometryUnion@Gu@physx@@SAXAEAVPxOutputStream@3@@Z 00000001800160f0 f   GuMetaData.obj
 0001:00015770       ?getBinaryMetaData@HeightField@Gu@physx@@SAXAEAVPxOutputStream@3@@Z 0000000180016770 f   GuMetaData.obj
 0001:00015bc0       ?getBinaryMetaData@MaterialIndicesStruct@physx@@SAXAEAVPxOutputStream@2@@Z 0000000180016bc0 f   GuMetaData.obj
 0001:00015d70       ?getBinaryMetaData@RTree@Gu@physx@@SAXAEAVPxOutputStream@3@@Z 0000000180016d70 f   GuMetaData.obj
 0001:000160c0       ?getBinaryMetaData@RTreeTriangleMesh@Gu@physx@@SAXAEAVPxOutputStream@3@@Z 00000001800170c0 f   GuMetaData.obj
 0001:000169b0       ?getBinaryMetaData@TriangleMesh@Gu@physx@@SAXAEAVPxOutputStream@3@@Z 00000001800179b0 f   GuMetaData.obj
 0001:00017ed0       ?doSupport@?$SupportLocalImpl@VConvexHullV@Gu@physx@@@Gu@physx@@UEBA?AT__m128@@AEBT4@@Z 0000000180018ed0 f i GuMTD.obj
 0001:00017fb0       ?doSupport@?$SupportLocalImpl@VConvexHullV@Gu@physx@@@Gu@physx@@UEBAXAEBT__m128@@AEAT4@1@Z 0000000180018fb0 f i GuMTD.obj
 0001:00018310       ?populateVerts@?$SupportLocalImpl@VConvexHullV@Gu@physx@@@Gu@physx@@UEBAXPEBEIPEBVPxVec3@3@PEAT__m128@@@Z 0000000180019310 f i GuMTD.obj
 0001:00018370       ??_E?$SupportLocalImpl@VBoxV@Gu@physx@@@Gu@physx@@UEAAPEAXI@Z 0000000180019370 f i GuMTD.obj
 0001:00018370       ??_E?$SupportLocalImpl@VConvexHullNoScaleV@Gu@physx@@@Gu@physx@@UEAAPEAXI@Z 0000000180019370 f i GuMTD.obj
 0001:00018370       ??_E?$SupportLocalImpl@VConvexHullV@Gu@physx@@@Gu@physx@@UEAAPEAXI@Z 0000000180019370 f i GuMTD.obj
 0001:00018370       ??_E?$SupportLocalImpl@VTriangleV@Gu@physx@@@Gu@physx@@UEAAPEAXI@Z 0000000180019370 f i GuPCMContactConvexCommon.obj
 0001:00018370       ??_G?$SupportLocalImpl@VBoxV@Gu@physx@@@Gu@physx@@UEAAPEAXI@Z 0000000180019370 f i GuMTD.obj
 0001:00018370       ??_G?$SupportLocalImpl@VConvexHullNoScaleV@Gu@physx@@@Gu@physx@@UEAAPEAXI@Z 0000000180019370 f i GuMTD.obj
 0001:00018370       ??_G?$SupportLocalImpl@VConvexHullV@Gu@physx@@@Gu@physx@@UEAAPEAXI@Z 0000000180019370 f i GuMTD.obj
 0001:00018370       ??_G?$SupportLocalImpl@VTriangleV@Gu@physx@@@Gu@physx@@UEAAPEAXI@Z 0000000180019370 f i GuPCMContactConvexCommon.obj
 0001:000183a0       ?doSupport@?$SupportLocalImpl@VConvexHullNoScaleV@Gu@physx@@@Gu@physx@@UEBA?AT__m128@@AEBT4@@Z 00000001800193a0 f i GuMTD.obj
 0001:000183f0       ?doSupport@?$SupportLocalImpl@VConvexHullNoScaleV@Gu@physx@@@Gu@physx@@UEBAXAEBT__m128@@AEAT4@1@Z 00000001800193f0 f i GuMTD.obj
 0001:00018580       ?populateVerts@?$SupportLocalImpl@VBoxV@Gu@physx@@@Gu@physx@@UEBAXPEBEIPEBVPxVec3@3@PEAT__m128@@@Z 0000000180019580 f i GuMTD.obj
 0001:00018580       ?populateVerts@?$SupportLocalImpl@VConvexHullNoScaleV@Gu@physx@@@Gu@physx@@UEBAXPEBEIPEBVPxVec3@3@PEAT__m128@@@Z 0000000180019580 f i GuMTD.obj
 0001:000185c0       ?doSupport@?$SupportLocalImpl@VBoxV@Gu@physx@@@Gu@physx@@UEBA?AT__m128@@AEBT4@@Z 00000001800195c0 f i GuMTD.obj
 0001:000185f0       ?doSupport@?$SupportLocalImpl@VBoxV@Gu@physx@@@Gu@physx@@UEBAXAEBT__m128@@AEAT4@1@Z 00000001800195f0 f i GuMTD.obj
 0001:00018640       ??_ESupportLocal@Gu@physx@@UEAAPEAXI@Z 0000000180019640 f i GuMTD.obj
 0001:00018640       ??_GSupportLocal@Gu@physx@@UEAAPEAXI@Z 0000000180019640 f i GuMTD.obj
 0001:0001a860       ??$gjk@U?$LocalConvex@VCapsuleV@Gu@physx@@@Gu@physx@@U?$LocalConvex@VConvexHullV@Gu@physx@@@23@@Gu@physx@@YA?AW4GjkStatus@01@AEBU?$LocalConvex@VCapsuleV@Gu@physx@@@01@AEBU?$LocalConvex@VConvexHullV@Gu@physx@@@01@AEBT__m128@@2AEAT5@333@Z 000000018001b860 f i GuMTD.obj
 0001:0001b500       ??0MultiplePersistentContactManifold@Gu@physx@@QEAA@XZ 000000018001c500 f i GuMTD.obj
 0001:0001b560       ??0PolygonalBox@Gu@physx@@QEAA@AEBV012@@Z 000000018001c560 f i GuMTD.obj
 0001:0001b7e0       ??0SeparatingAxes@Gu@physx@@QEAA@$$QEAV012@@Z 000000018001c7e0 f i GuMTD.obj
 0001:0001b7e0       ??0SeparatingAxes@Gu@physx@@QEAA@AEBV012@@Z 000000018001c7e0 f i GuMTD.obj
 0001:0001b8f0       ??0SeparatingAxes@Gu@physx@@QEAA@XZ 000000018001c8f0 f i GuMTD.obj
 0001:0001b900       ??4MultiplePersistentContactManifold@Gu@physx@@QEAAAEAV012@$$QEAV012@@Z 000000018001c900 f i GuMTD.obj
 0001:0001bc10       ??4MultiplePersistentContactManifold@Gu@physx@@QEAAAEAV012@AEBV012@@Z 000000018001cc10 f i GuMTD.obj
 0001:0001bc30       ??4SeparatingAxes@Gu@physx@@QEAAAEAV012@$$QEAV012@@Z 000000018001cc30 f i GuMTD.obj
 0001:0001bc30       ??4SeparatingAxes@Gu@physx@@QEAAAEAV012@AEBV012@@Z 000000018001cc30 f i GuMTD.obj
 0001:0001bd40       ??_E?$LocalConvex@VBoxV@Gu@physx@@@Gu@physx@@UEAAPEAXI@Z 000000018001cd40 f i GuSweepTests.obj
 0001:0001bd40       ??_E?$LocalConvex@VCapsuleV@Gu@physx@@@Gu@physx@@UEAAPEAXI@Z 000000018001cd40 f i GuMTD.obj
 0001:0001bd40       ??_E?$LocalConvex@VConvexHullNoScaleV@Gu@physx@@@Gu@physx@@UEAAPEAXI@Z 000000018001cd40 f i GuPCMContactBoxConvex.obj
 0001:0001bd40       ??_E?$LocalConvex@VConvexHullV@Gu@physx@@@Gu@physx@@UEAAPEAXI@Z 000000018001cd40 f i GuMTD.obj
 0001:0001bd40       ??_E?$LocalConvex@VTriangleV@Gu@physx@@@Gu@physx@@UEAAPEAXI@Z 000000018001cd40 f i GuSweepTests.obj
 0001:0001bd40       ??_EGjkConvexBase@Gu@physx@@UEAAPEAXI@Z 000000018001cd40 f i GuMTD.obj
 0001:0001bd40       ??_G?$LocalConvex@VBoxV@Gu@physx@@@Gu@physx@@UEAAPEAXI@Z 000000018001cd40 f i GuSweepTests.obj
 0001:0001bd40       ??_G?$LocalConvex@VCapsuleV@Gu@physx@@@Gu@physx@@UEAAPEAXI@Z 000000018001cd40 f i GuMTD.obj
 0001:0001bd40       ??_G?$LocalConvex@VConvexHullNoScaleV@Gu@physx@@@Gu@physx@@UEAAPEAXI@Z 000000018001cd40 f i GuPCMContactBoxConvex.obj
 0001:0001bd40       ??_G?$LocalConvex@VConvexHullV@Gu@physx@@@Gu@physx@@UEAAPEAXI@Z 000000018001cd40 f i GuMTD.obj
 0001:0001bd40       ??_G?$LocalConvex@VTriangleV@Gu@physx@@@Gu@physx@@UEAAPEAXI@Z 000000018001cd40 f i GuSweepTests.obj
 0001:0001bd40       ??_GGjkConvexBase@Gu@physx@@UEAAPEAXI@Z 000000018001cd40 f i GuMTD.obj
 0001:0001c4b0       ?clearManifold@MultiplePersistentContactManifold@Gu@physx@@QEAAXXZ 000000018001d4b0 f i GuMTD.obj
 0001:0001fa40       ?getAxes@SeparatingAxes@Gu@physx@@QEBAPEBVPxVec3@3@XZ 0000000180020a40 f i GuMTD.obj
 0001:0001fa50       ?getCenter@?$LocalConvex@VBoxV@Gu@physx@@@Gu@physx@@UEBA?AT__m128@@XZ 0000000180020a50 f i GuSweepTests.obj
 0001:0001fa50       ?getCenter@?$LocalConvex@VCapsuleV@Gu@physx@@@Gu@physx@@UEBA?AT__m128@@XZ 0000000180020a50 f i GuMTD.obj
 0001:0001fa50       ?getCenter@?$LocalConvex@VConvexHullNoScaleV@Gu@physx@@@Gu@physx@@UEBA?AT__m128@@XZ 0000000180020a50 f i GuPCMContactBoxConvex.obj
 0001:0001fa50       ?getCenter@?$LocalConvex@VConvexHullV@Gu@physx@@@Gu@physx@@UEBA?AT__m128@@XZ 0000000180020a50 f i GuMTD.obj
 0001:0001fa50       ?getCenter@?$LocalConvex@VTriangleV@Gu@physx@@@Gu@physx@@UEBA?AT__m128@@XZ 0000000180020a50 f i GuSweepTests.obj
 0001:0001fa60       ?getEmptyManifold@MultiplePersistentContactManifold@Gu@physx@@QEAAPEAVSinglePersistentContactManifold@23@XZ 0000000180020a60 f i GuMTD.obj
 0001:0001fa80       ?getManifold@MultiplePersistentContactManifold@Gu@physx@@QEAAPEAVSinglePersistentContactManifold@23@I@Z 0000000180020a80 f i GuMTD.obj
 0001:0001faa0       ?getSweepMargin@?$LocalConvex@VCapsuleV@Gu@physx@@@Gu@physx@@UEBA?AT__m128@@XZ 0000000180020aa0 f i GuMTD.obj
 0001:0001faa0       ?getSweepMargin@?$RelativeConvex@VCapsuleV@Gu@physx@@@Gu@physx@@UEBA?AT__m128@@XZ 0000000180020aa0 f i GuCCDSweepPrimitives.obj
 0001:0001fab0       ?getSweepMargin@?$LocalConvex@VBoxV@Gu@physx@@@Gu@physx@@UEBA?AT__m128@@XZ 0000000180020ab0 f i GuSweepTests.obj
 0001:0001fab0       ?getSweepMargin@?$LocalConvex@VConvexHullNoScaleV@Gu@physx@@@Gu@physx@@UEBA?AT__m128@@XZ 0000000180020ab0 f i GuPCMContactBoxConvex.obj
 0001:0001fab0       ?getSweepMargin@?$LocalConvex@VConvexHullV@Gu@physx@@@Gu@physx@@UEBA?AT__m128@@XZ 0000000180020ab0 f i GuMTD.obj
 0001:0001fab0       ?getSweepMargin@?$RelativeConvex@VBoxV@Gu@physx@@@Gu@physx@@UEBA?AT__m128@@XZ 0000000180020ab0 f i GuOverlapTests.obj
 0001:0001fab0       ?getSweepMargin@?$RelativeConvex@VConvexHullNoScaleV@Gu@physx@@@Gu@physx@@UEBA?AT__m128@@XZ 0000000180020ab0 f i GuPCMContactConvexConvex.obj
 0001:0001fab0       ?getSweepMargin@?$RelativeConvex@VConvexHullV@Gu@physx@@@Gu@physx@@UEBA?AT__m128@@XZ 0000000180020ab0 f i GuOverlapTests.obj
 0001:0001fad0       ?hillClimbing@ConvexHullV@Gu@physx@@QEBAIAEBT__m128@@@Z 0000000180020ad0 f i GuMTD.obj
 0001:0001fd00       ?initialize@MultiplePersistentContactManifold@Gu@physx@@QEAAXXZ 0000000180020d00 f i GuMTD.obj
 0001:0001fd60       ?invalidate@MultiplePersistentContactManifold@Gu@physx@@QEAAIAEBVPsTransformV@aos@shdfnd@3@AEBT__m128@@1@Z 0000000180020d60 f i GuMTD.obj
 0001:0001fde0       ?invalidate@MultiplePersistentContactManifold@Gu@physx@@QEAAIAEBVPsTransformV@aos@shdfnd@3@AEBT__m128@@@Z 0000000180020de0 f i GuMTD.obj
 0001:0001fe60       ?maxTransformPositionDelta@MultiplePersistentContactManifold@Gu@physx@@QEAA?AT__m128@@AEBT4@@Z 0000000180020e60 f i GuMTD.obj
 0001:0001fea0       ?maxTransformQuatDelta@MultiplePersistentContactManifold@Gu@physx@@QEAA?AT__m128@@AEBT4@@Z 0000000180020ea0 f i GuMTD.obj
 0001:0001fee0       ?pointConvexDistance@@YA_NAEAVPxVec3@physx@@0AEAMAEBV12@PEBVConvexMesh@Gu@2@AEBVPxMeshScale@2@AEBVPxTransform@2@@Z 0000000180020ee0 f   GuMTD.obj
 0001:00020cb0       ?reduceManifoldContactsInDifferentPatches@MultiplePersistentContactManifold@Gu@physx@@QEAAIPEAPEAUPCMContactPatch@23@IPEAVMeshPersistentContact@23@IAEBT__m128@@@Z 0000000180021cb0 f i GuMTD.obj
 0001:00020e20       ?refineContactPatchConnective@MultiplePersistentContactManifold@Gu@physx@@QEAAXPEAPEAUPCMContactPatch@23@IPEAVMeshPersistentContact@23@AEBT__m128@@@Z 0000000180021e20 f i GuMTD.obj
 0001:00020f10       ?refreshManifold@MultiplePersistentContactManifold@Gu@physx@@QEAAXAEBVPsMatTransformV@aos@shdfnd@3@AEBT__m128@@1@Z 0000000180021f10 f i GuMTD.obj
 0001:00021010       ?reset@SeparatingAxes@Gu@physx@@QEAAXXZ 0000000180022010 f i GuMTD.obj
 0001:00021020       ?setRelativeTransform@MultiplePersistentContactManifold@Gu@physx@@QEAAXAEBVPsTransformV@aos@shdfnd@3@@Z 0000000180022020 f i GuMTD.obj
 0001:00021030       ?support@?$LocalConvex@VCapsuleV@Gu@physx@@@Gu@physx@@UEBA?AT__m128@@AEBT4@@Z 0000000180022030 f i GuMTD.obj
 0001:00021090       ?support@?$LocalConvex@VCapsuleV@Gu@physx@@@Gu@physx@@UEBA?AT__m128@@AEBT4@AEAH@Z 0000000180022090 f i GuMTD.obj
 0001:00021100       ?support@?$LocalConvex@VConvexHullV@Gu@physx@@@Gu@physx@@UEBA?AT__m128@@AEBT4@@Z 0000000180022100 f i GuMTD.obj
 0001:000211e0       ?support@?$LocalConvex@VConvexHullV@Gu@physx@@@Gu@physx@@UEBA?AT__m128@@AEBT4@AEAH@Z 00000001800221e0 f i GuMTD.obj
 0001:000212b0       ?supportPoint@?$LocalConvex@VCapsuleV@Gu@physx@@@Gu@physx@@UEBA?AT__m128@@H@Z 00000001800222b0 f i GuMTD.obj
 0001:000212e0       ?supportPoint@?$LocalConvex@VConvexHullV@Gu@physx@@@Gu@physx@@UEBA?AT__m128@@H@Z 00000001800222e0 f i GuMTD.obj
 0001:00021330       ?supportVertexIndex@ConvexHullV@Gu@physx@@QEBAIAEBT__m128@@@Z 0000000180022330 f i GuMTD.obj
 0001:00021590       ?toBuffer@MultiplePersistentContactManifold@Gu@physx@@QEAAXPEIAE@Z 0000000180022590 f i GuMTD.obj
 0001:00021670       ?supportPoint@?$RelativeConvex@VBoxV@Gu@physx@@@Gu@physx@@UEBA?AT__m128@@H@Z 0000000180022670 f i GuOverlapTests.obj
 0001:000216e0       ?support@?$RelativeConvex@VBoxV@Gu@physx@@@Gu@physx@@UEBA?AT__m128@@AEBT4@@Z 00000001800226e0 f i GuOverlapTests.obj
 0001:00021760       ?support@?$RelativeConvex@VBoxV@Gu@physx@@@Gu@physx@@UEBA?AT__m128@@AEBT4@AEAH@Z 0000000180022760 f i GuOverlapTests.obj
 0001:000217f0       ?getCenter@?$RelativeConvex@VBoxV@Gu@physx@@@Gu@physx@@UEBA?AT__m128@@XZ 00000001800227f0 f i GuOverlapTests.obj
 0001:000217f0       ?getCenter@?$RelativeConvex@VCapsuleV@Gu@physx@@@Gu@physx@@UEBA?AT__m128@@XZ 00000001800227f0 f i GuCCDSweepPrimitives.obj
 0001:000217f0       ?getCenter@?$RelativeConvex@VConvexHullNoScaleV@Gu@physx@@@Gu@physx@@UEBA?AT__m128@@XZ 00000001800227f0 f i GuPCMContactConvexConvex.obj
 0001:000217f0       ?getCenter@?$RelativeConvex@VConvexHullV@Gu@physx@@@Gu@physx@@UEBA?AT__m128@@XZ 00000001800227f0 f i GuOverlapTests.obj
 0001:000217f0       ?getCenter@?$RelativeConvex@VTriangleV@Gu@physx@@@Gu@physx@@UEBA?AT__m128@@XZ 00000001800227f0 f i GuCCDSweepPrimitives.obj
 0001:00021830       ??_E?$RelativeConvex@VBoxV@Gu@physx@@@Gu@physx@@UEAAPEAXI@Z 0000000180022830 f i GuOverlapTests.obj
 0001:00021830       ??_E?$RelativeConvex@VCapsuleV@Gu@physx@@@Gu@physx@@UEAAPEAXI@Z 0000000180022830 f i GuCCDSweepPrimitives.obj
 0001:00021830       ??_E?$RelativeConvex@VConvexHullNoScaleV@Gu@physx@@@Gu@physx@@UEAAPEAXI@Z 0000000180022830 f i GuPCMContactConvexConvex.obj
 0001:00021830       ??_E?$RelativeConvex@VConvexHullV@Gu@physx@@@Gu@physx@@UEAAPEAXI@Z 0000000180022830 f i GuOverlapTests.obj
 0001:00021830       ??_E?$RelativeConvex@VTriangleV@Gu@physx@@@Gu@physx@@UEAAPEAXI@Z 0000000180022830 f i GuCCDSweepPrimitives.obj
 0001:00021830       ??_G?$RelativeConvex@VBoxV@Gu@physx@@@Gu@physx@@UEAAPEAXI@Z 0000000180022830 f i GuOverlapTests.obj
 0001:00021830       ??_G?$RelativeConvex@VCapsuleV@Gu@physx@@@Gu@physx@@UEAAPEAXI@Z 0000000180022830 f i GuCCDSweepPrimitives.obj
 0001:00021830       ??_G?$RelativeConvex@VConvexHullNoScaleV@Gu@physx@@@Gu@physx@@UEAAPEAXI@Z 0000000180022830 f i GuPCMContactConvexConvex.obj
 0001:00021830       ??_G?$RelativeConvex@VConvexHullV@Gu@physx@@@Gu@physx@@UEAAPEAXI@Z 0000000180022830 f i GuOverlapTests.obj
 0001:00021830       ??_G?$RelativeConvex@VTriangleV@Gu@physx@@@Gu@physx@@UEAAPEAXI@Z 0000000180022830 f i GuCCDSweepPrimitives.obj
 0001:00023a50       ?supportPoint@?$RelativeConvex@VConvexHullV@Gu@physx@@@Gu@physx@@UEBA?AT__m128@@H@Z 0000000180024a50 f i GuOverlapTests.obj
 0001:00023ad0       ?support@?$RelativeConvex@VConvexHullV@Gu@physx@@@Gu@physx@@UEBA?AT__m128@@AEBT4@@Z 0000000180024ad0 f i GuOverlapTests.obj
 0001:00023c00       ?support@?$RelativeConvex@VConvexHullV@Gu@physx@@@Gu@physx@@UEBA?AT__m128@@AEBT4@AEAH@Z 0000000180024c00 f i GuOverlapTests.obj
 0001:00023d60       ??$gjk@U?$RelativeConvex@VBoxV@Gu@physx@@@Gu@physx@@U?$LocalConvex@VConvexHullV@Gu@physx@@@23@@Gu@physx@@YA?AW4GjkStatus@01@AEBU?$RelativeConvex@VBoxV@Gu@physx@@@01@AEBU?$LocalConvex@VConvexHullV@Gu@physx@@@01@AEBT__m128@@2AEAT5@333@Z 0000000180024d60 f i GuOverlapTests.obj
 0001:00024a30       ??$gjk@U?$RelativeConvex@VConvexHullV@Gu@physx@@@Gu@physx@@U?$LocalConvex@VConvexHullV@Gu@physx@@@23@@Gu@physx@@YA?AW4GjkStatus@01@AEBU?$RelativeConvex@VConvexHullV@Gu@physx@@@01@AEBU?$LocalConvex@VConvexHullV@Gu@physx@@@01@AEBT__m128@@2AEAT5@333@Z 0000000180025a30 f i GuOverlapTests.obj
 0001:00025790       ?ComputeCubemapNearestOffset@physx@@YAIAEBVPxVec3@1@I@Z 0000000180026790 f i GuOverlapTests.obj
 0001:000258a0       ?getOverlapFuncTable@Gu@physx@@YAPEAY06Q6A_NAEBVPxGeometry@2@AEBVPxTransform@2@01PEAUTriggerCache@12@@ZXZ 00000001800268a0 f   GuOverlapTests.obj
 0001:00027270       ?registerHeightFields@Gu@physx@@YAXXZ 0000000180028270 f   GuOverlapTests.obj
 0001:000272c0       ?raycast_box@@YAIAEBVPxGeometry@physx@@AEBVPxTransform@2@AEBVPxVec3@2@2MV?$PxFlags@W4Enum@PxHitFlag@physx@@G@2@IPEIAUPxRaycastHit@2@@Z 00000001800282c0 f   GuRaycastTests.obj
 0001:00027910       ?raycast_sphere@@YAIAEBVPxGeometry@physx@@AEBVPxTransform@2@AEBVPxVec3@2@2MV?$PxFlags@W4Enum@PxHitFlag@physx@@G@2@IPEIAUPxRaycastHit@2@@Z 0000000180028910 f   GuRaycastTests.obj
 0001:00027a90       ?raycast_capsule@@YAIAEBVPxGeometry@physx@@AEBVPxTransform@2@AEBVPxVec3@2@2MV?$PxFlags@W4Enum@PxHitFlag@physx@@G@2@IPEIAUPxRaycastHit@2@@Z 0000000180028a90 f   GuRaycastTests.obj
 0001:00027fe0       ?raycast_plane@@YAIAEBVPxGeometry@physx@@AEBVPxTransform@2@AEBVPxVec3@2@2MV?$PxFlags@W4Enum@PxHitFlag@physx@@G@2@IPEIAUPxRaycastHit@2@@Z 0000000180028fe0 f   GuRaycastTests.obj
 0001:00028150       ?raycast_convexMesh@@YAIAEBVPxGeometry@physx@@AEBVPxTransform@2@AEBVPxVec3@2@2MV?$PxFlags@W4Enum@PxHitFlag@physx@@G@2@IPEIAUPxRaycastHit@2@@Z 0000000180029150 f   GuRaycastTests.obj
 0001:00028cd0       ?raycast_triangleMesh@@YAIAEBVPxGeometry@physx@@AEBVPxTransform@2@AEBVPxVec3@2@2MV?$PxFlags@W4Enum@PxHitFlag@physx@@G@2@IPEIAUPxRaycastHit@2@@Z 0000000180029cd0 f   GuRaycastTests.obj
 0001:0002a010       ??Dphysx@@YA?AVMatrix34@Cm@0@AEBVPxMeshScale@0@AEBVPxTransform@0@@Z 000000018002b010 f i GuRaycastTests.obj
 0001:0002ab80       ?getRaycastFuncTable@Gu@physx@@YAAEAY06Q6AIAEBVPxGeometry@2@AEBVPxTransform@2@AEBVPxVec3@2@2MV?$PxFlags@W4Enum@PxHitFlag@physx@@G@2@IPEIAUPxRaycastHit@2@@ZXZ 000000018002bb80 f   GuRaycastTests.obj
 0001:0002ab90       ?raycast_heightField@@YAIAEBVPxGeometry@physx@@AEBVPxTransform@2@AEBVPxVec3@2@2MV?$PxFlags@W4Enum@PxHitFlag@physx@@G@2@IPEIAUPxRaycastHit@2@@Z 000000018002bb90 f   GuRaycastTests.obj
 0001:0002b2b0       ?registerHeightFields_Raycasts@@YAXXZ 000000018002c2b0 f   GuRaycastTests.obj
 0001:0002b2c0       ?ReadHeader@Gu@physx@@YA_NEEEEAEAIAEA_NAEAVPxInputStream@2@@Z 000000018002c2c0 f   GuSerialize.obj
 0001:0002b420       ?ReadIndices@Gu@physx@@YAXGIPEAGAEAVPxInputStream@2@_N@Z 000000018002c420 f   GuSerialize.obj
 0001:0002b5d0       ?StoreIndices@Gu@physx@@YAXGIPEBGAEAVPxOutputStream@2@_N@Z 000000018002c5d0 f   GuSerialize.obj
 0001:0002b6c0       ?StoreIndices@Gu@physx@@YAXIIPEBIAEAVPxOutputStream@2@_N@Z 000000018002c6c0 f   GuSerialize.obj
 0001:0002b850       ?WriteHeader@Gu@physx@@YA_NEEEEI_NAEAVPxOutputStream@2@@Z 000000018002c850 f   GuSerialize.obj
 0001:0002b980       ?computeMaxIndex@physx@@YAGPEBGI@Z 000000018002c980 f   GuSerialize.obj
 0001:0002b9b0       ?computeMaxIndex@physx@@YAIPEBII@Z 000000018002c9b0 f   GuSerialize.obj
 0001:0002b9e0       ?readChunk@physx@@YAXAEAC000AEAVPxInputStream@1@@Z 000000018002c9e0 f   GuSerialize.obj
 0001:0002ba60       ?readDword@physx@@YAI_NAEAVPxInputStream@1@@Z 000000018002ca60 f   GuSerialize.obj
 0001:0002bac0       ?readFloat@physx@@YAM_NAEAVPxInputStream@1@@Z 000000018002cac0 f   GuSerialize.obj
 0001:0002bb20       ?readFloatBuffer@physx@@YA_NPEAMI_NAEAVPxInputStream@1@@Z 000000018002cb20 f   GuSerialize.obj
 0001:0002bba0       ?readHeader@physx@@YA_NCCCCAEAIAEA_NAEAVPxInputStream@1@@Z 000000018002cba0 f   GuSerialize.obj
 0001:0002bcf0       ?readIndices@physx@@YAXIIPEAIAEAVPxInputStream@1@_N@Z 000000018002ccf0 f   GuSerialize.obj
 0001:0002be20       ?readWord@physx@@YAG_NAEAVPxInputStream@1@@Z 000000018002ce20 f   GuSerialize.obj
 0001:0002be60       ?readWordBuffer@physx@@YAXPEAGI_NAEAVPxInputStream@1@@Z 000000018002ce60 f   GuSerialize.obj
 0001:0002bed0       ?storeIndices@physx@@YAXIIPEBIAEAVPxOutputStream@1@_N@Z 000000018002ced0 f   GuSerialize.obj
 0001:0002bff0       ?writeDword@physx@@YAXI_NAEAVPxOutputStream@1@@Z 000000018002cff0 f   GuSerialize.obj
 0001:0002c040       ?writeFloat@physx@@YAXM_NAEAVPxOutputStream@1@@Z 000000018002d040 f   GuSerialize.obj
 0001:0002c090       ?writeFloatBuffer@physx@@YAXPEBMI_NAEAVPxOutputStream@1@@Z 000000018002d090 f   GuSerialize.obj
 0001:0002c130       ?writeHeader@physx@@YA_NCCCCI_NAEAVPxOutputStream@1@@Z 000000018002d130 f   GuSerialize.obj
 0001:0002c260       ?writeWord@physx@@YAXG_NAEAVPxOutputStream@1@@Z 000000018002d260 f   GuSerialize.obj
 0001:0002c2a0       ?writeWordBuffer@physx@@YAXPEBGI_NAEAVPxOutputStream@1@@Z 000000018002d2a0 f   GuSerialize.obj
 0001:0002c320       ??Dphysx@@YA?AVMatrix34@Cm@0@AEBVPxTransform@0@AEBVPxMeshScale@0@@Z 000000018002d320 f i GuSweepMTD.obj
 0001:0002c8c0       ??_E?$MeshHitCallback@UPxRaycastHit@physx@@@Gu@physx@@UEAAPEAXI@Z 000000018002d8c0 f i GuSweepMTD.obj
 0001:0002c8c0       ??_G?$MeshHitCallback@UPxRaycastHit@physx@@@Gu@physx@@UEAAPEAXI@Z 000000018002d8c0 f i GuSweepMTD.obj
 0001:0002c8f0       ??_EMeshMTDGenerationCallback@@UEAAPEAXI@Z 000000018002d8f0 f i GuSweepMTD.obj
 0001:0002c8f0       ??_GMeshMTDGenerationCallback@@UEAAPEAXI@Z 000000018002d8f0 f i GuSweepMTD.obj
 0001:0002c920       ??_EMidPhaseQueryLocalReport@@UEAAPEAXI@Z 000000018002d920 f i GuSweepMTD.obj
 0001:0002c920       ??_GMidPhaseQueryLocalReport@@UEAAPEAXI@Z 000000018002d920 f i GuSweepMTD.obj
 0001:0002c950       ?allocate@?$ReflectionAllocator@I@shdfnd@physx@@QEAAPEAX_KPEBDH@Z 000000018002d950 f i GuSweepMTD.obj
 0001:0002c9f0       ?computeBox_HeightFieldMTD@Gu@physx@@YA_NAEBVPxHeightFieldGeometry@2@AEBVPxTransform@2@AEBVBox@12@1M_NIAEAUPxSweepHit@2@@Z 000000018002d9f0 f   GuSweepMTD.obj
 0001:0002d810       ?computeBox_TriangleMeshMTD@Gu@physx@@YA_NAEBVPxTriangleMeshGeometry@2@AEBVPxTransform@2@AEBVBox@12@1M_NAEAUPxSweepHit@2@@Z 000000018002e810 f   GuSweepMTD.obj
 0001:0002e3d0       ?computeCapsule_CapsuleMTD@Gu@physx@@YA_NAEBVCapsule@12@0AEAUPxSweepHit@2@@Z 000000018002f3d0 f   GuSweepMTD.obj
 0001:0002e600       ?computeCapsule_HeightFieldMTD@Gu@physx@@YA_NAEBVPxHeightFieldGeometry@2@AEBVPxTransform@2@AEAVCapsuleV@12@M_NIAEAUPxSweepHit@2@@Z 000000018002f600 f   GuSweepMTD.obj
 0001:0002ee30       ?computeCapsule_TriangleMeshMTD@Gu@physx@@YA_NAEBVPxTriangleMeshGeometry@2@AEBVPxTransform@2@AEAVCapsuleV@12@M_NAEAUPxSweepHit@2@@Z 000000018002fe30 f   GuSweepMTD.obj
 0001:0002f6c0       ?computeConvex_HeightFieldMTD@Gu@physx@@YA_NAEBVPxHeightFieldGeometry@2@AEBVPxTransform@2@AEBVPxConvexMeshGeometry@2@1M_NIAEAUPxSweepHit@2@@Z 00000001800306c0 f   GuSweepMTD.obj
 0001:00030a20       ?computeConvex_TriangleMeshMTD@Gu@physx@@YA_NAEBVPxTriangleMeshGeometry@2@AEBVPxTransform@2@AEBVPxConvexMeshGeometry@2@1M_NAEAUPxSweepHit@2@@Z 0000000180031a20 f   GuSweepMTD.obj
 0001:00031c50       ?computePlane_BoxMTD@Gu@physx@@YA_NAEBVPxPlane@2@AEBVBox@12@AEAUPxSweepHit@2@@Z 0000000180032c50 f   GuSweepMTD.obj
 0001:00031ee0       ?computePlane_CapsuleMTD@Gu@physx@@YA_NAEBVPxPlane@2@AEBVCapsule@12@AEAUPxSweepHit@2@@Z 0000000180032ee0 f   GuSweepMTD.obj
 0001:00032020       ?computePlane_ConvexMTD@Gu@physx@@YA_NAEBVPxPlane@2@AEBVPxConvexMeshGeometry@2@AEBVPxTransform@2@AEAUPxSweepHit@2@@Z 0000000180033020 f   GuSweepMTD.obj
 0001:00032540       ?computeSphere_CapsuleMTD@Gu@physx@@YA_NAEBVSphere@12@AEBVCapsule@12@AEAUPxSweepHit@2@@Z 0000000180033540 f   GuSweepMTD.obj
 0001:000326f0       ?computeSphere_SphereMTD@Gu@physx@@YA_NAEBVSphere@12@0AEAUPxSweepHit@2@@Z 00000001800336f0 f   GuSweepMTD.obj
 0001:000327e0       ?getInverse@PxMat33@physx@@QEBA?BV12@XZ 00000001800337e0 f i GuSweepMTD.obj
 0001:00032a20       ?growAndPushBack@?$Array@IV?$ReflectionAllocator@I@shdfnd@physx@@@shdfnd@physx@@IEAAAEAIAEBI@Z 0000000180033a20 f i GuSweepMTD.obj
 0001:00032b00       ?init@FastVertex2ShapeScaling@Cm@physx@@QEAAXAEBVPxVec3@3@AEBVPxQuat@3@@Z 0000000180033b00 f i GuSweepMTD.obj
 0001:00032ef0       ?onEvent@MidPhaseQueryLocalReport@@UEAA_NIPEAI@Z 0000000180033ef0 f i GuSweepMTD.obj
 0001:00032f60       ?processHit@MeshMTDGenerationCallback@@UEAA_NAEBUPxRaycastHit@physx@@AEBVPxVec3@3@11AEAMPEBI@Z 0000000180033f60 f i GuSweepMTD.obj
 0001:00032fb0       ?recreate@?$Array@IV?$ReflectionAllocator@I@shdfnd@physx@@@shdfnd@physx@@IEAAXI@Z 0000000180033fb0 f i GuSweepMTD.obj
 0001:00033070       ??$gjkPenetration@U?$LocalConvex@VCapsuleV@Gu@physx@@@Gu@physx@@U?$LocalConvex@VConvexHullV@Gu@physx@@@23@@Gu@physx@@YA?AW4GjkStatus@01@AEBU?$LocalConvex@VCapsuleV@Gu@physx@@@01@AEBU?$LocalConvex@VConvexHullV@Gu@physx@@@01@AEBT__m128@@2_NPEIAE4AEAEAEAUGjkOutput@01@@Z 0000000180034070 f i GuSweepSharedTests.obj
 0001:00034c10       ??$gjkPenetration@U?$RelativeConvex@VBoxV@Gu@physx@@@Gu@physx@@U?$LocalConvex@VConvexHullV@Gu@physx@@@23@@Gu@physx@@YA?AW4GjkStatus@01@AEBU?$RelativeConvex@VBoxV@Gu@physx@@@01@AEBU?$LocalConvex@VConvexHullV@Gu@physx@@@01@AEBT__m128@@2_NPEIAE4AEAEAEAUGjkOutput@01@@Z 0000000180035c10 f i GuSweepSharedTests.obj
 0001:00036810       ??$gjkPenetration@U?$RelativeConvex@VConvexHullV@Gu@physx@@@Gu@physx@@U?$LocalConvex@VConvexHullV@Gu@physx@@@23@@Gu@physx@@YA?AW4GjkStatus@01@AEBU?$RelativeConvex@VConvexHullV@Gu@physx@@@01@AEBU?$LocalConvex@VConvexHullV@Gu@physx@@@01@AEBT__m128@@2_NPEIAE4AEAEAEAUGjkOutput@01@@Z 0000000180037810 f i GuSweepSharedTests.obj
 0001:00038470       ??$gjkRaycast@U?$LocalConvex@VCapsuleV@Gu@physx@@@Gu@physx@@U?$LocalConvex@VConvexHullV@Gu@physx@@@23@@Gu@physx@@YA_NAEBU?$LocalConvex@VCapsuleV@Gu@physx@@@01@AEBU?$LocalConvex@VConvexHullV@Gu@physx@@@01@AEBT__m128@@222AEAT4@33M@Z 0000000180039470 f i GuSweepSharedTests.obj
 0001:000391f0       ??$gjkRaycast@U?$RelativeConvex@VBoxV@Gu@physx@@@Gu@physx@@U?$LocalConvex@VConvexHullV@Gu@physx@@@23@@Gu@physx@@YA_NAEBU?$RelativeConvex@VBoxV@Gu@physx@@@01@AEBU?$LocalConvex@VConvexHullV@Gu@physx@@@01@AEBT__m128@@222AEAT4@33M@Z 000000018003a1f0 f i GuSweepSharedTests.obj
 0001:00039fd0       ??$gjkRaycast@U?$RelativeConvex@VConvexHullV@Gu@physx@@@Gu@physx@@U?$LocalConvex@VConvexHullV@Gu@physx@@@23@@Gu@physx@@YA_NAEBU?$RelativeConvex@VConvexHullV@Gu@physx@@@01@AEBU?$LocalConvex@VConvexHullV@Gu@physx@@@01@AEBT__m128@@222AEAT4@33M@Z 000000018003afd0 f i GuSweepSharedTests.obj
 0001:0003ade0       ??$gjkRaycastPenetration@U?$LocalConvex@VCapsuleV@Gu@physx@@@Gu@physx@@U?$LocalConvex@VConvexHullV@Gu@physx@@@23@@Gu@physx@@YA_NAEBU?$LocalConvex@VCapsuleV@Gu@physx@@@01@AEBU?$LocalConvex@VConvexHullV@Gu@physx@@@01@AEBT__m128@@222AEAT4@33M_N@Z 000000018003bde0 f i GuSweepSharedTests.obj
 0001:0003b010       ??$gjkRaycastPenetration@U?$RelativeConvex@VBoxV@Gu@physx@@@Gu@physx@@U?$LocalConvex@VConvexHullV@Gu@physx@@@23@@Gu@physx@@YA_NAEBU?$RelativeConvex@VBoxV@Gu@physx@@@01@AEBU?$LocalConvex@VConvexHullV@Gu@physx@@@01@AEBT__m128@@222AEAT4@33M_N@Z 000000018003c010 f i GuSweepSharedTests.obj
 0001:0003b2a0       ??$gjkRaycastPenetration@U?$RelativeConvex@VConvexHullV@Gu@physx@@@Gu@physx@@U?$LocalConvex@VConvexHullV@Gu@physx@@@23@@Gu@physx@@YA_NAEBU?$RelativeConvex@VConvexHullV@Gu@physx@@@01@AEBU?$LocalConvex@VConvexHullV@Gu@physx@@@01@AEBT__m128@@222AEAT4@33M_N@Z 000000018003c2a0 f i GuSweepSharedTests.obj
 0001:0003b980       ?sweepBox_ConvexGeom@@YA_NAEBVPxGeometry@physx@@AEBVPxTransform@2@AEBVPxBoxGeometry@2@1AEBVBox@Gu@2@AEBVPxVec3@2@MAEAUPxSweepHit@2@V?$PxFlags@W4Enum@PxHitFlag@physx@@G@2@M@Z 000000018003c980 f   GuSweepSharedTests.obj
 0001:0003c570       ?sweepBox_PlaneGeom@@YA_NAEBVPxGeometry@physx@@AEBVPxTransform@2@AEBVPxBoxGeometry@2@1AEBVBox@Gu@2@AEBVPxVec3@2@MAEAUPxSweepHit@2@V?$PxFlags@W4Enum@PxHitFlag@physx@@G@2@M@Z 000000018003d570 f   GuSweepSharedTests.obj
 0001:0003c930       ?sweepCapsuleTriangles@Gu@physx@@YA_NIPEBVPxTriangle@2@_NAEBVPxCapsuleGeometry@2@AEBVPxTransform@2@AEBVPxVec3@2@MAEAUPxSweepHit@2@PEBIMV?$PxFlags@W4Enum@PxHitFlag@physx@@G@2@@Z 000000018003d930 f   GuSweepSharedTests.obj
 0001:0003cb30       ?sweepCapsule_CapsuleGeom@@YA_NAEBVPxGeometry@physx@@AEBVPxTransform@2@AEBVPxCapsuleGeometry@2@1AEBVCapsule@Gu@2@AEBVPxVec3@2@MAEAUPxSweepHit@2@V?$PxFlags@W4Enum@PxHitFlag@physx@@G@2@M@Z 000000018003db30 f   GuSweepSharedTests.obj
 0001:0003cd20       ?sweepCapsule_ConvexGeom@@YA_NAEBVPxGeometry@physx@@AEBVPxTransform@2@AEBVPxCapsuleGeometry@2@1AEBVCapsule@Gu@2@AEBVPxVec3@2@MAEAUPxSweepHit@2@V?$PxFlags@W4Enum@PxHitFlag@physx@@G@2@M@Z 000000018003dd20 f   GuSweepSharedTests.obj
 0001:0003d8c0       ?sweepCapsule_PlaneGeom@@YA_NAEBVPxGeometry@physx@@AEBVPxTransform@2@AEBVPxCapsuleGeometry@2@1AEBVCapsule@Gu@2@AEBVPxVec3@2@MAEAUPxSweepHit@2@V?$PxFlags@W4Enum@PxHitFlag@physx@@G@2@M@Z 000000018003e8c0 f   GuSweepSharedTests.obj
 0001:0003dba0       ?sweepCapsule_SphereGeom@@YA_NAEBVPxGeometry@physx@@AEBVPxTransform@2@AEBVPxCapsuleGeometry@2@1AEBVCapsule@Gu@2@AEBVPxVec3@2@MAEAUPxSweepHit@2@V?$PxFlags@W4Enum@PxHitFlag@physx@@G@2@M@Z 000000018003eba0 f   GuSweepSharedTests.obj
 0001:0003dd30       ?sweepConvex_BoxGeom@@YA_NAEBVPxGeometry@physx@@AEBVPxTransform@2@AEBVPxConvexMeshGeometry@2@1AEBVPxVec3@2@MAEAUPxSweepHit@2@V?$PxFlags@W4Enum@PxHitFlag@physx@@G@2@M@Z 000000018003ed30 f   GuSweepSharedTests.obj
 0001:0003df40       ?sweepConvex_CapsuleGeom@@YA_NAEBVPxGeometry@physx@@AEBVPxTransform@2@AEBVPxConvexMeshGeometry@2@1AEBVPxVec3@2@MAEAUPxSweepHit@2@V?$PxFlags@W4Enum@PxHitFlag@physx@@G@2@M@Z 000000018003ef40 f   GuSweepSharedTests.obj
 0001:0003e170       ?sweepConvex_ConvexGeom@@YA_NAEBVPxGeometry@physx@@AEBVPxTransform@2@AEBVPxConvexMeshGeometry@2@1AEBVPxVec3@2@MAEAUPxSweepHit@2@V?$PxFlags@W4Enum@PxHitFlag@physx@@G@2@M@Z 000000018003f170 f   GuSweepSharedTests.obj
 0001:0003f130       ?sweepConvex_PlaneGeom@@YA_NAEBVPxGeometry@physx@@AEBVPxTransform@2@AEBVPxConvexMeshGeometry@2@1AEBVPxVec3@2@MAEAUPxSweepHit@2@V?$PxFlags@W4Enum@PxHitFlag@physx@@G@2@M@Z 0000000180040130 f   GuSweepSharedTests.obj
 0001:0003f5c0       ?sweepConvex_SphereGeom@@YA_NAEBVPxGeometry@physx@@AEBVPxTransform@2@AEBVPxConvexMeshGeometry@2@1AEBVPxVec3@2@MAEAUPxSweepHit@2@V?$PxFlags@W4Enum@PxHitFlag@physx@@G@2@M@Z 00000001800405c0 f   GuSweepSharedTests.obj
 0001:0003fff0       ?sweepCapsule_BoxGeom@@YA_NAEBVPxGeometry@physx@@AEBVPxTransform@2@AEBVPxCapsuleGeometry@2@1AEBVCapsule@Gu@2@AEBVPxVec3@2@MAEAUPxSweepHit@2@V?$PxFlags@W4Enum@PxHitFlag@physx@@G@2@M@Z 0000000180040ff0 f   GuSweepTests.obj
 0001:00040880       ?sweepBox_SphereGeom@@YA_NAEBVPxGeometry@physx@@AEBVPxTransform@2@AEBVPxBoxGeometry@2@1AEBVBox@Gu@2@AEBVPxVec3@2@MAEAUPxSweepHit@2@V?$PxFlags@W4Enum@PxHitFlag@physx@@G@2@M@Z 0000000180041880 f   GuSweepTests.obj
 0001:00040eb0       ?sweepBox_CapsuleGeom@@YA_NAEBVPxGeometry@physx@@AEBVPxTransform@2@AEBVPxBoxGeometry@2@1AEBVBox@Gu@2@AEBVPxVec3@2@MAEAUPxSweepHit@2@V?$PxFlags@W4Enum@PxHitFlag@physx@@G@2@M@Z 0000000180041eb0 f   GuSweepTests.obj
 0001:00041740       ?sweepBox_BoxGeom@@YA_NAEBVPxGeometry@physx@@AEBVPxTransform@2@AEBVPxBoxGeometry@2@1AEBVBox@Gu@2@AEBVPxVec3@2@MAEAUPxSweepHit@2@V?$PxFlags@W4Enum@PxHitFlag@physx@@G@2@M@Z 0000000180042740 f   GuSweepTests.obj
 0001:00042060       ??$gjkPenetration@U?$LocalConvex@VCapsuleV@Gu@physx@@@Gu@physx@@U?$LocalConvex@VBoxV@Gu@physx@@@23@@Gu@physx@@YA?AW4GjkStatus@01@AEBU?$LocalConvex@VCapsuleV@Gu@physx@@@01@AEBU?$LocalConvex@VBoxV@Gu@physx@@@01@AEBT__m128@@2_NPEIAE4AEAEAEAUGjkOutput@01@@Z 0000000180043060 f i GuSweepTests.obj
 0001:00043b50       ??$gjkPenetration@U?$RelativeConvex@VBoxV@Gu@physx@@@Gu@physx@@U?$LocalConvex@VBoxV@Gu@physx@@@23@@Gu@physx@@YA?AW4GjkStatus@01@AEBU?$RelativeConvex@VBoxV@Gu@physx@@@01@AEBU?$LocalConvex@VBoxV@Gu@physx@@@01@AEBT__m128@@2_NPEIAE4AEAEAEAUGjkOutput@01@@Z 0000000180044b50 f i GuSweepTests.obj
 0001:00045690       ??$gjkRaycast@U?$LocalConvex@VCapsuleV@Gu@physx@@@Gu@physx@@U?$LocalConvex@VBoxV@Gu@physx@@@23@@Gu@physx@@YA_NAEBU?$LocalConvex@VCapsuleV@Gu@physx@@@01@AEBU?$LocalConvex@VBoxV@Gu@physx@@@01@AEBT__m128@@222AEAT4@33M@Z 0000000180046690 f i GuSweepTests.obj
 0001:00046280       ??$gjkRaycast@U?$LocalConvex@VTriangleV@Gu@physx@@@Gu@physx@@U?$LocalConvex@VBoxV@Gu@physx@@@23@@Gu@physx@@YA_NAEBU?$LocalConvex@VTriangleV@Gu@physx@@@01@AEBU?$LocalConvex@VBoxV@Gu@physx@@@01@AEBT__m128@@222AEAT4@33M@Z 0000000180047280 f i GuSweepTests.obj
[...]
 0003:00003060       ?minV3Error@_VecMathTests@aos@shdfnd@physx@@3T__m128@@B 000000018013e060     GuPCMContactConvexConvex.obj
 0003:00003070       ?maxFError@_VecMathTests@aos@shdfnd@physx@@3T__m128@@B 000000018013e070     GuPCMContactConvexConvex.obj
 0003:00003080       ?maxV3Error@_VecMathTests@aos@shdfnd@physx@@3T__m128@@B 000000018013e080     GuPCMContactConvexHeightField.obj
 0003:00003090       ?minFError@_VecMathTests@aos@shdfnd@physx@@3T__m128@@B 000000018013e090     GuPCMContactConvexHeightField.obj
 0003:000030a0       ?maxV4Error@_VecMathTests@aos@shdfnd@physx@@3T__m128@@B 000000018013e0a0     GuPCMContactConvexHeightField.obj
 0003:000030b0       ?minV4Error@_VecMathTests@aos@shdfnd@physx@@3T__m128@@B 000000018013e0b0     GuPCMContactConvexHeightField.obj
 0003:000030c0       ?minV3Error@_VecMathTests@aos@shdfnd@physx@@3T__m128@@B 000000018013e0c0     GuPCMContactConvexHeightField.obj
 0003:000030d0       ?maxFError@_VecMathTests@aos@shdfnd@physx@@3T__m128@@B 000000018013e0d0     GuPCMContactConvexHeightField.obj
 0003:000030e0       ?maxV3Error@_VecMathTests@aos@shdfnd@physx@@3T__m128@@B 000000018013e0e0     GuPCMContactConvexMesh.obj
 0003:000030f0       ?minFError@_VecMathTests@aos@shdfnd@physx@@3T__m128@@B 000000018013e0f0     GuPCMContactConvexMesh.obj
 0003:00003100       ?maxV4Error@_VecMathTests@aos@shdfnd@physx@@3T__m128@@B 000000018013e100     GuPCMContactConvexMesh.obj
 0003:00003110       ?minV4Error@_VecMathTests@aos@shdfnd@physx@@3T__m128@@B 000000018013e110     GuPCMContactConvexMesh.obj
 0003:00003120       ?minV3Error@_VecMathTests@aos@shdfnd@physx@@3T__m128@@B 000000018013e120     GuPCMContactConvexMesh.obj
 0003:00003130       ?maxFError@_VecMathTests@aos@shdfnd@physx@@3T__m128@@B 000000018013e130     GuPCMContactConvexMesh.obj
 0003:00003140       ?maxV3Error@_VecMathTests@aos@shdfnd@physx@@3T__m128@@B 000000018013e140     GuPCMContactGenBoxConvex.obj
 0003:00003150       ?minFError@_VecMathTests@aos@shdfnd@physx@@3T__m128@@B 000000018013e150     GuPCMContactGenBoxConvex.obj
 0003:00003160       ?maxV4Error@_VecMathTests@aos@shdfnd@physx@@3T__m128@@B 000000018013e160     GuPCMContactGenBoxConvex.obj
 0003:00003170       ?minV4Error@_VecMathTests@aos@shdfnd@physx@@3T__m128@@B 000000018013e170     GuPCMContactGenBoxConvex.obj
 0003:00003180       ?minV3Error@_VecMathTests@aos@shdfnd@physx@@3T__m128@@B 000000018013e180     GuPCMContactGenBoxConvex.obj
 0003:00003190       ?maxFError@_VecMathTests@aos@shdfnd@physx@@3T__m128@@B 000000018013e190     GuPCMContactGenBoxConvex.obj
 0003:000031a0       ?maxV3Error@_VecMathTests@aos@shdfnd@physx@@3T__m128@@B 000000018013e1a0     GuPCMContactGenSphereCapsule.obj
 0003:000031b0       ?minFError@_VecMathTests@aos@shdfnd@physx@@3T__m128@@B 000000018013e1b0     GuPCMContactGenSphereCapsule.obj
 0003:000031c0       ?maxV4Error@_VecMathTests@aos@shdfnd@physx@@3T__m128@@B 000000018013e1c0     GuPCMContactGenSphereCapsule.obj
 0003:000031d0       ?minV4Error@_VecMathTests@aos@shdfnd@physx@@3T__m128@@B 000000018013e1d0     GuPCMContactGenSphereCapsule.obj
 0003:000031e0       ?minV3Error@_VecMathTests@aos@shdfnd@physx@@3T__m128@@B 000000018013e1e0     GuPCMContactGenSphereCapsule.obj
 0003:000031f0       ?maxFError@_VecMathTests@aos@shdfnd@physx@@3T__m128@@B 000000018013e1f0     GuPCMContactGenSphereCapsule.obj
 0003:00003200       ?maxV3Error@_VecMathTests@aos@shdfnd@physx@@3T__m128@@B 000000018013e200     GuPCMContactPlaneBox.obj
 0003:00003210       ?minFError@_VecMathTests@aos@shdfnd@physx@@3T__m128@@B 000000018013e210     GuPCMContactPlaneBox.obj
 0003:00003220       ?maxV4Error@_VecMathTests@aos@shdfnd@physx@@3T__m128@@B 000000018013e220     GuPCMContactPlaneBox.obj
 0003:00003230       ?minV4Error@_VecMathTests@aos@shdfnd@physx@@3T__m128@@B 000000018013e230     GuPCMContactPlaneBox.obj
 0003:00003240       ?minV3Error@_VecMathTests@aos@shdfnd@physx@@3T__m128@@B 000000018013e240     GuPCMContactPlaneBox.obj
 0003:00003250       ?maxFError@_VecMathTests@aos@shdfnd@physx@@3T__m128@@B 000000018013e250     GuPCMContactPlaneBox.obj
 0003:00003260       ?maxV3Error@_VecMathTests@aos@shdfnd@physx@@3T__m128@@B 000000018013e260     GuPCMContactPlaneCapsule.obj
 0003:00003270       ?minFError@_VecMathTests@aos@shdfnd@physx@@3T__m128@@B 000000018013e270     GuPCMContactPlaneCapsule.obj
 0003:00003280       ?maxV4Error@_VecMathTests@aos@shdfnd@physx@@3T__m128@@B 000000018013e280     GuPCMContactPlaneCapsule.obj
 0003:00003290       ?minV4Error@_VecMathTests@aos@shdfnd@physx@@3T__m128@@B 000000018013e290     GuPCMContactPlaneCapsule.obj
 0003:000032a0       ?minV3Error@_VecMathTests@aos@shdfnd@physx@@3T__m128@@B 000000018013e2a0     GuPCMContactPlaneCapsule.obj
 0003:000032b0       ?maxFError@_VecMathTests@aos@shdfnd@physx@@3T__m128@@B 000000018013e2b0     GuPCMContactPlaneCapsule.obj
 0003:000032c0       ?maxV3Error@_VecMathTests@aos@shdfnd@physx@@3T__m128@@B 000000018013e2c0     GuPCMContactPlaneConvex.obj
 0003:000032d0       ?minFError@_VecMathTests@aos@shdfnd@physx@@3T__m128@@B 000000018013e2d0     GuPCMContactPlaneConvex.obj
 0003:000032e0       ?maxV4Error@_VecMathTests@aos@shdfnd@physx@@3T__m128@@B 000000018013e2e0     GuPCMContactPlaneConvex.obj
 0003:000032f0       ?minV4Error@_VecMathTests@aos@shdfnd@physx@@3T__m128@@B 000000018013e2f0     GuPCMContactPlaneConvex.obj
 0003:00003300       ?minV3Error@_VecMathTests@aos@shdfnd@physx@@3T__m128@@B 000000018013e300     GuPCMContactPlaneConvex.obj
 0003:00003310       ?maxFError@_VecMathTests@aos@shdfnd@physx@@3T__m128@@B 000000018013e310     GuPCMContactPlaneConvex.obj
 0003:00003320       ?maxV3Error@_VecMathTests@aos@shdfnd@physx@@3T__m128@@B 000000018013e320     GuPCMContactSphereBox.obj
 0003:00003330       ?minFError@_VecMathTests@aos@shdfnd@physx@@3T__m128@@B 000000018013e330     GuPCMContactSphereBox.obj
 0003:00003340       ?maxV4Error@_VecMathTests@aos@shdfnd@physx@@3T__m128@@B 000000018013e340     GuPCMContactSphereBox.obj
 0003:00003350       ?minV4Error@_VecMathTests@aos@shdfnd@physx@@3T__m128@@B 000000018013e350     GuPCMContactSphereBox.obj
 0003:00003360       ?minV3Error@_VecMathTests@aos@shdfnd@physx@@3T__m128@@B 000000018013e360     GuPCMContactSphereBox.obj
 0003:00003370       ?maxFError@_VecMathTests@aos@shdfnd@physx@@3T__m128@@B 000000018013e370     GuPCMContactSphereBox.obj
 0003:00003380       ?maxV3Error@_VecMathTests@aos@shdfnd@physx@@3T__m128@@B 000000018013e380     GuPCMContactSphereCapsule.obj
 0003:00003390       ?minFError@_VecMathTests@aos@shdfnd@physx@@3T__m128@@B 000000018013e390     GuPCMContactSphereCapsule.obj
 0003:000033a0       ?maxV4Error@_VecMathTests@aos@shdfnd@physx@@3T__m128@@B 000000018013e3a0     GuPCMContactSphereCapsule.obj
 0003:000033b0       ?minV4Error@_VecMathTests@aos@shdfnd@physx@@3T__m128@@B 000000018013e3b0     GuPCMContactSphereCapsule.obj
 0003:000033c0       ?minV3Error@_VecMathTests@aos@shdfnd@physx@@3T__m128@@B 000000018013e3c0     GuPCMContactSphereCapsule.obj
 0003:000033d0       ?maxFError@_VecMathTests@aos@shdfnd@physx@@3T__m128@@B 000000018013e3d0     GuPCMContactSphereCapsule.obj
 0003:000033e0       ?maxV3Error@_VecMathTests@aos@shdfnd@physx@@3T__m128@@B 000000018013e3e0     GuPCMContactSphereConvex.obj
 0003:000033f0       ?minFError@_VecMathTests@aos@shdfnd@physx@@3T__m128@@B 000000018013e3f0     GuPCMContactSphereConvex.obj
 0003:00003400       ?maxV4Error@_VecMathTests@aos@shdfnd@physx@@3T__m128@@B 000000018013e400     GuPCMContactSphereConvex.obj
 0003:00003410       ?minV4Error@_VecMathTests@aos@shdfnd@physx@@3T__m128@@B 000000018013e410     GuPCMContactSphereConvex.obj
 0003:00003420       ?minV3Error@_VecMathTests@aos@shdfnd@physx@@3T__m128@@B 000000018013e420     GuPCMContactSphereConvex.obj
 0003:00003430       ?maxFError@_VecMathTests@aos@shdfnd@physx@@3T__m128@@B 000000018013e430     GuPCMContactSphereConvex.obj
 0003:00003440       ?maxV3Error@_VecMathTests@aos@shdfnd@physx@@3T__m128@@B 000000018013e440     GuPCMContactSphereHeightField.obj
 0003:00003450       ?minFError@_VecMathTests@aos@shdfnd@physx@@3T__m128@@B 000000018013e450     GuPCMContactSphereHeightField.obj
 0003:00003460       ?maxV4Error@_VecMathTests@aos@shdfnd@physx@@3T__m128@@B 000000018013e460     GuPCMContactSphereHeightField.obj
 0003:00003470       ?minV4Error@_VecMathTests@aos@shdfnd@physx@@3T__m128@@B 000000018013e470     GuPCMContactSphereHeightField.obj
 0003:00003480       ?minV3Error@_VecMathTests@aos@shdfnd@physx@@3T__m128@@B 000000018013e480     GuPCMContactSphereHeightField.obj
 0003:00003490       ?maxFError@_VecMathTests@aos@shdfnd@physx@@3T__m128@@B 000000018013e490     GuPCMContactSphereHeightField.obj
 0003:000034a0       ?maxV3Error@_VecMathTests@aos@shdfnd@physx@@3T__m128@@B 000000018013e4a0     GuPCMContactSphereMesh.obj
 0003:000034b0       ?minFError@_VecMathTests@aos@shdfnd@physx@@3T__m128@@B 000000018013e4b0     GuPCMContactSphereMesh.obj
 0003:000034c0       ?maxV4Error@_VecMathTests@aos@shdfnd@physx@@3T__m128@@B 000000018013e4c0     GuPCMContactSphereMesh.obj
 0003:000034d0       ?minV4Error@_VecMathTests@aos@shdfnd@physx@@3T__m128@@B 000000018013e4d0     GuPCMContactSphereMesh.obj
 0003:000034e0       ?minV3Error@_VecMathTests@aos@shdfnd@physx@@3T__m128@@B 000000018013e4e0     GuPCMContactSphereMesh.obj
 0003:000034f0       ?maxFError@_VecMathTests@aos@shdfnd@physx@@3T__m128@@B 000000018013e4f0     GuPCMContactSphereMesh.obj
 0003:00003500       ?maxV3Error@_VecMathTests@aos@shdfnd@physx@@3T__m128@@B 000000018013e500     GuPCMContactSpherePlane.obj
 0003:00003510       ?minFError@_VecMathTests@aos@shdfnd@physx@@3T__m128@@B 000000018013e510     GuPCMContactSpherePlane.obj
 0003:00003520       ?maxV4Error@_VecMathTests@aos@shdfnd@physx@@3T__m128@@B 000000018013e520     GuPCMContactSpherePlane.obj
 0003:00003530       ?minV4Error@_VecMathTests@aos@shdfnd@physx@@3T__m128@@B 000000018013e530     GuPCMContactSpherePlane.obj
 0003:00003540       ?minV3Error@_VecMathTests@aos@shdfnd@physx@@3T__m128@@B 000000018013e540     GuPCMContactSpherePlane.obj
 0003:00003550       ?maxFError@_VecMathTests@aos@shdfnd@physx@@3T__m128@@B 000000018013e550     GuPCMContactSpherePlane.obj
 0003:00003560       ?maxV3Error@_VecMathTests@aos@shdfnd@physx@@3T__m128@@B 000000018013e560     GuPCMContactSphereSphere.obj
 0003:00003570       ?minFError@_VecMathTests@aos@shdfnd@physx@@3T__m128@@B 000000018013e570     GuPCMContactSphereSphere.obj
 0003:00003580       ?maxV4Error@_VecMathTests@aos@shdfnd@physx@@3T__m128@@B 000000018013e580     GuPCMContactSphereSphere.obj
 0003:00003590       ?minV4Error@_VecMathTests@aos@shdfnd@physx@@3T__m128@@B 000000018013e590     GuPCMContactSphereSphere.obj
 0003:000035a0       ?minV3Error@_VecMathTests@aos@shdfnd@physx@@3T__m128@@B 000000018013e5a0     GuPCMContactSphereSphere.obj
 0003:000035b0       ?maxFError@_VecMathTests@aos@shdfnd@physx@@3T__m128@@B 000000018013e5b0     GuPCMContactSphereSphere.obj
 0003:000035c0       ?maxV3Error@_VecMathTests@aos@shdfnd@physx@@3T__m128@@B 000000018013e5c0     GuPCMShapeConvex.obj
 0003:000035d0       ?minFError@_VecMathTests@aos@shdfnd@physx@@3T__m128@@B 000000018013e5d0     GuPCMShapeConvex.obj
 0003:000035e0       ?maxV4Error@_VecMathTests@aos@shdfnd@physx@@3T__m128@@B 000000018013e5e0     GuPCMShapeConvex.obj
 0003:000035f0       ?minV4Error@_VecMathTests@aos@shdfnd@physx@@3T__m128@@B 000000018013e5f0     GuPCMShapeConvex.obj
 0003:00003600       ?minV3Error@_VecMathTests@aos@shdfnd@physx@@3T__m128@@B 000000018013e600     GuPCMShapeConvex.obj
 0003:00003610       ?maxFError@_VecMathTests@aos@shdfnd@physx@@3T__m128@@B 000000018013e610     GuPCMShapeConvex.obj
 0003:00003620       ?maxV3Error@_VecMathTests@aos@shdfnd@physx@@3T__m128@@B 000000018013e620     GuPCMTriangleContactGen.obj
 0003:00003630       ?minFError@_VecMathTests@aos@shdfnd@physx@@3T__m128@@B 000000018013e630     GuPCMTriangleContactGen.obj
 0003:00003640       ?maxV4Error@_VecMathTests@aos@shdfnd@physx@@3T__m128@@B 000000018013e640     GuPCMTriangleContactGen.obj
 0003:00003650       ?minV4Error@_VecMathTests@aos@shdfnd@physx@@3T__m128@@B 000000018013e650     GuPCMTriangleContactGen.obj
 0003:00003660       ?minV3Error@_VecMathTests@aos@shdfnd@physx@@3T__m128@@B 000000018013e660     GuPCMTriangleContactGen.obj
 0003:00003670       ?maxFError@_VecMathTests@aos@shdfnd@physx@@3T__m128@@B 000000018013e670     GuPCMTriangleContactGen.obj
 0003:00003680       ?maxV3Error@_VecMathTests@aos@shdfnd@physx@@3T__m128@@B 000000018013e680     GuPersistentContactManifold.obj
 0003:00003690       ?minFError@_VecMathTests@aos@shdfnd@physx@@3T__m128@@B 000000018013e690     GuPersistentContactManifold.obj
 0003:000036a0       ?maxV4Error@_VecMathTests@aos@shdfnd@physx@@3T__m128@@B 000000018013e6a0     GuPersistentContactManifold.obj
 0003:000036b0       ?minV4Error@_VecMathTests@aos@shdfnd@physx@@3T__m128@@B 000000018013e6b0     GuPersistentContactManifold.obj
 0003:000036c0       ?minV3Error@_VecMathTests@aos@shdfnd@physx@@3T__m128@@B 000000018013e6c0     GuPersistentContactManifold.obj
 0003:000036d0       ?maxFError@_VecMathTests@aos@shdfnd@physx@@3T__m128@@B 000000018013e6d0     GuPersistentContactManifold.obj
 0003:000036e0       ?maxV3Error@_VecMathTests@aos@shdfnd@physx@@3T__m128@@B 000000018013e6e0     GuSweepBoxBox.obj
 0003:000036f0       ?minFError@_VecMathTests@aos@shdfnd@physx@@3T__m128@@B 000000018013e6f0     GuSweepBoxBox.obj
 0003:00003700       ?maxV4Error@_VecMathTests@aos@shdfnd@physx@@3T__m128@@B 000000018013e700     GuSweepBoxBox.obj
 0003:00003710       ?minV4Error@_VecMathTests@aos@shdfnd@physx@@3T__m128@@B 000000018013e710     GuSweepBoxBox.obj
 0003:00003720       ?minV3Error@_VecMathTests@aos@shdfnd@physx@@3T__m128@@B 000000018013e720     GuSweepBoxBox.obj
 0003:00003730       ?maxFError@_VecMathTests@aos@shdfnd@physx@@3T__m128@@B 000000018013e730     GuSweepBoxBox.obj
 0003:00003740       ?maxV3Error@_VecMathTests@aos@shdfnd@physx@@3T__m128@@B 000000018013e740     GuSweepBoxSphere.obj
 0003:00003750       ?minFError@_VecMathTests@aos@shdfnd@physx@@3T__m128@@B 000000018013e750     GuSweepBoxSphere.obj
 0003:00003760       ?maxV4Error@_VecMathTests@aos@shdfnd@physx@@3T__m128@@B 000000018013e760     GuSweepBoxSphere.obj
 0003:00003770       ?minV4Error@_VecMathTests@aos@shdfnd@physx@@3T__m128@@B 000000018013e770     GuSweepBoxSphere.obj
 0003:00003780       ?minV3Error@_VecMathTests@aos@shdfnd@physx@@3T__m128@@B 000000018013e780     GuSweepBoxSphere.obj
 0003:00003790       ?maxFError@_VecMathTests@aos@shdfnd@physx@@3T__m128@@B 000000018013e790     GuSweepBoxSphere.obj
 0003:000037a0       ?maxV3Error@_VecMathTests@aos@shdfnd@physx@@3T__m128@@B 000000018013e7a0     GuSweepBoxTriangle_FeatureBased.obj
 0003:000037b0       ?minFError@_VecMathTests@aos@shdfnd@physx@@3T__m128@@B 000000018013e7b0     GuSweepBoxTriangle_FeatureBased.obj
 0003:000037c0       ?maxV4Error@_VecMathTests@aos@shdfnd@physx@@3T__m128@@B 000000018013e7c0     GuSweepBoxTriangle_FeatureBased.obj
 0003:000037d0       ?minV4Error@_VecMathTests@aos@shdfnd@physx@@3T__m128@@B 000000018013e7d0     GuSweepBoxTriangle_FeatureBased.obj
 0003:000037e0       ?minV3Error@_VecMathTests@aos@shdfnd@physx@@3T__m128@@B 000000018013e7e0     GuSweepBoxTriangle_FeatureBased.obj
 0003:000037f0       ?maxFError@_VecMathTests@aos@shdfnd@physx@@3T__m128@@B 000000018013e7f0     GuSweepBoxTriangle_FeatureBased.obj
 0003:00003800       ?maxV3Error@_VecMathTests@aos@shdfnd@physx@@3T__m128@@B 000000018013e800     GuSweepBoxTriangle_SAT.obj
 0003:00003810       ?minFError@_VecMathTests@aos@shdfnd@physx@@3T__m128@@B 000000018013e810     GuSweepBoxTriangle_SAT.obj
 0003:00003820       ?maxV4Error@_VecMathTests@aos@shdfnd@physx@@3T__m128@@B 000000018013e820     GuSweepBoxTriangle_SAT.obj
 0003:00003830       ?minV4Error@_VecMathTests@aos@shdfnd@physx@@3T__m128@@B 000000018013e830     GuSweepBoxTriangle_SAT.obj
 0003:00003840       ?minV3Error@_VecMathTests@aos@shdfnd@physx@@3T__m128@@B 000000018013e840     GuSweepBoxTriangle_SAT.obj
 0003:00003850       ?maxFError@_VecMathTests@aos@shdfnd@physx@@3T__m128@@B 000000018013e850     GuSweepBoxTriangle_SAT.obj
 0003:00003860       ?maxV3Error@_VecMathTests@aos@shdfnd@physx@@3T__m128@@B 000000018013e860     GuSweepCapsuleBox.obj
 0003:00003870       ?minFError@_VecMathTests@aos@shdfnd@physx@@3T__m128@@B 000000018013e870     GuSweepCapsuleBox.obj
 0003:00003880       ?maxV4Error@_VecMathTests@aos@shdfnd@physx@@3T__m128@@B 000000018013e880     GuSweepCapsuleBox.obj
 0003:00003890       ?minV4Error@_VecMathTests@aos@shdfnd@physx@@3T__m128@@B 000000018013e890     GuSweepCapsuleBox.obj
 0003:000038a0       ?minV3Error@_VecMathTests@aos@shdfnd@physx@@3T__m128@@B 000000018013e8a0     GuSweepCapsuleBox.obj
 0003:000038b0       ?maxFError@_VecMathTests@aos@shdfnd@physx@@3T__m128@@B 000000018013e8b0     GuSweepCapsuleBox.obj
 0003:000038c0       ?maxV3Error@_VecMathTests@aos@shdfnd@physx@@3T__m128@@B 000000018013e8c0     GuSweepCapsuleTriangle.obj
 0003:000038d0       ?minFError@_VecMathTests@aos@shdfnd@physx@@3T__m128@@B 000000018013e8d0     GuSweepCapsuleTriangle.obj
 0003:000038e0       ?maxV4Error@_VecMathTests@aos@shdfnd@physx@@3T__m128@@B 000000018013e8e0     GuSweepCapsuleTriangle.obj
 0003:000038f0       ?minV4Error@_VecMathTests@aos@shdfnd@physx@@3T__m128@@B 000000018013e8f0     GuSweepCapsuleTriangle.obj
 0003:00003900       ?minV3Error@_VecMathTests@aos@shdfnd@physx@@3T__m128@@B 000000018013e900     GuSweepCapsuleTriangle.obj
 0003:00003910       ?maxFError@_VecMathTests@aos@shdfnd@physx@@3T__m128@@B 000000018013e910     GuSweepCapsuleTriangle.obj
 0003:00003920       ?maxV3Error@_VecMathTests@aos@shdfnd@physx@@3T__m128@@B 000000018013e920     GuSweepSphereTriangle.obj
 0003:00003930       ?minFError@_VecMathTests@aos@shdfnd@physx@@3T__m128@@B 000000018013e930     GuSweepSphereTriangle.obj
 0003:00003940       ?maxV4Error@_VecMathTests@aos@shdfnd@physx@@3T__m128@@B 000000018013e940     GuSweepSphereTriangle.obj
 0003:00003950       ?minV4Error@_VecMathTests@aos@shdfnd@physx@@3T__m128@@B 000000018013e950     GuSweepSphereTriangle.obj
 0003:00003960       ?minV3Error@_VecMathTests@aos@shdfnd@physx@@3T__m128@@B 000000018013e960     GuSweepSphereTriangle.obj
 0003:00003970       ?maxFError@_VecMathTests@aos@shdfnd@physx@@3T__m128@@B 000000018013e970     GuSweepSphereTriangle.obj
 0003:00003980       ?maxV3Error@_VecMathTests@aos@shdfnd@physx@@3T__m128@@B 000000018013e980     GuSweepTriangleUtils.obj
 0003:00003990       ?minFError@_VecMathTests@aos@shdfnd@physx@@3T__m128@@B 000000018013e990     GuSweepTriangleUtils.obj
 0003:000039a0       ?maxV4Error@_VecMathTests@aos@shdfnd@physx@@3T__m128@@B 000000018013e9a0     GuSweepTriangleUtils.obj
 0003:000039b0       ?minV4Error@_VecMathTests@aos@shdfnd@physx@@3T__m128@@B 000000018013e9b0     GuSweepTriangleUtils.obj
 0003:000039c0       ?minV3Error@_VecMathTests@aos@shdfnd@physx@@3T__m128@@B 000000018013e9c0     GuSweepTriangleUtils.obj
 0003:000039d0       ?maxFError@_VecMathTests@aos@shdfnd@physx@@3T__m128@@B 000000018013e9d0     GuSweepTriangleUtils.obj
 0003:00003a30       ?__proc_attached@@3HA      000000018013ea30     MSVCRT:dll_dllmain.obj
 0003:00003a60       ?is_initialized_as_dll@@3_NA 000000018013ea60     MSVCRT:utility.obj
 0003:00003a61       ?module_local_atexit_table_initialized@@3_NA 000000018013ea61     MSVCRT:utility.obj
 0003:00003a68       ?module_local_atexit_table@@3U_onexit_table_t@@A 000000018013ea68     MSVCRT:utility.obj
 0003:00003a80       ?module_local_at_quick_exit_table@@3U_onexit_table_t@@A 000000018013ea80     MSVCRT:utility.obj
 0005:00000000       _2il0floatpacket$19        0000000180145000     MSVCRT:svml_ssinf4_sse2.obj
 0005:00002200       _vmlsSinHATab              0000000180147200     MSVCRT:svml_s_sin_cout.obj
 0006:000000a0       $R000000                   00000001801480a0     PhysXCommon.res
 0006:000003d0       $R000330                   00000001801483d0     PhysXCommon.res
