 PhysXCooking_64

 Timestamp is 683024b5 (Fri May 23 16:33:09 2025)

 Preferred load address is 0000000180000000

 Start         Length     Name                   Class
 0001:00000000 000003c0H .text$di                CODE
 0001:000003c0 00048160H .text$mn                CODE
 0001:00048520 00000040H .text$mn$00             CODE
 0001:00048560 00000a70H .text$mn$21             CODE
 0001:00048fd0 00000680H .text$x                 CODE
 0002:00000000 00000278H .idata$5                DATA
 0002:00000278 00000038H .00cfg                  DATA
 0002:000002b0 00000008H .CRT$XCA                DATA
 0002:000002b8 000001e0H .CRT$XCU                DATA
 0002:00000498 00000008H .CRT$XCZ                DATA
 0002:000004a0 00000008H .CRT$XIA                DATA
 0002:000004a8 00000018H .CRT$XIC                DATA
 0002:000004c0 00000008H .CRT$XIZ                DATA
 0002:000004c8 00000008H .CRT$XPA                DATA
 0002:000004d0 00000010H .CRT$XPX                DATA
 0002:000004e0 00000008H .CRT$XPXA               DATA
 0002:000004e8 00000008H .CRT$XPZ                DATA
 0002:000004f0 00000008H .CRT$XTA                DATA
 0002:000004f8 00000008H .CRT$XTZ                DATA
 0002:00000500 00000000H .gehcont$y              DATA
 0002:00000500 00000000H .gfids$y                DATA
 0002:00000500 0000b590H .rdata                  DATA
 0002:0000ba90 00000170H .rdata$00               DATA
 0002:0000bc00 00000000H .rdata$CastGuardVftablesA DATA
 0002:0000bc00 00000000H .rdata$CastGuardVftablesC DATA
 0002:0000bc00 00000464H .rdata$r                DATA
 0002:0000c064 00000184H .rdata$voltmd           DATA
 0002:0000c1e8 00000470H .rdata$zzzdbg           DATA
 0002:0000c658 00000008H .rtc$IAA                DATA
 0002:0000c660 00000008H .rtc$IZZ                DATA
 0002:0000c668 00000008H .rtc$TAA                DATA
 0002:0000c670 00000008H .rtc$TZZ                DATA
 0002:0000c678 00004160H .xdata                  DATA
 0002:000107d8 00000084H .xdata$x                DATA
 0002:0001085c 00000040H .didat$2                DATA
 0002:0001089c 00000024H .didat$3                DATA
 0002:000108c0 00000188H .didat$4                DATA
 0002:00010a48 00000950H .didat$6                DATA
 0002:00011398 000002b8H .didat$7                DATA
 0002:00011650 00001d00H .edata                  DATA
 0002:00013350 00000014H .idata$2                DATA
 0002:00013364 00000014H .idata$3                DATA
 0002:00013378 00000278H .idata$4                DATA
 0002:000135f0 000005aeH .idata$6                DATA
 0003:00000000 00000aa0H .data                   DATA
 0003:00000aa0 000005e8H .data$r                 DATA
 0003:00001088 000000f0H .data$rs                DATA
 0003:00001178 00000188H .didat$5                DATA
 0003:00001300 00001560H .bss                    DATA
 0004:00000000 000035c4H .pdata                  DATA
 0005:00000000 00002208H _RDATA                  DATA
 0006:00000000 000000a0H .rsrc$01                DATA
 0006:000000a0 000004b0H .rsrc$02                DATA

  Address         Publics by Value              Rva+Base               Lib:Object

 0000:00000000       __AbsoluteZero             0000000000000000     <absolute>
 0000:00000000       ___safe_se_handler_count   0000000000000000     <absolute>
 0000:00000000       ___safe_se_handler_table   0000000000000000     <absolute>
 0000:00000000       __arm64x_extra_rfe_table   0000000000000000     <absolute>
 0000:00000000       __arm64x_extra_rfe_table_size 0000000000000000     <absolute>
 0000:00000000       __arm64x_native_entrypoint 0000000000000000     <absolute>
 0000:00000000       __arm64x_redirection_metadata 0000000000000000     <absolute>
 0000:00000000       __arm64x_redirection_metadata_count 0000000000000000     <absolute>
 0000:00000000       __dynamic_value_reloc_table 0000000000000000     <absolute>
 0000:00000000       __enclave_config           0000000000000000     <absolute>
 0000:00000000       __guard_check_icall_a64n_fptr 0000000000000000     <absolute>
 0000:00000000       __guard_eh_cont_count      0000000000000000     <absolute>
 0000:00000000       __guard_eh_cont_table      0000000000000000     <absolute>
 0000:00000000       __guard_fids_count         0000000000000000     <absolute>
 0000:00000000       __guard_fids_table         0000000000000000     <absolute>
 0000:00000000       __guard_iat_count          0000000000000000     <absolute>
 0000:00000000       __guard_iat_table          0000000000000000     <absolute>
 0000:00000000       __guard_longjmp_count      0000000000000000     <absolute>
 0000:00000000       __guard_longjmp_table      0000000000000000     <absolute>
 0000:00000000       __hybrid_auxiliary_delayload_iat 0000000000000000     <absolute>
 0000:00000000       __hybrid_auxiliary_delayload_iat_copy 0000000000000000     <absolute>
 0000:00000000       __hybrid_auxiliary_iat     0000000000000000     <absolute>
 0000:00000000       __hybrid_auxiliary_iat_copy 0000000000000000     <absolute>
 0000:00000000       __hybrid_code_map          0000000000000000     <absolute>
 0000:00000000       __hybrid_code_map_count    0000000000000000     <absolute>
 0000:00000000       __hybrid_image_info_bitfield 0000000000000000     <absolute>
 0000:00000000       __x64_code_ranges_to_entry_points 0000000000000000     <absolute>
 0000:00000000       __x64_code_ranges_to_entry_points_count 0000000000000000     <absolute>
 0000:00000100       __guard_flags              0000000000000100     <absolute>
 0000:00000000       __ImageBase                0000000180000000     <linker-defined>
 0001:000003c0       ??$?_UV?$ReflectionAllocator@VAdjTriangle@physx@@@shdfnd@physx@@@UserAllocated@shdfnd@physx@@SAPEAX_KV?$ReflectionAllocator@VAdjTriangle@physx@@@12@PEBDH@Z 00000001800013c0 f i Adjacencies.obj
 0001:00000460       ??0AdjacenciesBuilder@physx@@QEAA@XZ 0000000180001460 f   Adjacencies.obj
 0001:00000470       ??0AABBTreeBuildNode@Gu@physx@@QEAA@XZ 0000000180001470 f i BVHStructureBuilder.obj
 0001:00000470       ??0Allocator@shdfnd@physx@@QEAA@PEBD@Z 0000000180001470 f i Adjacencies.obj
 0001:00000470       ??0BigConvexData@physx@@QEAA@W4PxEMPTY@1@@Z 0000000180001470 f i BigConvexDataBuilder.obj
 0001:00000470       ??0Box@Gu@physx@@QEAA@XZ   0000000180001470 f i ConvexHullUtils.obj
 0001:00000470       ??0HeightFieldData@Gu@physx@@QEAA@W4PxEMPTY@2@@Z 0000000180001470 f i Cooking.obj
 0001:00000470       ??4Allocator@shdfnd@physx@@QEAAAEAV012@$$QEAV012@@Z 0000000180001470 f i Adjacencies.obj
 0001:00000470       ??4Allocator@shdfnd@physx@@QEAAAEAV012@AEBV012@@Z 0000000180001470 f i Adjacencies.obj
 0001:00000470       ??4MutexImpl@shdfnd@physx@@QEAAAEAV012@AEBV012@@Z 0000000180001470 f i Adjacencies.obj
 0001:00000470       ??4PxFoundation@physx@@QEAAAEAV01@AEBV01@@Z 0000000180001470 f i Adjacencies.obj
 0001:00000470       ?getAABB@AABBTreeBuildNode@Gu@physx@@QEBAAEBVPxBounds3@3@XZ 0000000180001470 f i BVHStructureBuilder.obj
 0001:00000470       ?getPaddedBounds@HeightFieldData@Gu@physx@@QEBAAEBVCenterExtentsPadded@23@XZ 0000000180001470 f i Cooking.obj
 0001:00000480       ??0PxFoundation@physx@@QEAA@AEBV01@@Z 0000000180001480 f i Adjacencies.obj
 0001:00000480       ??0PxFoundation@physx@@QEAA@XZ 0000000180001480 f i Adjacencies.obj
 0001:00000490       ??1Adjacencies@physx@@QEAA@XZ 0000000180001490 f   Adjacencies.obj
 0001:00000500       ??1AdjacenciesBuilder@physx@@QEAA@XZ 0000000180001500 f   Adjacencies.obj
 0001:00000510       ??1PxFoundation@physx@@MEAA@XZ 0000000180001510 f i Adjacencies.obj
 0001:00000520       ??_EPxFoundation@physx@@MEAAPEAXI@Z 0000000180001520 f i Adjacencies.obj
 0001:000005b0       ??1AABBTreeBuildNode@Gu@physx@@QEAA@XZ 00000001800015b0 f i BVHStructureBuilder.obj
 0001:000005b0       ??1BigConvexDataBuilder@physx@@QEAA@XZ 00000001800015b0 f i BigConvexDataBuilder.obj
 0001:000005b0       ??1Box@Gu@physx@@QEAA@XZ   00000001800015b0 f i ConvexHullUtils.obj
 0001:000005b0       ??1HeightFieldData@Gu@physx@@QEAA@XZ 00000001800015b0 f i Cooking.obj
 0001:000005b0       ??_FAllocator@shdfnd@physx@@QEAAXXZ 00000001800015b0 f i Adjacencies.obj
 0001:000005b0       ?onMeshIndexFormatChange@TriangleMeshBuilder@physx@@UEAAXXZ 00000001800015b0 f i TriangleMeshBuilder.obj
 0001:000005b0       _guard_check_icall_nop     00000001800015b0 f i LIBCMT:guard_support.obj
 0001:000005c0       ?ComputeNbBoundaryEdges@Adjacencies@physx@@QEBAIXZ 00000001800015c0 f   Adjacencies.obj
 0001:000008b0       ?GetNbHits@RadixSort@Cm@physx@@QEBAIXZ 00000001800018b0 f i Adjacencies.obj
 0001:000008c0       ?GetNbTotalCalls@RadixSort@Cm@physx@@QEBAIXZ 00000001800018c0 f i Adjacencies.obj
 0001:000008d0       ?GetRanks@RadixSort@Cm@physx@@QEBAPEBIXZ 00000001800018d0 f i Adjacencies.obj
 0001:000008d0       ?getErrorCallback@Foundation@shdfnd@physx@@UEAAAEAVPxErrorCallback@3@XZ 00000001800018d0 f i Adjacencies.obj
 0001:000008e0       ?GetRecyclable@RadixSort@Cm@physx@@QEBAPEAIXZ 00000001800018e0 f i Adjacencies.obj
 0001:000008e0       ?GetValencies@BigConvexData@physx@@QEBAPEBUValency@Gu@2@XZ 00000001800018e0 f i BigConvexDataBuilder.obj
 0001:000008e0       ?getPos@AABBTreeBuildNode@Gu@physx@@QEBAPEBV123@XZ 00000001800018e0 f i BVHStructureBuilder.obj
 0001:000008f0       ?Init@AdjacenciesBuilder@physx@@QEAA_NAEBUADJACENCIESCREATE@2@@Z 00000001800018f0 f   Adjacencies.obj
 0001:00000ed0       ?getAllocator@Foundation@shdfnd@physx@@QEAAAEAVPxAllocatorCallback@3@XZ 0000000180001ed0 f i Adjacencies.obj
 0001:00000ee0       ?getAllocatorCallback@Foundation@shdfnd@physx@@UEAAAEAVPxAllocatorCallback@3@XZ 0000000180001ee0 f i Adjacencies.obj
 0001:00000ef0       ?getErrorLevel@Foundation@shdfnd@physx@@UEBA?AW4Enum@PxErrorCode@3@XZ 0000000180001ef0 f i Adjacencies.obj
 0001:00000f00       ?getInternalErrorCallback@Foundation@shdfnd@physx@@QEAAAEAVPxErrorCallback@3@XZ 0000000180001f00 f i Adjacencies.obj
 0001:00000f10       ?getNamedAllocMap@Foundation@shdfnd@physx@@QEAAAEAV?$HashMap@PEBVNamedAllocator@shdfnd@physx@@PEBDU?$Hash@PEBVNamedAllocator@shdfnd@physx@@@23@VNonTrackingAllocator@23@@23@XZ 0000000180001f10 f i Adjacencies.obj
 0001:00000f20       ?getNamedAllocMutex@Foundation@shdfnd@physx@@QEAAAEAV?$MutexT@VAllocator@shdfnd@physx@@@23@XZ 0000000180001f20 f i Adjacencies.obj
 0001:00000f30       ?getReportAllocationNames@Foundation@shdfnd@physx@@UEBA_NXZ 0000000180001f30 f i Adjacencies.obj
 0001:00000f40       ?getTempAllocFreeTable@Foundation@shdfnd@physx@@QEAAAEAV?$Array@PEATTempAllocatorChunk@shdfnd@physx@@VAllocator@23@@23@XZ 0000000180001f40 f i Adjacencies.obj
 0001:00000f50       ?getTempAllocMutex@Foundation@shdfnd@physx@@QEAAAEAV?$MutexT@VAllocator@shdfnd@physx@@@23@XZ 0000000180001f50 f i Adjacencies.obj
 0001:00000f60       ?invalidateRanks@RadixSort@Cm@physx@@QEAAXXZ 0000000180001f60 f i Adjacencies.obj
 0001:00000f70       ?setErrorLevel@Foundation@shdfnd@physx@@UEAAXW4Enum@PxErrorCode@3@@Z 0000000180001f70 f i Adjacencies.obj
 0001:00000f80       ?setReportAllocationNames@Foundation@shdfnd@physx@@UEAAX_N@Z 0000000180001f80 f i Adjacencies.obj
 0001:00000f90       ??0DebugText@Cm@physx@@QEAA@$$QEAU012@@Z 0000000180001f90 f i Cooking.obj
 0001:00000f90       ??0DebugText@Cm@physx@@QEAA@AEBU012@@Z 0000000180001f90 f i Cooking.obj
 0001:00001070       ??0HeightFieldData@Gu@physx@@QEAA@$$QEAU012@@Z 0000000180002070 f i Cooking.obj
 0001:00001070       ??0HeightFieldData@Gu@physx@@QEAA@AEBU012@@Z 0000000180002070 f i Cooking.obj
 0001:00001070       ??4HeightFieldData@Gu@physx@@QEAAAEAU012@$$QEAU012@@Z 0000000180002070 f i Cooking.obj
 0001:00001070       ??4HeightFieldData@Gu@physx@@QEAAAEAU012@AEBU012@@Z 0000000180002070 f i Cooking.obj
 0001:000010d0       ??0HeightFieldData@Gu@physx@@QEAA@XZ 00000001800020d0 f i Cooking.obj
 0001:000010e0       ??0RenderOutput@Cm@physx@@QEAA@AEAVRenderBuffer@12@@Z 00000001800020e0 f i Cooking.obj
 0001:00001130       ??0RenderOutput@Cm@physx@@QEAA@AEBV012@@Z 0000000180002130 f i Cooking.obj
 0001:000011d0       ??1PxConvexMesh@physx@@MEAA@XZ 00000001800021d0 f i Cooking.obj
 0001:000011d0       ??1PxHeightField@physx@@MEAA@XZ 00000001800021d0 f i Cooking.obj
 0001:000011e0       ??4DebugText@Cm@physx@@QEAAAEAU012@$$QEAU012@@Z 00000001800021e0 f i Cooking.obj
 0001:000011e0       ??4DebugText@Cm@physx@@QEAAAEAU012@AEBU012@@Z 00000001800021e0 f i Cooking.obj
 0001:00001310       ??4FPUGuard@shdfnd@physx@@QEAAAEAV012@AEBV012@@Z 0000000180002310 f i Cooking.obj
 0001:00001330       ??_ECooking@physx@@UEAAPEAXI@Z 0000000180002330 f i Cooking.obj
 0001:00001330       ??_GCooking@physx@@UEAAPEAXI@Z 0000000180002330 f i Cooking.obj
 0001:00001380       ??_EPxBase@physx@@MEAAPEAXI@Z 0000000180002380 f i Cooking.obj
 0001:00001380       ??_GPxBase@physx@@MEAAPEAXI@Z 0000000180002380 f i Cooking.obj
 0001:000013b0       ??_EPxCooking@physx@@MEAAPEAXI@Z 00000001800023b0 f i Cooking.obj
 0001:000013b0       ??_GPxCooking@physx@@MEAAPEAXI@Z 00000001800023b0 f i Cooking.obj
 0001:000013e0       ?allocate@?$Array@UPxDebugLine@physx@@V?$ReflectionAllocator@UPxDebugLine@physx@@@shdfnd@2@@shdfnd@physx@@IEAAPEAUPxDebugLine@3@I@Z 00000001800023e0 f i Cooking.obj
 0001:00001480       ?computeHullPolygons@Cooking@physx@@UEBA_NAEBVPxSimpleTriangleMesh@2@AEAVPxAllocatorCallback@2@AEAIAEAPEAVPxVec3@2@2AEAPEAI2AEAPEAUPxHullPolygon@2@@Z 0000000180002480 f   Cooking.obj
 0001:00001670       ?cookBVHStructure@Cooking@physx@@UEBA_NAEBVPxBVHStructureDesc@2@AEAVPxOutputStream@2@@Z 0000000180002670 f   Cooking.obj
 0001:00001720       ?cookConvexMesh@Cooking@physx@@UEBA_NAEBVPxConvexMeshDesc@2@AEAVPxOutputStream@2@PEAW4Enum@PxConvexMeshCookingResult@2@@Z 0000000180002720 f   Cooking.obj
 0001:00001900       ?cookConvexMeshInternal@Cooking@physx@@AEBA_NAEBVPxConvexMeshDesc@2@AEAVConvexMeshBuilder@2@PEAVConvexHullLib@2@PEAW4Enum@PxConvexMeshCookingResult@2@@Z 0000000180002900 f   Cooking.obj
 0001:00001be0       ?cookHeightField@Cooking@physx@@UEBA_NAEBVPxHeightFieldDesc@2@AEAVPxOutputStream@2@@Z 0000000180002be0 f   Cooking.obj
 0001:00001cb0       ?cookTriangleMesh@Cooking@physx@@UEBA_NAEBVPxTriangleMeshDesc@2@AEAVPxOutputStream@2@PEAW4Enum@PxTriangleMeshCookingResult@2@@Z 0000000180002cb0 f   Cooking.obj
 0001:00001df0       ?copy@?$Array@UPxDebugLine@physx@@V?$ReflectionAllocator@UPxDebugLine@physx@@@shdfnd@2@@shdfnd@physx@@KAXPEAUPxDebugLine@3@0PEBU43@@Z 0000000180002df0 f i Cooking.obj
 0001:00001df0       ?copy@?$Array@URTreeNodeNQ@physx@@V?$ReflectionAllocator@URTreeNodeNQ@physx@@@shdfnd@2@@shdfnd@physx@@KAXPEAURTreeNodeNQ@3@0PEBU43@@Z 0000000180002df0 f i RTreeCooking.obj
 0001:00001f90       ?createBVHStructure@Cooking@physx@@UEBAPEAVPxBVHStructure@2@AEBVPxBVHStructureDesc@2@AEAVPxPhysicsInsertionCallback@2@@Z 0000000180002f90 f   Cooking.obj
 0001:00002040       ?createConvexMesh@Cooking@physx@@UEBAPEAVPxConvexMesh@2@AEBVPxConvexMeshDesc@2@AEAVPxPhysicsInsertionCallback@2@PEAW4Enum@PxConvexMeshCookingResult@2@@Z 0000000180003040 f   Cooking.obj
 0001:00002240       ?createHeightField@Cooking@physx@@UEBAPEAVPxHeightField@2@AEBVPxHeightFieldDesc@2@AEAVPxPhysicsInsertionCallback@2@@Z 0000000180003240 f   Cooking.obj
 0001:000023a0       ?createTriangleMesh@Cooking@physx@@UEBAPEAVPxTriangleMesh@2@AEBVPxTriangleMeshDesc@2@AEAVPxPhysicsInsertionCallback@2@PEAW4Enum@PxTriangleMeshCookingResult@2@@Z 00000001800033a0 f   Cooking.obj
 0001:000024f0       ?getConcreteTypeName@PxConvexMesh@physx@@UEBAPEBDXZ 00000001800034f0 f i Cooking.obj
 0001:00002500       ?getConcreteTypeName@PxHeightField@physx@@UEBAPEBDXZ 0000000180003500 f i Cooking.obj
 0001:00002510       ?getConvexEdgeThreshold@HeightField@Gu@physx@@UEBAMXZ 0000000180003510 f i Cooking.obj
 0001:00002520       ?getFlags@HeightField@Gu@physx@@UEBA?AV?$PxFlags@W4Enum@PxHeightFieldFlag@physx@@G@3@XZ 0000000180003520 f i Cooking.obj
 0001:00002530       ?getFormat@HeightField@Gu@physx@@UEBA?AW4Enum@PxHeightFieldFormat@3@XZ 0000000180003530 f i Cooking.obj
 0001:00002540       ?getHeight@HeightField@Gu@physx@@UEBAMMM@Z 0000000180003540 f i Cooking.obj
 0001:00002580       ?getHeightInternal2@HeightField@Gu@physx@@QEBAMIMM@Z 0000000180003580 f i Cooking.obj
 0001:000026f0       ?getIndexBuffer@ConvexMesh@Gu@physx@@UEBAPEBEXZ 00000001800036f0 f i Cooking.obj
 0001:00002730       ?getNbColumns@HeightField@Gu@physx@@UEBAIXZ 0000000180003730 f i Cooking.obj
 0001:00002740       ?getNbPolygons@ConvexMesh@Gu@physx@@UEBAIXZ 0000000180003740 f i Cooking.obj
 0001:00002750       ?getNbRows@HeightField@Gu@physx@@UEBAIXZ 0000000180003750 f i Cooking.obj
 0001:00002760       ?getNbVertices@ConvexMesh@Gu@physx@@UEBAIXZ 0000000180003760 f i Cooking.obj
 0001:00002770       ?getDenormalizeScale@QuantizerImpl@@UEBAAEBVPxVec3@physx@@XZ 0000000180003770 f   Quantizer.obj
 0001:00002770       ?getParams@Cooking@physx@@UEBAAEBUPxCookingParams@2@XZ 0000000180003770 f   Cooking.obj
 0001:00002780       ?getSample@HeightField@Gu@physx@@UEBAAEBUPxHeightFieldSample@3@II@Z 0000000180003780 f i Cooking.obj
 0001:00002790       ?getSampleStride@HeightField@Gu@physx@@UEBAIXZ 0000000180003790 f i Cooking.obj
 0001:000027a0       ?getTimestamp@HeightField@Gu@physx@@UEBAIXZ 00000001800037a0 f i Cooking.obj
 0001:000027b0       ?getTriangleMaterialIndex@HeightField@Gu@physx@@UEBAGI@Z 00000001800037b0 f i Cooking.obj
 0001:000027d0       ?getTriangleNormal@HeightField@Gu@physx@@UEBA?AVPxVec3@3@I@Z 00000001800037d0 f i Cooking.obj
 0001:000028e0       ?getVertices@ConvexMesh@Gu@physx@@UEBAPEBVPxVec3@3@XZ 00000001800038e0 f i Cooking.obj
 0001:00002900       ?isKindOf@PxBase@physx@@MEBA_NPEBD@Z 0000000180003900 f i Cooking.obj
 0001:00002920       ?isKindOf@PxConvexMesh@physx@@MEBA_NPEBD@Z 0000000180003920 f i Cooking.obj
 0001:00002960       ?isKindOf@PxHeightField@physx@@MEBA_NPEBD@Z 0000000180003960 f i Cooking.obj
 0001:000029a0       ?isReleasable@PxBase@physx@@UEBA_NXZ 00000001800039a0 f i Cooking.obj
 0001:000029b0       ?outputSegment@RenderOutput@Cm@physx@@QEAAXAEBVPxVec3@3@0@Z 00000001800039b0 f i Cooking.obj
 0001:00002a70       ?platformMismatch@Cooking@physx@@UEBA_NXZ 0000000180003a70 f   Cooking.obj
 0001:00002a80       ?preExportDataReset@ConvexMesh@Gu@physx@@QEAAXXZ 0000000180003a80 f i Cooking.obj
 0001:00002a80       ?preExportDataReset@HeightField@Gu@physx@@QEAAXXZ 0000000180003a80 f i Cooking.obj
 0001:00002a90       ?recreate@?$Array@UPxDebugLine@physx@@V?$ReflectionAllocator@UPxDebugLine@physx@@@shdfnd@2@@shdfnd@physx@@IEAAXI@Z 0000000180003a90 f i Cooking.obj
 0001:00002b10       ?release@Cooking@physx@@UEAAXXZ 0000000180003b10 f   Cooking.obj
 0001:00002b30       ?reserveSegments@RenderOutput@Cm@physx@@QEAAPEAUPxDebugLine@3@I@Z 0000000180003b30 f i Cooking.obj
 0001:00002b90       ?setParams@Cooking@physx@@UEAAXAEBUPxCookingParams@2@@Z 0000000180003b90 f   Cooking.obj
 0001:00002bf0       ?validateConvexMesh@Cooking@physx@@UEBA_NAEBVPxConvexMeshDesc@2@@Z 0000000180003bf0 f   Cooking.obj
 0001:00002c50       ?validateTriangleMesh@Cooking@physx@@UEBA_NAEBVPxTriangleMeshDesc@2@@Z 0000000180003c50 f   Cooking.obj
 0001:00002d60       PxCreateCooking            0000000180003d60 f   Cooking.obj
 0001:00002e50       ??0ReducedVertexCloud@physx@@QEAA@PEBVPxVec3@1@I@Z 0000000180003e50 f   CookingUtils.obj
 0001:00002e70       ??1ReducedVertexCloud@physx@@QEAA@XZ 0000000180003e70 f   CookingUtils.obj
 0001:00002e80       ?Clean@ReducedVertexCloud@physx@@QEAAAEAV12@XZ 0000000180003e80 f   CookingUtils.obj
 0001:00002ef0       ?Reduce@ReducedVertexCloud@physx@@QEAA_NPEAUREDUCEDCLOUD@2@@Z 0000000180003ef0 f   CookingUtils.obj
 0001:00003220       ??$?_UI@@YAPEAX_KV?$ReflectionAllocator@I@shdfnd@physx@@PEBDH@Z 0000000180004220 f i EdgeList.obj
 0001:000032c0       ??0EdgeListBuilder@Gu@physx@@QEAA@XZ 00000001800042c0 f   EdgeList.obj
 0001:000032e0       ??1EdgeList@Gu@physx@@QEAA@XZ 00000001800042e0 f   EdgeList.obj
 0001:00003390       ??1EdgeListBuilder@Gu@physx@@QEAA@XZ 0000000180004390 f   EdgeList.obj
 0001:000033a0       ?computeActiveEdges@EdgeListBuilder@Gu@physx@@AEAA_NIPEBIPEBGPEBVPxVec3@3@M@Z 00000001800043a0 f   EdgeList.obj
 0001:000049f0       ?createEdgesToFaces@EdgeListBuilder@Gu@physx@@AEAA_NIPEBIPEBG@Z 00000001800059f0 f   EdgeList.obj
 0001:00004c50       ?createFacesToEdges@EdgeListBuilder@Gu@physx@@AEAA_NIPEBIPEBG@Z 0000000180005c50 f   EdgeList.obj
 0001:00005110       ?init@EdgeListBuilder@Gu@physx@@QEAA_NAEBUEDGELISTCREATE@23@@Z 0000000180006110 f   EdgeList.obj
 0001:00005240       ??0MeshCleaner@physx@@QEAA@IPEBVPxVec3@1@IPEBIM@Z 0000000180006240 f   MeshCleaner.obj
 0001:00005c00       ??1MeshCleaner@physx@@QEAA@XZ 0000000180006c00 f   MeshCleaner.obj
 0001:00005c90       ??$kmeans_cluster@VPxVec3@physx@@M@@YAIPEBVPxVec3@physx@@IIPEAV01@PEAIMM@Z 0000000180006c90 f i Quantizer.obj
 0001:00006670       ??_EQuantizer@physx@@MEAAPEAXI@Z 0000000180007670 f i Quantizer.obj
 0001:00006670       ??_GQuantizer@physx@@MEAAPEAXI@Z 0000000180007670 f i Quantizer.obj
 0001:000066a0       ??_EQuantizerImpl@@EEAAPEAXI@Z 00000001800076a0 f i Quantizer.obj
 0001:000066a0       ??_GQuantizerImpl@@EEAAPEAXI@Z 00000001800076a0 f i Quantizer.obj
 0001:00006770       ?createQuantizer@physx@@YAPEAVQuantizer@1@XZ 0000000180007770 f   Quantizer.obj
 0001:00006820       ?getDenormalizeCenter@QuantizerImpl@@UEBAAEBVPxVec3@physx@@XZ 0000000180007820 f i Quantizer.obj
 0001:00006830       ?growAndPushBack@?$Array@VPxVec3@physx@@V?$ReflectionAllocator@VPxVec3@physx@@@shdfnd@2@@shdfnd@physx@@IEAAAEAVPxVec3@3@AEBV43@@Z 0000000180007830 f i Quantizer.obj
 0001:00006a20       ?kmeansQuantize3D@QuantizerImpl@@UEAAPEBVPxVec3@physx@@IPEBV23@I_NIAEAI@Z 0000000180007a20 f i Quantizer.obj
 0001:00006c80       ?normalizeInput@QuantizerImpl@@AEAAXIPEBVPxVec3@physx@@I@Z 0000000180007c80 f i Quantizer.obj
 0001:00007080       ?release@QuantizerImpl@@UEAAXXZ 0000000180008080 f i Quantizer.obj
 0001:000070a0       ??$copy@V?$ReflectionAllocator@USlab@NodeAllocator@Gu@physx@@@shdfnd@physx@@@?$Array@USlab@NodeAllocator@Gu@physx@@V?$ReflectionAllocator@USlab@NodeAllocator@Gu@physx@@@shdfnd@4@@shdfnd@physx@@IEAAXAEBV012@@Z 00000001800080a0 f i BVHStructureBuilder.obj
 0001:00007120       ??0AABBTreeBuildNode@Gu@physx@@QEAA@AEBV012@@Z 0000000180008120 f i BVHStructureBuilder.obj
 0001:00007120       ??4AABBTreeBuildNode@Gu@physx@@QEAAAEAV012@AEBV012@@Z 0000000180008120 f i BVHStructureBuilder.obj
 0001:00007160       ??0AABBTreeBuildParams@Gu@physx@@QEAA@IIPEBVPxBounds3@2@@Z 0000000180008160 f i BVHStructureBuilder.obj
 0001:00007180       ??0BVHStructureBuilder@physx@@QEAA@XZ 0000000180008180 f   BVHStructureBuilder.obj
 0001:000071a0       ??0BuildStats@Gu@physx@@QEAA@XZ 00000001800081a0 f i BVHStructureBuilder.obj
 0001:000071b0       ??0NodeAllocator@Gu@physx@@QEAA@AEBV012@@Z 00000001800081b0 f i BVHStructureBuilder.obj
 0001:000071f0       ??1AABBTreeBuildParams@Gu@physx@@QEAA@XZ 00000001800081f0 f i BVHStructureBuilder.obj
 0001:000071f0       ?reset@AABBTreeBuildParams@Gu@physx@@QEAAXXZ 00000001800081f0 f i BVHStructureBuilder.obj
 0001:00007260       ??1BVHStructureBuilder@physx@@QEAA@XZ 0000000180008260 f   BVHStructureBuilder.obj
 0001:000072f0       ??4AABBTreeBuildParams@Gu@physx@@QEAAAEAV012@AEBV012@@Z 00000001800082f0 f i BVHStructureBuilder.obj
 0001:00007310       ??4BuildStats@Gu@physx@@QEAAAEAU012@$$QEAU012@@Z 0000000180008310 f i BVHStructureBuilder.obj
 0001:00007320       ??4BuildStats@Gu@physx@@QEAAAEAU012@AEBU012@@Z 0000000180008320 f i BVHStructureBuilder.obj
 0001:00007330       ??4NodeAllocator@Gu@physx@@QEAAAEAV012@AEBV012@@Z 0000000180008330 f i BVHStructureBuilder.obj
 0001:000073e0       ??_FAABBTreeBuildParams@Gu@physx@@QEAAXXZ 00000001800083e0 f i BVHStructureBuilder.obj
 0001:00007400       ??_V@YAXPEAX_K@Z           0000000180008400 f i LIBCMT:delete_array_size.obj
 0001:00007400       ?__global_delete@@YAXPEAX_K@Z 0000000180008400 f i BVHStructureBuilder.obj
 0001:00007410       ?allocate@?$Array@USlab@NodeAllocator@Gu@physx@@V?$ReflectionAllocator@USlab@NodeAllocator@Gu@physx@@@shdfnd@4@@shdfnd@physx@@IEAAPEAUSlab@NodeAllocator@Gu@3@I@Z 0000000180008410 f i BVHStructureBuilder.obj
 0001:000074b0       ?flatten@@YAXAEBVNodeAllocator@Gu@physx@@PEAUBVHNode@23@@Z 00000001800084b0 f   BVHStructureBuilder.obj
 0001:00007670       ?getCount@BuildStats@Gu@physx@@QEBAIXZ 0000000180008670 f i BVHStructureBuilder.obj
 0001:00007680       ?getNbPrimitives@AABBTreeBuildNode@Gu@physx@@QEBAIXZ 0000000180008680 f i BVHStructureBuilder.obj
 0001:00007680       ?getNbRuntimePrimitives@AABBTreeBuildNode@Gu@physx@@QEBAIXZ 0000000180008680 f i BVHStructureBuilder.obj
 0001:00007690       ?getNeg@AABBTreeBuildNode@Gu@physx@@QEBAPEBV123@XZ 0000000180008690 f i BVHStructureBuilder.obj
 0001:000076b0       ?getPrimitives@AABBTreeBuildNode@Gu@physx@@QEAAPEAIPEAI@Z 00000001800086b0 f i BVHStructureBuilder.obj
 0001:000076b0       ?getPrimitives@AABBTreeBuildNode@Gu@physx@@QEBAPEBIPEBI@Z 00000001800086b0 f i BVHStructureBuilder.obj
 0001:000076c0       ?increaseCount@BuildStats@Gu@physx@@QEAAXI@Z 00000001800086c0 f i BVHStructureBuilder.obj
 0001:000076d0       ?isLeaf@AABBTreeBuildNode@Gu@physx@@QEBA_NXZ 00000001800086d0 f i BVHStructureBuilder.obj
 0001:000076e0       ?loadFromDesc@BVHStructureBuilder@physx@@QEAA_NAEBVPxBVHStructureDesc@2@@Z 00000001800086e0 f   BVHStructureBuilder.obj
 0001:000079f0       ?moveData@BVHStructureBuilder@physx@@QEAAXAEAUBVHStructureData@Gu@2@@Z 00000001800089f0 f   BVHStructureBuilder.obj
 0001:00007a30       ?recreate@?$Array@USlab@NodeAllocator@Gu@physx@@V?$ReflectionAllocator@USlab@NodeAllocator@Gu@physx@@@shdfnd@4@@shdfnd@physx@@IEAAXI@Z 0000000180008a30 f i BVHStructureBuilder.obj
 0001:00007ae0       ?reset@BuildStats@Gu@physx@@QEAAXXZ 0000000180008ae0 f i BVHStructureBuilder.obj
 0001:00007af0       ?save@BVHStructureBuilder@physx@@QEBA_NAEAVPxOutputStream@2@_N@Z 0000000180008af0 f   BVHStructureBuilder.obj
 0001:00007c70       ?setCount@BuildStats@Gu@physx@@QEAAXI@Z 0000000180008c70 f i BVHStructureBuilder.obj
 0001:00007c80       ?setNbRunTimePrimitives@AABBTreeBuildNode@Gu@physx@@QEAAXI@Z 0000000180008c80 f i BVHStructureBuilder.obj
 0001:00007c90       ?saveHeightField@physx@@YA_NAEBVHeightField@Gu@1@AEAVPxOutputStream@1@_N@Z 0000000180008c90 f   HeightFieldCooking.obj
 0001:00007ed0       ??$quickSelectFirstK@UBoundsLTE@physx@@@quickSelect@physx@@YAXPEIAIIIIAEBUBoundsLTE@1@@Z 0000000180008ed0 f i RTreeCooking.obj
 0001:000080a0       ??$smallSort@I$$CBUSortBoundsPredicate@physx@@@internal@shdfnd@physx@@YAXPEAIHHAEBUSortBoundsPredicate@2@@Z 00000001800090a0 f i RTreeCooking.obj
 0001:00008300       ??$sort@IU?$Less@I@shdfnd@physx@@V?$ReflectionAllocator@I@23@@shdfnd@physx@@YAXPEAIIAEBU?$Less@I@01@AEBV?$ReflectionAllocator@I@01@I@Z 0000000180009300 f i RTreeCooking.obj
 0001:000086e0       ??$sort@IUSortBoundsPredicate@physx@@V?$ReflectionAllocator@I@shdfnd@2@@shdfnd@physx@@YAXPEAIIAEBUSortBoundsPredicate@1@AEBV?$ReflectionAllocator@I@01@I@Z 00000001800096e0 f i RTreeCooking.obj
 0001:00008b40       ?allocate@?$Array@UInterval@physx@@V?$InlineAllocator@$0CAAA@V?$ReflectionAllocator@UInterval@physx@@@shdfnd@physx@@@shdfnd@2@@shdfnd@physx@@IEAAPEAUInterval@3@I@Z 0000000180009b40 f i RTreeCooking.obj
 0001:00008c00       ?allocate@?$Array@UPxBounds3V@physx@@V?$ReflectionAllocator@UPxBounds3V@physx@@@shdfnd@2@@shdfnd@physx@@IEAAPEAUPxBounds3V@3@I@Z 0000000180009c00 f i RTreeCooking.obj
 0001:00008ca0       ?allocate@?$Array@URTreeNodeNQ@physx@@V?$ReflectionAllocator@URTreeNodeNQ@physx@@@shdfnd@2@@shdfnd@physx@@IEAAPEAURTreeNodeNQ@3@I@Z 0000000180009ca0 f i RTreeCooking.obj
 0001:00008d40       ?allocate@?$Array@URTreeNodeQ@Gu@physx@@V?$ReflectionAllocator@URTreeNodeQ@Gu@physx@@@shdfnd@3@@shdfnd@physx@@IEAAPEAURTreeNodeQ@Gu@3@I@Z 0000000180009d40 f i RTreeCooking.obj
 0001:00008de0       ?allocate@?$Array@VPxVec3@physx@@V?$ReflectionAllocator@VPxVec3@physx@@@shdfnd@2@@shdfnd@physx@@IEAAPEAVPxVec3@3@I@Z 0000000180009de0 f i RTreeCooking.obj
 0001:00008e90       ?allocate@?$ReflectionAllocator@I@shdfnd@physx@@QEAAPEAX_KPEBDH@Z 0000000180009e90 f i RTreeCooking.obj
 0001:00009bd0       ?buildFromTriangles@RTreeCooker@physx@@SAXAEAURTree@Gu@2@PEBVPxVec3@2@IPEBGPEBIIAEAV?$Array@IV?$ReflectionAllocator@I@shdfnd@physx@@@shdfnd@2@PEAURemapCallback@12@MW4Enum@PxMeshCookingHint@2@@Z 000000018000abd0 f   RTreeCooking.obj
 0001:00009e90       ?copy@?$Array@VPxVec3@physx@@V?$ReflectionAllocator@VPxVec3@physx@@@shdfnd@2@@shdfnd@physx@@KAXPEAVPxVec3@3@0PEBV43@@Z 000000018000ae90 f i RTreeCooking.obj
 0001:00009f50       ?growAndPushBack@?$Array@IV?$ReflectionAllocator@I@shdfnd@physx@@@shdfnd@physx@@IEAAAEAIAEBI@Z 000000018000af50 f i RTreeCooking.obj
 0001:0000a020       ?growAndPushBack@?$Array@UInterval@physx@@V?$InlineAllocator@$0CAAA@V?$ReflectionAllocator@UInterval@physx@@@shdfnd@physx@@@shdfnd@2@@shdfnd@physx@@IEAAAEAUInterval@3@AEBU43@@Z 000000018000b020 f i RTreeCooking.obj
 0001:0000a100       ?growAndPushBack@?$Array@UPxBounds3V@physx@@V?$ReflectionAllocator@UPxBounds3V@physx@@@shdfnd@2@@shdfnd@physx@@IEAAAEAUPxBounds3V@3@AEBU43@@Z 000000018000b100 f i RTreeCooking.obj
 0001:0000a1e0       ?growAndPushBack@?$Array@URTreeNodeNQ@physx@@V?$ReflectionAllocator@URTreeNodeNQ@physx@@@shdfnd@2@@shdfnd@physx@@IEAAAEAURTreeNodeNQ@3@AEBU43@@Z 000000018000b1e0 f i RTreeCooking.obj
 0001:0000a2d0       ?growAndPushBack@?$Array@URTreeNodeQ@Gu@physx@@V?$ReflectionAllocator@URTreeNodeQ@Gu@physx@@@shdfnd@3@@shdfnd@physx@@IEAAAEAURTreeNodeQ@Gu@3@AEBU453@@Z 000000018000b2d0 f i RTreeCooking.obj
 0001:0000a3c0       ?recreate@?$Array@IV?$ReflectionAllocator@I@shdfnd@physx@@@shdfnd@physx@@IEAAXI@Z 000000018000b3c0 f i RTreeCooking.obj
 0001:0000a480       ?recreate@?$Array@UPxBounds3V@physx@@V?$ReflectionAllocator@UPxBounds3V@physx@@@shdfnd@2@@shdfnd@physx@@IEAAXI@Z 000000018000b480 f i RTreeCooking.obj
 0001:0000a530       ?recreate@?$Array@URTreeNodeNQ@physx@@V?$ReflectionAllocator@URTreeNodeNQ@physx@@@shdfnd@2@@shdfnd@physx@@IEAAXI@Z 000000018000b530 f i RTreeCooking.obj
 0001:0000a5b0       ?recreate@?$Array@URTreeNodeQ@Gu@physx@@V?$ReflectionAllocator@URTreeNodeQ@Gu@physx@@@shdfnd@3@@shdfnd@physx@@IEAAXI@Z 000000018000b5b0 f i RTreeCooking.obj
 0001:0000a670       ?recreate@?$Array@VPxVec3@physx@@V?$ReflectionAllocator@VPxVec3@physx@@@shdfnd@2@@shdfnd@physx@@IEAAXI@Z 000000018000b670 f i RTreeCooking.obj
 0001:0000a6f0       ?resize@?$Array@IV?$ReflectionAllocator@I@shdfnd@physx@@@shdfnd@physx@@QEAAXIAEBI@Z 000000018000b6f0 f i RTreeCooking.obj
 0001:0000a7b0       ?resizeUninitialized@?$Array@URTreeNodeNQ@physx@@V?$ReflectionAllocator@URTreeNodeNQ@physx@@@shdfnd@2@@shdfnd@physx@@QEAAXI@Z 000000018000b7b0 f i RTreeCooking.obj
 0001:0000a7f0       ?sort4@SubSortQuick@physx@@QEAAXPEIAIIAEAV?$Array@URTreeNodeNQ@physx@@V?$ReflectionAllocator@URTreeNodeNQ@physx@@@shdfnd@2@@shdfnd@2@AEAIAEAUPxBounds3V@2@I@Z 000000018000b7f0 f i RTreeCooking.obj
 0001:0000ab90       ?sort4@SubSortSAH@physx@@QEAAXPEAIIAEAV?$Array@URTreeNodeNQ@physx@@V?$ReflectionAllocator@URTreeNodeNQ@physx@@@shdfnd@2@@shdfnd@2@AEAIIPEAURTreeNodeNQ@2@@Z 000000018000bb90 f i RTreeCooking.obj
 0001:0000b4d0       ?split@SubSortSAH@physx@@QEAAIPEAII@Z 000000018000c4d0 f i RTreeCooking.obj
 0001:0000bfb0       ?computeLocalBounds@MeshBulider@physx@@IEAAXAEAVMeshDataBase@Gu@2@@Z 000000018000cfb0 f   MeshBuilder.obj
 0001:0000c040       ??$?_UG@@YAPEAX_KV?$ReflectionAllocator@G@shdfnd@physx@@PEBDH@Z 000000018000d040 f i TriangleMeshBuilder.obj
 0001:0000c0e0       ??$median3@UEdgeTriLookup@physx@@$$CBU?$Less@UEdgeTriLookup@physx@@@shdfnd@2@@internal@shdfnd@physx@@YAXPEAUEdgeTriLookup@2@HHAEBU?$Less@UEdgeTriLookup@physx@@@12@@Z 000000018000d0e0 f i TriangleMeshBuilder.obj
 0001:0000c230       ??$sort@UEdgeTriLookup@physx@@U?$Less@UEdgeTriLookup@physx@@@shdfnd@2@V?$ReflectionAllocator@UEdgeTriLookup@physx@@@42@@shdfnd@physx@@YAXPEAUEdgeTriLookup@1@IAEBU?$Less@UEdgeTriLookup@physx@@@01@AEBV?$ReflectionAllocator@UEdgeTriLookup@physx@@@01@I@Z 000000018000d230 f i TriangleMeshBuilder.obj
 0001:0000c6d0       ??0BV4TriangleMeshBuilder@physx@@QEAA@AEBUPxCookingParams@1@@Z 000000018000d6d0 f   TriangleMeshBuilder.obj
 0001:0000c7a0       ??0RTreeTriangleMeshBuilder@physx@@QEAA@AEBUPxCookingParams@1@@Z 000000018000d7a0 f   TriangleMeshBuilder.obj
 0001:0000c860       ??1BV4TriangleMeshBuilder@physx@@UEAA@XZ 000000018000d860 f   TriangleMeshBuilder.obj
 0001:0000c8c0       ??1MeshDataBase@Gu@physx@@UEAA@XZ 000000018000d8c0 f i TriangleMeshBuilder.obj
 0001:0000c9b0       ??1RTreeTriangleData@Gu@physx@@UEAA@XZ 000000018000d9b0 f i TriangleMeshBuilder.obj
 0001:0000ca20       ??1RTreeTriangleMeshBuilder@physx@@UEAA@XZ 000000018000da20 f   TriangleMeshBuilder.obj
 0001:0000ca50       ??1TriangleMeshBuilder@physx@@UEAA@XZ 000000018000da50 f   TriangleMeshBuilder.obj
 0001:0000cac0       ??1TriangleMeshData@Gu@physx@@UEAA@XZ 000000018000dac0 f i TriangleMeshBuilder.obj
 0001:0000cb90       ??_EBV4TriangleData@Gu@physx@@UEAAPEAXI@Z 000000018000db90 f i TriangleMeshBuilder.obj
 0001:0000cb90       ??_GBV4TriangleData@Gu@physx@@UEAAPEAXI@Z 000000018000db90 f i TriangleMeshBuilder.obj
 0001:0000cc20       ??_EBV4TriangleMeshBuilder@physx@@UEAAPEAXI@Z 000000018000dc20 f i TriangleMeshBuilder.obj
 0001:0000cc20       ??_GBV4TriangleMeshBuilder@physx@@UEAAPEAXI@Z 000000018000dc20 f i TriangleMeshBuilder.obj
 0001:0000cca0       ??_EMeshDataBase@Gu@physx@@UEAAPEAXI@Z 000000018000dca0 f i TriangleMeshBuilder.obj
 0001:0000cca0       ??_GMeshDataBase@Gu@physx@@UEAAPEAXI@Z 000000018000dca0 f i TriangleMeshBuilder.obj
 0001:0000cd10       ??_ERTreeCookerRemap@physx@@UEAAPEAXI@Z 000000018000dd10 f i TriangleMeshBuilder.obj
 0001:0000cd10       ??_GRTreeCookerRemap@physx@@UEAAPEAXI@Z 000000018000dd10 f i TriangleMeshBuilder.obj
 0001:0000cd40       ??_ERTreeTriangleData@Gu@physx@@UEAAPEAXI@Z 000000018000dd40 f i TriangleMeshBuilder.obj
 0001:0000cd40       ??_GRTreeTriangleData@Gu@physx@@UEAAPEAXI@Z 000000018000dd40 f i TriangleMeshBuilder.obj
 0001:0000cdb0       ??_ERTreeTriangleMeshBuilder@physx@@UEAAPEAXI@Z 000000018000ddb0 f i TriangleMeshBuilder.obj
 0001:0000cdb0       ??_GRTreeTriangleMeshBuilder@physx@@UEAAPEAXI@Z 000000018000ddb0 f i TriangleMeshBuilder.obj
 0001:0000ce00       ??_ERemapCallback@RTreeCooker@physx@@UEAAPEAXI@Z 000000018000de00 f i TriangleMeshBuilder.obj
 0001:0000ce00       ??_GRemapCallback@RTreeCooker@physx@@UEAAPEAXI@Z 000000018000de00 f i TriangleMeshBuilder.obj
 0001:0000ce30       ??_ETriangleMeshBuilder@physx@@UEAAPEAXI@Z 000000018000de30 f i TriangleMeshBuilder.obj
 0001:0000ce30       ??_GTriangleMeshBuilder@physx@@UEAAPEAXI@Z 000000018000de30 f i TriangleMeshBuilder.obj
 0001:0000ce70       ??_ETriangleMeshData@Gu@physx@@UEAAPEAXI@Z 000000018000de70 f i TriangleMeshBuilder.obj
 0001:0000ce70       ??_GTriangleMeshData@Gu@physx@@UEAAPEAXI@Z 000000018000de70 f i TriangleMeshBuilder.obj
 0001:0000cee0       ?allocateTriangles@TriangleMeshData@Gu@physx@@QEAAPEAXI_NI@Z 000000018000dee0 f i TriangleMeshBuilder.obj
 0001:0000cfc0       ?allocateVertices@MeshDataBase@Gu@physx@@QEAAPEAVPxVec3@3@I@Z 000000018000dfc0 f i TriangleMeshBuilder.obj
 0001:0000d510       ?checkMeshIndicesSize@TriangleMeshBuilder@physx@@QEAAXXZ 000000018000e510 f   TriangleMeshBuilder.obj
 0001:0000d820       ?cleanMesh@TriangleMeshBuilder@physx@@QEAA_N_NPEAW4Enum@PxTriangleMeshCookingResult@2@@Z 000000018000e820 f   TriangleMeshBuilder.obj
 0001:0000dcf0       ?createGRBMidPhaseAndData@TriangleMeshBuilder@physx@@QEAAXI@Z 000000018000ecf0 f   TriangleMeshBuilder.obj
 0001:0000e090       ?createMidPhaseStructure@BV4TriangleMeshBuilder@physx@@UEAAXXZ 000000018000f090 f   TriangleMeshBuilder.obj
 0001:0000e310       ?createMidPhaseStructure@RTreeTriangleMeshBuilder@physx@@UEAAXXZ 000000018000f310 f   TriangleMeshBuilder.obj
 0001:0000e3f0       ?createSharedEdgeData@TriangleMeshBuilder@physx@@QEAAX_N0@Z 000000018000f3f0 f   TriangleMeshBuilder.obj
 0001:0000ea50       ?getMidphaseID@BV4TriangleMeshBuilder@physx@@UEBA?AW4Enum@PxMeshMidPhase@2@XZ 000000018000fa50 f i TriangleMeshBuilder.obj
 0001:0000ea50       ?length@charNode@@UEBAHXZ  000000018000fa50 f i libvcruntime:undname.obj
 0001:0000ea50       ?raw_length@charNode@@UEBAHXZ 000000018000fa50 f i libvcruntime:undname.obj
 0001:0000ea50       DllMain                    000000018000fa50 f i LIBCMT:dll_dllmain_stub.obj
 0001:0000ea50       _get_startup_argv_mode     000000018000fa50 f i LIBCMT:argv_mode.obj
 0001:0000ea60       ?getMidphaseID@RTreeTriangleMeshBuilder@physx@@UEBA?AW4Enum@PxMeshMidPhase@2@XZ 000000018000fa60 f i TriangleMeshBuilder.obj
 0001:0000ea70       ?importMesh@TriangleMeshBuilder@physx@@IEAA_NAEBVPxTriangleMeshDesc@2@AEBUPxCookingParams@2@PEAW4Enum@PxTriangleMeshCookingResult@2@_N@Z 000000018000fa70 f   TriangleMeshBuilder.obj
 0001:0000ed20       ?loadFromDesc@TriangleMeshBuilder@physx@@QEAA_NAEBVPxTriangleMeshDesc@2@PEAW4Enum@PxTriangleMeshCookingResult@2@_N@Z 000000018000fd20 f   TriangleMeshBuilder.obj
 0001:0000f110       ?onMeshIndexFormatChange@BV4TriangleMeshBuilder@physx@@UEAAXXZ 0000000180010110 f   TriangleMeshBuilder.obj
 0001:0000f150       ?remap@RTreeCookerRemap@physx@@UEAAXPEAIII@Z 0000000180010150 f i TriangleMeshBuilder.obj
 0001:0000f170       ?remapTopology@TriangleMeshBuilder@physx@@QEAAXPEBI@Z 0000000180010170 f   TriangleMeshBuilder.obj
 0001:0000f3c0       ?save@TriangleMeshBuilder@physx@@QEBA_NAEAVPxOutputStream@2@_NAEBUPxCookingParams@2@@Z 00000001800103c0 f   TriangleMeshBuilder.obj
 0001:0000f990       ?saveMidPhaseStructure@BV4TriangleMeshBuilder@physx@@UEBAXAEAVPxOutputStream@2@_N@Z 0000000180010990 f   TriangleMeshBuilder.obj
 0001:0000fb30       ?saveMidPhaseStructure@RTreeTriangleMeshBuilder@physx@@UEBAXAEAVPxOutputStream@2@_N@Z 0000000180010b30 f   TriangleMeshBuilder.obj
 0001:0000fd70       ??0BigConvexDataBuilder@physx@@QEAA@PEBUConvexHullData@Gu@1@PEAVBigConvexData@1@PEBVPxVec3@1@@Z 0000000180010d70 f   BigConvexDataBuilder.obj
 0001:0000fd80       ??4BigConvexData@physx@@QEAAAEAV01@AEBV01@@Z 0000000180010d80 f i BigConvexDataBuilder.obj
 0001:0000fda0       ?GetAdjacentVerts@BigConvexData@physx@@QEBAPEBEXZ 0000000180010da0 f i BigConvexDataBuilder.obj
 0001:0000fdb0       ?GetNbNeighbors@BigConvexData@physx@@QEBAGI@Z 0000000180010db0 f i BigConvexDataBuilder.obj
 0001:0000fdb0       ?GetValency@BigConvexData@physx@@QEBAGI@Z 0000000180010db0 f i BigConvexDataBuilder.obj
 0001:0000fdc0       ?GetNbSamples@BigConvexData@physx@@QEBAIXZ 0000000180010dc0 f i BigConvexDataBuilder.obj
 0001:0000fdd0       ?GetNbVerts@BigConvexData@physx@@QEBAIXZ 0000000180010dd0 f i BigConvexDataBuilder.obj
 0001:0000fdd0       ?length@pcharNode@@UEBAHXZ 0000000180010dd0 f i libvcruntime:undname.obj
 0001:0000fdd0       ?raw_length@pcharNode@@UEBAHXZ 0000000180010dd0 f i libvcruntime:undname.obj
 0001:0000fde0       ?GetNeighbors@BigConvexData@physx@@QEBAPEBEI@Z 0000000180010de0 f i BigConvexDataBuilder.obj
 0001:0000fdf0       ?GetOffset@BigConvexData@physx@@QEBAGI@Z 0000000180010df0 f i BigConvexDataBuilder.obj
 0001:0000fe00       ?GetSubdiv@BigConvexData@physx@@QEBAIXZ 0000000180010e00 f i BigConvexDataBuilder.obj
 0001:0000fe10       ?computeValencies@BigConvexDataBuilder@physx@@QEAA_NAEBVConvexHullBuilder@2@@Z 0000000180010e10 f   BigConvexDataBuilder.obj
 0001:000101d0       ?precompute@BigConvexDataBuilder@physx@@QEAA_NI@Z 00000001800111d0 f   BigConvexDataBuilder.obj
 0001:00010e00       ?save@BigConvexDataBuilder@physx@@QEBA_NAEAVPxOutputStream@2@_N@Z 0000000180011e00 f   BigConvexDataBuilder.obj
 0001:00010ee0       ?saveValencies@BigConvexDataBuilder@physx@@QEBA_NAEAVPxOutputStream@2@_N@Z 0000000180011ee0 f   BigConvexDataBuilder.obj
 0001:00011090       ??$?_UE@@YAPEAX_KV?$ReflectionAllocator@E@shdfnd@physx@@PEBDH@Z 0000000180012090 f i ConvexHullBuilder.obj
 0001:00011130       ??0ConvexHullBuilder@physx@@QEAA@PEAUConvexHullData@Gu@1@_N@Z 0000000180012130 f   ConvexHullBuilder.obj
 0001:00011160       ??1ConvexHullBuilder@physx@@QEAA@XZ 0000000180012160 f   ConvexHullBuilder.obj
 0001:00011270       ?calculateVertexMapTable@ConvexHullBuilder@physx@@QEAA_NI_N@Z 0000000180012270 f   ConvexHullBuilder.obj
 0001:00011430       ?checkHullPolygons@ConvexHullBuilder@physx@@QEBA_NXZ 0000000180012430 f   ConvexHullBuilder.obj
 0001:00011c30       ?computeGeomCenter@ConvexHullBuilder@physx@@IEBA_NAEAVPxVec3@2@IPEAUHullTriangleData@2@@Z 0000000180012c30 f   ConvexHullBuilder.obj
 0001:00011ee0       ?copy@ConvexHullBuilder@physx@@QEAA_NAEAUConvexHullData@Gu@2@AEAI@Z 0000000180012ee0 f   ConvexHullBuilder.obj
 0001:00012160       ?createEdgeList@ConvexHullBuilder@physx@@QEAA_N_NI@Z 0000000180013160 f   ConvexHullBuilder.obj
 0001:00012950       ?init@ConvexHullBuilder@physx@@QEAA_NIPEBVPxVec3@2@PEBIIIPEBUPxHullPolygon@2@_NPEAVConvexHullLib@2@@Z 0000000180013950 f   ConvexHullBuilder.obj
 0001:00012d60       ?save@ConvexHullBuilder@physx@@QEBA_NAEAVPxOutputStream@2@_N@Z 0000000180013d60 f   ConvexHullBuilder.obj
 0001:000130a0       ??1ConvexHullLib@physx@@UEAA@XZ 00000001800140a0 f   ConvexHullLib.obj
 0001:00013100       ??_EConvexHullLib@physx@@UEAAPEAXI@Z 0000000180014100 f i ConvexHullLib.obj
 0001:00013100       ??_GConvexHullLib@physx@@UEAAPEAXI@Z 0000000180014100 f i ConvexHullLib.obj
 0001:00013580       ?cleanupVertices@ConvexHullLib@physx@@IEAA_NIPEBVPxVec3@2@IAEAIPEAV32@AEAV32@3@Z 0000000180014580 f   ConvexHullLib.obj
 0001:00013a00       ?shiftAndcleanupVertices@ConvexHullLib@physx@@IEAA_NIPEBVPxVec3@2@IAEAIPEAV32@AEAV32@3@Z 0000000180014a00 f   ConvexHullLib.obj
 0001:00013eb0       ?shiftConvexMeshDesc@ConvexHullLib@physx@@IEAAXAEAVPxConvexMeshDesc@2@@Z 0000000180014eb0 f   ConvexHullLib.obj
 0001:00013f70       ?swapLargestFace@ConvexHullLib@physx@@IEAAXAEAVPxConvexMeshDesc@2@@Z 0000000180014f70 f   ConvexHullLib.obj
 0001:00014160       ??0Box@Gu@physx@@QEAA@AEBV012@@Z 0000000180015160 f i ConvexHullUtils.obj
 0001:00014160       ??4Box@Gu@physx@@QEAAAEBV012@AEBV012@@Z 0000000180015160 f i ConvexHullUtils.obj
 0001:000141c0       ??0Box@Gu@physx@@QEAA@AEBVPxVec3@2@0AEBVPxMat33@2@@Z 00000001800151c0 f i ConvexHullUtils.obj
 0001:00014230       ??0ConvexHull@physx@@QEAA@AEBVPxVec3@1@AEBVPxTransform@1@AEBV?$Array@VPxPlane@physx@@V?$ReflectionAllocator@VPxPlane@physx@@@shdfnd@2@@shdfnd@1@@Z 0000000180015230 f   ConvexHullUtils.obj
 0001:000153e0       ??0PxQuat@physx@@QEAA@AEBVPxMat33@1@@Z 00000001800163e0 f i ConvexHullUtils.obj
 0001:000155d0       ?allocate@?$Array@VHalfEdge@ConvexHull@physx@@V?$ReflectionAllocator@VHalfEdge@ConvexHull@physx@@@shdfnd@3@@shdfnd@physx@@IEAAPEAVHalfEdge@ConvexHull@3@I@Z 00000001800165d0 f i ConvexHullUtils.obj
 0001:00015670       ?allocate@?$Array@VPxPlane@physx@@V?$ReflectionAllocator@VPxPlane@physx@@@shdfnd@2@@shdfnd@physx@@IEAAPEAVPxPlane@3@I@Z 0000000180016670 f i ConvexHullUtils.obj
 0001:00015710       ?assertIntact@ConvexHull@physx@@QEBA_NM@Z 0000000180016710 f   ConvexHullUtils.obj
 0001:00015a20       ?computeAABBExtent@Box@Gu@physx@@QEBA?AVPxVec3@3@XZ 0000000180016a20 f i ConvexHullUtils.obj
 0001:00015ae0       ?computeBoxPoints@Box@Gu@physx@@QEBAXPEIAVPxVec3@3@@Z 0000000180016ae0 f i ConvexHullUtils.obj
 0001:00015b20       ?computeOBBFromConvex@physx@@YA_NAEBVPxConvexMeshDesc@1@AEAVPxVec3@1@AEAVPxTransform@1@@Z 0000000180016b20 f   ConvexHullUtils.obj
 0001:00016260       ?computeOBBSIMD@local@@YAXIPEBT__m128@@AEAT2@AEBT2@1@Z 0000000180017260 f   ConvexHullUtils.obj
 0001:00016640       ?convexHullCrop@physx@@YAPEAVConvexHull@1@AEBV21@AEBVPxPlane@1@M@Z 0000000180017640 f   ConvexHullUtils.obj
 0001:00017430       ?copy@?$Array@VPxPlane@physx@@V?$ReflectionAllocator@VPxPlane@physx@@@shdfnd@2@@shdfnd@physx@@KAXPEAVPxPlane@3@0PEBV43@@Z 0000000180018430 f i ConvexHullUtils.obj
 0001:00017520       ?findCandidatePlane@ConvexHull@physx@@QEBAHMM@Z 0000000180018520 f   ConvexHullUtils.obj
 0001:00017970       ?getInverse@PxMat33@physx@@QEBA?BV12@XZ 0000000180018970 f i ConvexHullUtils.obj
 0001:00017bb0       ?getTransform@Box@Gu@physx@@QEBA?AVPxTransform@3@XZ 0000000180018bb0 f i ConvexHullUtils.obj
 0001:00017c10       ?growAndPushBack@?$Array@VHalfEdge@ConvexHull@physx@@V?$ReflectionAllocator@VHalfEdge@ConvexHull@physx@@@shdfnd@3@@shdfnd@physx@@IEAAAEAVHalfEdge@ConvexHull@3@AEBV453@@Z 0000000180018c10 f i ConvexHullUtils.obj
 0001:00017cd0       ?growAndPushBack@?$Array@VPxPlane@physx@@V?$ReflectionAllocator@VPxPlane@physx@@@shdfnd@2@@shdfnd@physx@@IEAAAEAVPxPlane@3@AEBV43@@Z 0000000180018cd0 f i ConvexHullUtils.obj
 0001:00017da0       ?isValid@Box@Gu@physx@@QEBA_NXZ 0000000180018da0 f i ConvexHullUtils.obj
 0001:00017dc0       ?maxNumVertsPerFace@ConvexHull@physx@@QEBAIXZ 0000000180018dc0 f   ConvexHullUtils.obj
 0001:00017e60       ?recreate@?$Array@VHalfEdge@ConvexHull@physx@@V?$ReflectionAllocator@VHalfEdge@ConvexHull@physx@@@shdfnd@3@@shdfnd@physx@@IEAAXI@Z 0000000180018e60 f i ConvexHullUtils.obj
 0001:00017f00       ?recreate@?$Array@VPxPlane@physx@@V?$ReflectionAllocator@VPxPlane@physx@@@shdfnd@2@@shdfnd@physx@@IEAAXI@Z 0000000180018f00 f i ConvexHullUtils.obj
 0001:00017f80       ?resize@?$Array@VHalfEdge@ConvexHull@physx@@V?$ReflectionAllocator@VHalfEdge@ConvexHull@physx@@@shdfnd@3@@shdfnd@physx@@QEAAXIAEBVHalfEdge@ConvexHull@3@@Z 0000000180018f80 f i ConvexHullUtils.obj
 0001:00018040       ?resize@?$Array@VPxPlane@physx@@V?$ReflectionAllocator@VPxPlane@physx@@@shdfnd@2@@shdfnd@physx@@QEAAXIAEBVPxPlane@3@@Z 0000000180019040 f i ConvexHullUtils.obj
 0001:00018150       ?resize@?$Array@VPxVec3@physx@@V?$ReflectionAllocator@VPxVec3@physx@@@shdfnd@2@@shdfnd@physx@@QEAAXIAEBVPxVec3@3@@Z 0000000180019150 f i ConvexHullUtils.obj
 0001:00018240       ?rotate@Box@Gu@physx@@QEBA?AVPxVec3@3@AEBV43@@Z 0000000180019240 f i ConvexHullUtils.obj
 0001:000182d0       ?rotateInv@Box@Gu@physx@@QEBA?AVPxVec3@3@AEBV43@@Z 00000001800192d0 f i ConvexHullUtils.obj
 0001:00018360       ?setAxes@Box@Gu@physx@@QEAAXAEBVPxVec3@3@00@Z 0000000180019360 f i ConvexHullUtils.obj
 0001:000183a0       ?setEmpty@Box@Gu@physx@@QEAAXXZ 00000001800193a0 f i ConvexHullUtils.obj
 0001:000183e0       ?transform@Box@Gu@physx@@QEBA?AVPxVec3@3@AEBV43@@Z 00000001800193e0 f i ConvexHullUtils.obj
 0001:00018480       ??0ConvexMeshBuilder@physx@@QEAA@_N@Z 0000000180019480 f   ConvexMeshBuilder.obj
 0001:000184e0       ??1ConvexMeshBuilder@physx@@QEAA@XZ 00000001800194e0 f   ConvexMeshBuilder.obj
 0001:00018930       ?build@ConvexMeshBuilder@physx@@QEAA_NAEBVPxConvexMeshDesc@2@I_NPEAVConvexHullLib@2@@Z 0000000180019930 f   ConvexMeshBuilder.obj
 0001:00018c50       ?computeHullPolygons@ConvexMeshBuilder@physx@@QEAA_NAEBIPEBVPxVec3@2@0PEBIAEAVPxAllocatorCallback@2@AEAIAEAPEAV32@4AEAPEAI4AEAPEAUPxHullPolygon@2@@Z 0000000180019c50 f   ConvexMeshBuilder.obj
 0001:00018e90       ?computeMassInfo@ConvexMeshBuilder@physx@@QEAAX_N@Z 0000000180019e90 f   ConvexMeshBuilder.obj
 0001:000192e0       ?copy@ConvexMeshBuilder@physx@@QEAA_NAEAUConvexHullInitData@Gu@2@@Z 000000018001a2e0 f   ConvexMeshBuilder.obj
 0001:00019400       ?isFinite@PxVec3@physx@@QEBA_NXZ 000000018001a400 f i ConvexMeshBuilder.obj
 0001:00019460       ?loadConvexHull@ConvexMeshBuilder@physx@@QEAA_NAEBVPxConvexMeshDesc@2@PEAVConvexHullLib@2@@Z 000000018001a460 f   ConvexMeshBuilder.obj
 0001:000196e0       ?save@ConvexMeshBuilder@physx@@QEBA_NAEAVPxOutputStream@2@_N@Z 000000018001a6e0 f   ConvexMeshBuilder.obj
 0001:000198f0       ??$?_UUHullTriangleData@physx@@@@YAPEAX_KV?$ReflectionAllocator@UHullTriangleData@physx@@@shdfnd@physx@@PEBDH@Z 000000018001a8f0 f i ConvexPolygonsBuilder.obj
 0001:00019990       ??$copy@V?$ReflectionAllocator@VPair@@@shdfnd@physx@@@?$Array@VPair@@V?$ReflectionAllocator@VPair@@@shdfnd@physx@@@shdfnd@physx@@IEAAXAEBV012@@Z 000000018001a990 f i ConvexPolygonsBuilder.obj
 0001:00019a10       ??0ConvexPolygonsBuilder@physx@@QEAA@PEAUConvexHullData@Gu@1@_N@Z 000000018001aa10 f   ConvexPolygonsBuilder.obj
 0001:00019a30       ??1ConvexPolygonsBuilder@physx@@QEAA@XZ 000000018001aa30 f   ConvexPolygonsBuilder.obj
 0001:0001a270       ?allocate@?$Array@VPair@@V?$ReflectionAllocator@VPair@@@shdfnd@physx@@@shdfnd@physx@@IEAAPEAVPair@@I@Z 000000018001b270 f i ConvexPolygonsBuilder.obj
 0001:0001aad0       ?computeHullPolygons@ConvexPolygonsBuilder@physx@@QEAA_NAEBIPEBVPxVec3@2@0PEBI@Z 000000018001bad0 f   ConvexPolygonsBuilder.obj
 0001:0001c100       ?createPolygonData@ConvexPolygonsBuilder@physx@@AEAA_NXZ 000000018001d100 f   ConvexPolygonsBuilder.obj
 0001:0001cad0       ?createTrianglesFromPolygons@ConvexPolygonsBuilder@physx@@AEAA_NXZ 000000018001dad0 f   ConvexPolygonsBuilder.obj
 0001:0001e0e0       ?growAndPushBack@?$Array@VPair@@V?$ReflectionAllocator@VPair@@@shdfnd@physx@@@shdfnd@physx@@IEAAAEAVPair@@AEBV4@@Z 000000018001f0e0 f i ConvexPolygonsBuilder.obj
 0001:0001e1b0       ??0QuickHull@local@@QEAA@AEBUPxCookingParams@physx@@AEBVPxConvexMeshDesc@3@@Z 000000018001f1b0 f   QuickHullConvexHullLib.obj
 0001:0001e260       ??0QuickHullConvexHullLib@physx@@QEAA@AEBVPxConvexMeshDesc@1@AEBUPxCookingParams@1@@Z 000000018001f260 f   QuickHullConvexHullLib.obj
 0001:0001e350       ??1?$MemBlock@UQuickHullFace@local@@$00@local@@QEAA@XZ 000000018001f350 f i QuickHullConvexHullLib.obj
 0001:0001e350       ??1?$MemBlock@UQuickHullHalfEdge@local@@$0A@@local@@QEAA@XZ 000000018001f350 f i QuickHullConvexHullLib.obj
 0001:0001e3f0       ??1QuickHull@local@@QEAA@XZ 000000018001f3f0 f   QuickHullConvexHullLib.obj
 0001:0001e550       ??_GConvexHull@physx@@QEAAPEAXI@Z 000000018001f550 f i QuickHullConvexHullLib.obj
 0001:0001e640       ??_EQuickHullConvexHullLib@physx@@UEAAPEAXI@Z 000000018001f640 f i QuickHullConvexHullLib.obj
 0001:0001e640       ??_GQuickHullConvexHullLib@physx@@UEAAPEAXI@Z 000000018001f640 f i QuickHullConvexHullLib.obj
 0001:0001e750       ?addPointToHull@QuickHull@local@@IEAA_NPEBUQuickHullVertex@2@AEAUQuickHullFace@2@AEA_N@Z 000000018001f750 f   QuickHullConvexHullLib.obj
 0001:0001ea20       ?addSimplex@QuickHull@local@@IEAAXPEAUQuickHullVertex@2@_N@Z 000000018001fa20 f   QuickHullConvexHullLib.obj
 0001:0001ef10       ?allocate@?$Array@PEAUQuickHullFace@local@@V?$ReflectionAllocator@PEAUQuickHullFace@local@@@shdfnd@physx@@@shdfnd@physx@@IEAAPEAPEAUQuickHullFace@local@@I@Z 000000018001ff10 f i QuickHullConvexHullLib.obj
 0001:0001efb0       ?allocate@?$Array@PEAUQuickHullHalfEdge@local@@V?$ReflectionAllocator@PEAUQuickHullHalfEdge@local@@@shdfnd@physx@@@shdfnd@physx@@IEAAPEAPEAUQuickHullHalfEdge@local@@I@Z 000000018001ffb0 f i QuickHullConvexHullLib.obj
 0001:0001f050       ?allocate@?$Array@PEAUQuickHullVertex@local@@V?$ReflectionAllocator@PEAUQuickHullVertex@local@@@shdfnd@physx@@@shdfnd@physx@@IEAAPEAPEAUQuickHullVertex@local@@I@Z 0000000180020050 f i QuickHullConvexHullLib.obj
 0001:0001f0f0       ?allocate@?$Array@UExpandPoint@local@@V?$ReflectionAllocator@UExpandPoint@local@@@shdfnd@physx@@@shdfnd@physx@@IEAAPEAUExpandPoint@local@@I@Z 00000001800200f0 f i QuickHullConvexHullLib.obj
 0001:0001f190       ?buildHull@QuickHull@local@@QEAA?AW4Enum@QuickHullResult@2@XZ 0000000180020190 f   QuickHullConvexHullLib.obj
 0001:0001f3b0       ?calculateHorizon@QuickHull@local@@IEAAXAEBVPxVec3@physx@@PEAUQuickHullHalfEdge@2@AEAUQuickHullFace@2@AEAV?$Array@PEAUQuickHullHalfEdge@local@@V?$ReflectionAllocator@PEAUQuickHullHalfEdge@local@@@shdfnd@physx@@@shdfnd@4@AEAV?$Array@PEAUQuickHullFace@local@@V?$ReflectionAllocator@PEAUQuickHullFace@local@@@shdfnd@physx@@@84@@Z 00000001800203b0 f   QuickHullConvexHullLib.obj
 0001:0001f560       ?canMergeFaces@QuickHull@local@@IEAA_NAEBUQuickHullHalfEdge@2@@Z 0000000180020560 f   QuickHullConvexHullLib.obj
 0001:0001fd80       ?cleanupForSimplex@QuickHullConvexHullLib@physx@@IEAA_NPEAVPxVec3@2@IPEAUQuickHullVertex@local@@1AEAM2@Z 0000000180020d80 f   QuickHullConvexHullLib.obj
 0001:00020ce0       ?computeMinMaxVerts@QuickHull@local@@IEAAXXZ 0000000180021ce0 f   QuickHullConvexHullLib.obj
 0001:000210c0       ?connectHalfEdges@QuickHullFace@local@@AEAAPEAU12@PEAUQuickHullHalfEdge@2@0@Z 00000001800220c0 f   QuickHullConvexHullLib.obj
 0001:00021430       ?copy@?$Array@UExpandPoint@local@@V?$ReflectionAllocator@UExpandPoint@local@@@shdfnd@physx@@@shdfnd@physx@@KAXPEAUExpandPoint@local@@0PEBU45@@Z 0000000180022430 f i QuickHullConvexHullLib.obj
 0001:00021680       ?createConvexHull@QuickHullConvexHullLib@physx@@UEAA?AW4Enum@PxConvexMeshCookingResult@2@XZ 0000000180022680 f   QuickHullConvexHullLib.obj
 0001:00021aa0       ?createEdgeList@QuickHullConvexHullLib@physx@@UEAA_NIPEBEPEAPEAEPEAPEAG2@Z 0000000180022aa0 f   QuickHullConvexHullLib.obj
 0001:00021cf0       ?createTriangle@QuickHull@local@@IEAAPEAUQuickHullFace@2@AEBUQuickHullVertex@2@00@Z 0000000180022cf0 f   QuickHullConvexHullLib.obj
 0001:000220c0       ?doAdjacentMerge@QuickHull@local@@IEAA_NAEAUQuickHullFace@2@_NAEA_N@Z 00000001800230c0 f   QuickHullConvexHullLib.obj
 0001:00022410       ?expandHull@QuickHullConvexHullLib@physx@@IEAA?AW4Enum@PxConvexMeshCookingResult@2@XZ 0000000180023410 f   QuickHullConvexHullLib.obj
 0001:00022d50       ?expandHullOBB@QuickHullConvexHullLib@physx@@IEAA?AW4Enum@PxConvexMeshCookingResult@2@XZ 0000000180023d50 f   QuickHullConvexHullLib.obj
 0001:00023190       ?fillConvexMeshDesc@QuickHullConvexHullLib@physx@@UEAAXAEAVPxConvexMeshDesc@2@@Z 0000000180024190 f   QuickHullConvexHullLib.obj
 0001:000231e0       ?fillConvexMeshDescFromCroppedHull@QuickHullConvexHullLib@physx@@IEAAXAEAVPxConvexMeshDesc@2@@Z 00000001800241e0 f   QuickHullConvexHullLib.obj
 0001:000233d0       ?fillConvexMeshDescFromQuickHull@QuickHullConvexHullLib@physx@@IEAAXAEAVPxConvexMeshDesc@2@@Z 00000001800243d0 f   QuickHullConvexHullLib.obj
 0001:00023750       ?findSimplex@QuickHull@local@@IEAA_NXZ 0000000180024750 f   QuickHullConvexHullLib.obj
 0001:00024390       ?getFreeItem@?$MemBlock@UQuickHullFace@local@@$00@local@@QEAAPEAUQuickHullFace@2@XZ 0000000180025390 f i QuickHullConvexHullLib.obj
 0001:000244d0       ?getFreeItem@?$MemBlock@UQuickHullHalfEdge@local@@$0A@@local@@QEAAPEAUQuickHullHalfEdge@2@XZ 00000001800254d0 f i QuickHullConvexHullLib.obj
 0001:000245a0       ?growAndPushBack@?$Array@PEAUQuickHullFace@local@@V?$ReflectionAllocator@PEAUQuickHullFace@local@@@shdfnd@physx@@@shdfnd@physx@@IEAAAEAPEAUQuickHullFace@local@@AEBQEAU45@@Z 00000001800255a0 f i QuickHullConvexHullLib.obj
 0001:00024670       ?growAndPushBack@?$Array@PEAUQuickHullHalfEdge@local@@V?$ReflectionAllocator@PEAUQuickHullHalfEdge@local@@@shdfnd@physx@@@shdfnd@physx@@IEAAAEAPEAUQuickHullHalfEdge@local@@AEBQEAU45@@Z 0000000180025670 f i QuickHullConvexHullLib.obj
 0001:00024740       ?growAndPushBack@?$Array@PEAUQuickHullVertex@local@@V?$ReflectionAllocator@PEAUQuickHullVertex@local@@@shdfnd@physx@@@shdfnd@physx@@IEAAAEAPEAUQuickHullVertex@local@@AEBQEAU45@@Z 0000000180025740 f i QuickHullConvexHullLib.obj
 0001:00024810       ?growAndPushBack@?$Array@UExpandPoint@local@@V?$ReflectionAllocator@UExpandPoint@local@@@shdfnd@physx@@@shdfnd@physx@@IEAAAEAUExpandPoint@local@@AEBU45@@Z 0000000180025810 f i QuickHullConvexHullLib.obj
 0001:00024930       ?init@?$MemBlock@UQuickHullFace@local@@$00@local@@QEAAXI@Z 0000000180025930 f i QuickHullConvexHullLib.obj
 0001:00024a20       ?init@?$MemBlock@UQuickHullHalfEdge@local@@$0A@@local@@QEAAXI@Z 0000000180025a20 f i QuickHullConvexHullLib.obj
 0001:00024ac0       ?mergeAdjacentFace@QuickHullFace@local@@QEAA_NPEAUQuickHullHalfEdge@2@AEAV?$Array@PEAUQuickHullFace@local@@V?$ReflectionAllocator@PEAUQuickHullFace@local@@@shdfnd@physx@@@shdfnd@physx@@@Z 0000000180025ac0 f   QuickHullConvexHullLib.obj
 0001:00024f10       ?nextPointToAdd@QuickHull@local@@IEAAPEAUQuickHullVertex@2@AEAPEAUQuickHullFace@2@@Z 0000000180025f10 f   QuickHullConvexHullLib.obj
 0001:00025090       ?parseInputVertices@QuickHull@local@@QEAAXPEBVPxVec3@physx@@I@Z 0000000180026090 f   QuickHullConvexHullLib.obj
 0001:00025210       ?postMergeHull@QuickHull@local@@IEAAXXZ 0000000180026210 f   QuickHullConvexHullLib.obj
 0001:00025470       ?preallocate@QuickHull@local@@QEAAXI@Z 0000000180026470 f   QuickHullConvexHullLib.obj
 0001:000255b0       ?recreate@?$Array@PEAUQuickHullFace@local@@V?$ReflectionAllocator@PEAUQuickHullFace@local@@@shdfnd@physx@@@shdfnd@physx@@IEAAXI@Z 00000001800265b0 f i QuickHullConvexHullLib.obj
 0001:00025650       ?recreate@?$Array@PEAUQuickHullHalfEdge@local@@V?$ReflectionAllocator@PEAUQuickHullHalfEdge@local@@@shdfnd@physx@@@shdfnd@physx@@IEAAXI@Z 0000000180026650 f i QuickHullConvexHullLib.obj
 0001:000256f0       ?recreate@?$Array@PEAUQuickHullVertex@local@@V?$ReflectionAllocator@PEAUQuickHullVertex@local@@@shdfnd@physx@@@shdfnd@physx@@IEAAXI@Z 00000001800266f0 f i QuickHullConvexHullLib.obj
 0001:00025790       ?recreate@?$Array@UExpandPoint@local@@V?$ReflectionAllocator@UExpandPoint@local@@@shdfnd@physx@@@shdfnd@physx@@IEAAXI@Z 0000000180026790 f i QuickHullConvexHullLib.obj
 0001:00025810       ?resolveUnclaimedPoints@QuickHull@local@@IEAAXAEBV?$Array@PEAUQuickHullFace@local@@V?$ReflectionAllocator@PEAUQuickHullFace@local@@@shdfnd@physx@@@shdfnd@physx@@@Z 0000000180026810 f   QuickHullConvexHullLib.obj
 0001:00026580       ?computeVolumeIntegralsEberly@physx@@YA_NAEBVPxConvexMeshDesc@1@MAEAUPxIntegrals@1@AEBVPxVec3@1@@Z 0000000180027580 f   VolumeIntegration.obj
 0001:000265c0       ?computeVolumeIntegralsEberlySIMD@physx@@YA_NAEBVPxConvexMeshDesc@1@MAEAUPxIntegrals@1@AEBVPxVec3@1@@Z 00000001800275c0 f   VolumeIntegration.obj
 0001:00026c20       ?cookingDelayHook@@YAP6A_JXZIPEAUDelayLoadInfo@@@Z 0000000180027c20 f   WindowsCookingDelayLoadHook.obj
 0001:00026d00       PxSetPhysXCookingDelayLoadHook 0000000180027d00 f   WindowsCookingDelayLoadHook.obj
 0001:00026d08       ??0RadixSortBuffered@Cm@physx@@QEAA@XZ 0000000180027d08 f   PhysXCommon_64:PhysXCommon_64.dll
 0001:00026d0e       __tailMerge_physxcommon_64_dll 0000000180027d0e     PhysXCommon_64:PhysXCommon_64.dll
 0001:00026d87       __imp_load_??0RadixSortBuffered@Cm@physx@@QEAA@XZ 0000000180027d87 f   PhysXCommon_64:PhysXCommon_64.dll
 0001:00026d93       ??1RadixSortBuffered@Cm@physx@@UEAA@XZ 0000000180027d93 f   PhysXCommon_64:PhysXCommon_64.dll
 0001:00026d99       __imp_load_??1RadixSortBuffered@Cm@physx@@UEAA@XZ 0000000180027d99 f   PhysXCommon_64:PhysXCommon_64.dll
 0001:00026da5       ?Sort@RadixSortBuffered@Cm@physx@@QEAAAEAV123@PEBIIW4RadixHint@23@@Z 0000000180027da5 f   PhysXCommon_64:PhysXCommon_64.dll
 0001:00026dab       __imp_load_?Sort@RadixSortBuffered@Cm@physx@@QEAAAEAV123@PEBIIW4RadixHint@23@@Z 0000000180027dab f   PhysXCommon_64:PhysXCommon_64.dll
 0001:00026db7       ??0HeightField@Gu@physx@@QEAA@PEAVGuMeshFactory@2@@Z 0000000180027db7 f   PhysXCommon_64:PhysXCommon_64.dll
 0001:00026dbd       __imp_load_??0HeightField@Gu@physx@@QEAA@PEAVGuMeshFactory@2@@Z 0000000180027dbd f   PhysXCommon_64:PhysXCommon_64.dll
 0001:00026dc9       ?loadFromDesc@HeightField@Gu@physx@@QEAA_NAEBVPxHeightFieldDesc@3@@Z 0000000180027dc9 f   PhysXCommon_64:PhysXCommon_64.dll
 0001:00026dcf       __imp_load_?loadFromDesc@HeightField@Gu@physx@@QEAA_NAEBVPxHeightFieldDesc@3@@Z 0000000180027dcf f   PhysXCommon_64:PhysXCommon_64.dll
 0001:00026ddb       ?computeCellCoordinates@HeightField@Gu@physx@@QEBAIMMAEAM0@Z 0000000180027ddb f   PhysXCommon_64:PhysXCommon_64.dll
 0001:00026de1       __imp_load_?computeCellCoordinates@HeightField@Gu@physx@@QEBAIMMAEAM0@Z 0000000180027de1 f   PhysXCommon_64:PhysXCommon_64.dll
 0001:00026ded       ?releaseMemory@HeightField@Gu@physx@@QEAAXXZ 0000000180027ded f   PhysXCommon_64:PhysXCommon_64.dll
 0001:00026df3       __imp_load_?releaseMemory@HeightField@Gu@physx@@QEAAXXZ 0000000180027df3 f   PhysXCommon_64:PhysXCommon_64.dll
 0001:00026dff       ??1HeightField@Gu@physx@@UEAA@XZ 0000000180027dff f   PhysXCommon_64:PhysXCommon_64.dll
 0001:00026e05       __imp_load_??1HeightField@Gu@physx@@UEAA@XZ 0000000180027e05 f   PhysXCommon_64:PhysXCommon_64.dll
 0001:00026e11       ??0NodeAllocator@Gu@physx@@QEAA@XZ 0000000180027e11 f   PhysXCommon_64:PhysXCommon_64.dll
 0001:00026e17       __imp_load_??0NodeAllocator@Gu@physx@@QEAA@XZ 0000000180027e17 f   PhysXCommon_64:PhysXCommon_64.dll
 0001:00026e23       ??1NodeAllocator@Gu@physx@@QEAA@XZ 0000000180027e23 f   PhysXCommon_64:PhysXCommon_64.dll
 0001:00026e29       __imp_load_??1NodeAllocator@Gu@physx@@QEAA@XZ 0000000180027e29 f   PhysXCommon_64:PhysXCommon_64.dll
 0001:00026e35       ?release@NodeAllocator@Gu@physx@@QEAAXXZ 0000000180027e35 f   PhysXCommon_64:PhysXCommon_64.dll
 0001:00026e3b       __imp_load_?release@NodeAllocator@Gu@physx@@QEAAXXZ 0000000180027e3b f   PhysXCommon_64:PhysXCommon_64.dll
 0001:00026e47       ?buildAABBTree@Gu@physx@@YA_NAEAVAABBTreeBuildParams@12@AEAVNodeAllocator@12@AEAUBuildStats@12@AEAPEAI@Z 0000000180027e47 f   PhysXCommon_64:PhysXCommon_64.dll
 0001:00026e4d       __imp_load_?buildAABBTree@Gu@physx@@YA_NAEAVAABBTreeBuildParams@12@AEAVNodeAllocator@12@AEAUBuildStats@12@AEAPEAI@Z 0000000180027e4d f   PhysXCommon_64:PhysXCommon_64.dll
 0001:00026e59       ?writeDword@physx@@YAXI_NAEAVPxOutputStream@1@@Z 0000000180027e59 f   PhysXCommon_64:PhysXCommon_64.dll
 0001:00026e5f       __imp_load_?writeDword@physx@@YAXI_NAEAVPxOutputStream@1@@Z 0000000180027e5f f   PhysXCommon_64:PhysXCommon_64.dll
 0001:00026e6b       ?writeFloatBuffer@physx@@YAXPEBMI_NAEAVPxOutputStream@1@@Z 0000000180027e6b f   PhysXCommon_64:PhysXCommon_64.dll
 0001:00026e71       __imp_load_?writeFloatBuffer@physx@@YAXPEBMI_NAEAVPxOutputStream@1@@Z 0000000180027e71 f   PhysXCommon_64:PhysXCommon_64.dll
 0001:00026e7d       ?writeHeader@physx@@YA_NCCCCI_NAEAVPxOutputStream@1@@Z 0000000180027e7d f   PhysXCommon_64:PhysXCommon_64.dll
 0001:00026e83       __imp_load_?writeHeader@physx@@YA_NCCCCI_NAEAVPxOutputStream@1@@Z 0000000180027e83 f   PhysXCommon_64:PhysXCommon_64.dll
 0001:00026e8f       ?writeWord@physx@@YAXG_NAEAVPxOutputStream@1@@Z 0000000180027e8f f   PhysXCommon_64:PhysXCommon_64.dll
 0001:00026e95       __imp_load_?writeWord@physx@@YAXG_NAEAVPxOutputStream@1@@Z 0000000180027e95 f   PhysXCommon_64:PhysXCommon_64.dll
 0001:00026ea1       ?writeFloat@physx@@YAXM_NAEAVPxOutputStream@1@@Z 0000000180027ea1 f   PhysXCommon_64:PhysXCommon_64.dll
 0001:00026ea7       __imp_load_?writeFloat@physx@@YAXM_NAEAVPxOutputStream@1@@Z 0000000180027ea7 f   PhysXCommon_64:PhysXCommon_64.dll
 0001:00026eb3       ?computeBoundsAroundVertices@Gu@physx@@YAXAEAVPxBounds3@2@IPEIBVPxVec3@2@@Z 0000000180027eb3 f   PhysXCommon_64:PhysXCommon_64.dll
 0001:00026eb9       __imp_load_?computeBoundsAroundVertices@Gu@physx@@YAXAEAVPxBounds3@2@IPEIBVPxVec3@2@@Z 0000000180027eb9 f   PhysXCommon_64:PhysXCommon_64.dll
 0001:00026ec5       ??0SourceMesh@Gu@physx@@QEAA@XZ 0000000180027ec5 f   PhysXCommon_64:PhysXCommon_64.dll
 0001:00026ecb       __imp_load_??0SourceMesh@Gu@physx@@QEAA@XZ 0000000180027ecb f   PhysXCommon_64:PhysXCommon_64.dll
 0001:00026ed7       ??1SourceMesh@Gu@physx@@QEAA@XZ 0000000180027ed7 f   PhysXCommon_64:PhysXCommon_64.dll
 0001:00026edd       __imp_load_??1SourceMesh@Gu@physx@@QEAA@XZ 0000000180027edd f   PhysXCommon_64:PhysXCommon_64.dll
 0001:00026ee9       ??0BV4Tree@Gu@physx@@QEAA@XZ 0000000180027ee9 f   PhysXCommon_64:PhysXCommon_64.dll
 0001:00026eef       __imp_load_??0BV4Tree@Gu@physx@@QEAA@XZ 0000000180027eef f   PhysXCommon_64:PhysXCommon_64.dll
 0001:00026efb       ??1BV4Tree@Gu@physx@@QEAA@XZ 0000000180027efb f   PhysXCommon_64:PhysXCommon_64.dll
 0001:00026f01       __imp_load_??1BV4Tree@Gu@physx@@QEAA@XZ 0000000180027f01 f   PhysXCommon_64:PhysXCommon_64.dll
 0001:00026f0d       ??0BV32Tree@Gu@physx@@QEAA@XZ 0000000180027f0d f   PhysXCommon_64:PhysXCommon_64.dll
 0001:00026f13       __imp_load_??0BV32Tree@Gu@physx@@QEAA@XZ 0000000180027f13 f   PhysXCommon_64:PhysXCommon_64.dll
 0001:00026f1f       ??1BV32Tree@Gu@physx@@QEAA@XZ 0000000180027f1f f   PhysXCommon_64:PhysXCommon_64.dll
 0001:00026f25       __imp_load_??1BV32Tree@Gu@physx@@QEAA@XZ 0000000180027f25 f   PhysXCommon_64:PhysXCommon_64.dll
 0001:00026f31       ?writeWordBuffer@physx@@YAXPEBGI_NAEAVPxOutputStream@1@@Z 0000000180027f31 f   PhysXCommon_64:PhysXCommon_64.dll
 0001:00026f37       __imp_load_?writeWordBuffer@physx@@YAXPEBGI_NAEAVPxOutputStream@1@@Z 0000000180027f37 f   PhysXCommon_64:PhysXCommon_64.dll
 0001:00026f43       ?computeMaxIndex@physx@@YAIPEBII@Z 0000000180027f43 f   PhysXCommon_64:PhysXCommon_64.dll
 0001:00026f49       __imp_load_?computeMaxIndex@physx@@YAIPEBII@Z 0000000180027f49 f   PhysXCommon_64:PhysXCommon_64.dll
 0001:00026f55       ?storeIndices@physx@@YAXIIPEBIAEAVPxOutputStream@1@_N@Z 0000000180027f55 f   PhysXCommon_64:PhysXCommon_64.dll
 0001:00026f5b       __imp_load_?storeIndices@physx@@YAXIIPEBIAEAVPxOutputStream@1@_N@Z 0000000180027f5b f   PhysXCommon_64:PhysXCommon_64.dll
 0001:00026f67       ?BuildBV4Ex@Gu@physx@@YA_NAEAVBV4Tree@12@AEAVSourceMesh@12@MI@Z 0000000180027f67 f   PhysXCommon_64:PhysXCommon_64.dll
 0001:00026f6d       __imp_load_?BuildBV4Ex@Gu@physx@@YA_NAEAVBV4Tree@12@AEAVSourceMesh@12@MI@Z 0000000180027f6d f   PhysXCommon_64:PhysXCommon_64.dll
 0001:00026f79       ?BuildBV32Ex@Gu@physx@@YA_NAEAVBV32Tree@12@AEAVSourceMesh@12@MI@Z 0000000180027f79 f   PhysXCommon_64:PhysXCommon_64.dll
 0001:00026f7f       __imp_load_?BuildBV32Ex@Gu@physx@@YA_NAEAVBV32Tree@12@AEAVSourceMesh@12@MI@Z 0000000180027f7f f   PhysXCommon_64:PhysXCommon_64.dll
 0001:00026f8b       ?computeMaxIndex@physx@@YAGPEBGI@Z 0000000180027f8b f   PhysXCommon_64:PhysXCommon_64.dll
 0001:00026f91       __imp_load_?computeMaxIndex@physx@@YAGPEBGI@Z 0000000180027f91 f   PhysXCommon_64:PhysXCommon_64.dll
 0001:00026f9d       ?WriteHeader@Gu@physx@@YA_NEEEEI_NAEAVPxOutputStream@2@@Z 0000000180027f9d f   PhysXCommon_64:PhysXCommon_64.dll
 0001:00026fa3       __imp_load_?WriteHeader@Gu@physx@@YA_NEEEEI_NAEAVPxOutputStream@2@@Z 0000000180027fa3 f   PhysXCommon_64:PhysXCommon_64.dll
 0001:00026faf       ?StoreIndices@Gu@physx@@YAXGIPEBGAEAVPxOutputStream@2@_N@Z 0000000180027faf f   PhysXCommon_64:PhysXCommon_64.dll
 0001:00026fb5       __imp_load_?StoreIndices@Gu@physx@@YAXGIPEBGAEAVPxOutputStream@2@_N@Z 0000000180027fb5 f   PhysXCommon_64:PhysXCommon_64.dll
 0001:00026fc1       ?CreateOffsets@BigConvexData@physx@@IEAAXXZ 0000000180027fc1 f   PhysXCommon_64:PhysXCommon_64.dll
 0001:00026fc7       __imp_load_?CreateOffsets@BigConvexData@physx@@IEAAXXZ 0000000180027fc7 f   PhysXCommon_64:PhysXCommon_64.dll
 0001:00026fd3       ?computeOBBPoints@Gu@physx@@YAXPEIAVPxVec3@2@AEBV32@1111@Z 0000000180027fd3 f   PhysXCommon_64:PhysXCommon_64.dll
 0001:00026fd9       __imp_load_?computeOBBPoints@Gu@physx@@YAXPEIAVPxVec3@2@AEBV32@1111@Z 0000000180027fd9 f   PhysXCommon_64:PhysXCommon_64.dll
 0001:00026fe5       ??0BigConvexData@physx@@QEAA@XZ 0000000180027fe5 f   PhysXCommon_64:PhysXCommon_64.dll
 0001:00026feb       __imp_load_??0BigConvexData@physx@@QEAA@XZ 0000000180027feb f   PhysXCommon_64:PhysXCommon_64.dll
 0001:00026ff7       ??1BigConvexData@physx@@QEAA@XZ 0000000180027ff7 f   PhysXCommon_64:PhysXCommon_64.dll
 0001:00026ffd       __imp_load_??1BigConvexData@physx@@QEAA@XZ 0000000180027ffd f   PhysXCommon_64:PhysXCommon_64.dll
 0001:00027009       PxGetFoundation            0000000180028009 f   PhysXFoundation_64:PhysXFoundation_64.dll
 0001:0002700f       __tailMerge_physxfoundation_64_dll 000000018002800f     PhysXFoundation_64:PhysXFoundation_64.dll
 0001:00027088       __imp_load_PxGetFoundation 0000000180028088 f   PhysXFoundation_64:PhysXFoundation_64.dll
 0001:00027094       ?getAllocator@shdfnd@physx@@YAAEAVPxAllocatorCallback@2@XZ 0000000180028094 f   PhysXFoundation_64:PhysXFoundation_64.dll
 0001:0002709a       __imp_load_?getAllocator@shdfnd@physx@@YAAEAVPxAllocatorCallback@2@XZ 000000018002809a f   PhysXFoundation_64:PhysXFoundation_64.dll
 0001:000270a6       ?getInstance@Foundation@shdfnd@physx@@SAAEAV123@XZ 00000001800280a6 f   PhysXFoundation_64:PhysXFoundation_64.dll
 0001:000270ac       __imp_load_?getInstance@Foundation@shdfnd@physx@@SAAEAV123@XZ 00000001800280ac f   PhysXFoundation_64:PhysXFoundation_64.dll
 0001:000270b8       ?error@Foundation@shdfnd@physx@@QEAAXW4Enum@PxErrorCode@3@PEBDH1ZZ 00000001800280b8 f   PhysXFoundation_64:PhysXFoundation_64.dll
 0001:000270be       __imp_load_?error@Foundation@shdfnd@physx@@QEAAXW4Enum@PxErrorCode@3@PEBDH1ZZ 00000001800280be f   PhysXFoundation_64:PhysXFoundation_64.dll
 0001:000270ca       ?incRefCount@Foundation@shdfnd@physx@@SAXXZ 00000001800280ca f   PhysXFoundation_64:PhysXFoundation_64.dll
 0001:000270d0       __imp_load_?incRefCount@Foundation@shdfnd@physx@@SAXXZ 00000001800280d0 f   PhysXFoundation_64:PhysXFoundation_64.dll
 0001:000270dc       ?decRefCount@Foundation@shdfnd@physx@@SAXXZ 00000001800280dc f   PhysXFoundation_64:PhysXFoundation_64.dll
 0001:000270e2       __imp_load_?decRefCount@Foundation@shdfnd@physx@@SAXXZ 00000001800280e2 f   PhysXFoundation_64:PhysXFoundation_64.dll
 0001:000270ee       ??0FPUGuard@shdfnd@physx@@QEAA@XZ 00000001800280ee f   PhysXFoundation_64:PhysXFoundation_64.dll
 0001:000270f4       __imp_load_??0FPUGuard@shdfnd@physx@@QEAA@XZ 00000001800280f4 f   PhysXFoundation_64:PhysXFoundation_64.dll
 0001:00027100       ??1FPUGuard@shdfnd@physx@@QEAA@XZ 0000000180028100 f   PhysXFoundation_64:PhysXFoundation_64.dll
 0001:00027106       __imp_load_??1FPUGuard@shdfnd@physx@@QEAA@XZ 0000000180028106 f   PhysXFoundation_64:PhysXFoundation_64.dll
 0001:00027112       ?allocate@TempAllocator@shdfnd@physx@@QEAAPEAX_KPEBDH@Z 0000000180028112 f   PhysXFoundation_64:PhysXFoundation_64.dll
 0001:00027118       __imp_load_?allocate@TempAllocator@shdfnd@physx@@QEAAPEAX_KPEBDH@Z 0000000180028118 f   PhysXFoundation_64:PhysXFoundation_64.dll
 0001:00027124       ?deallocate@TempAllocator@shdfnd@physx@@QEAAXPEAX@Z 0000000180028124 f   PhysXFoundation_64:PhysXFoundation_64.dll
 0001:0002712a       __imp_load_?deallocate@TempAllocator@shdfnd@physx@@QEAAXPEAX@Z 000000018002812a f   PhysXFoundation_64:PhysXFoundation_64.dll
 0001:00027136       ?PxDiagonalize@physx@@YA?AVPxVec3@1@AEBVPxMat33@1@AEAVPxQuat@1@@Z 0000000180028136 f   PhysXFoundation_64:PhysXFoundation_64.dll
 0001:0002713c       __imp_load_?PxDiagonalize@physx@@YA?AVPxVec3@1@AEBVPxMat33@1@AEAVPxQuat@1@@Z 000000018002813c f   PhysXFoundation_64:PhysXFoundation_64.dll
 0001:00027234       ?DloadAcquireSectionWriteAccess@@YAXXZ 0000000180028234 f i Delayimp:delayhlp.obj
 0001:000272f0       ?DloadGetSRWLockFunctionPointers@@YAEXZ 00000001800282f0 f i Delayimp:delayhlp.obj
 0001:00027390       ?DloadMakePermanentImageCommit@@YAXPEAX_K@Z 0000000180028390 f i Delayimp:delayhlp.obj
 0001:00027428       ?DloadObtainSection@@YAPEAXPEAK0@Z 0000000180028428 f i Delayimp:delayhlp.obj
 0001:000274c4       ?DloadProtectSection@@YAXPEAX_KKPEAK@Z 00000001800284c4 f i Delayimp:delayhlp.obj
 0001:000275bc       ?DloadReleaseSectionWriteAccess@@YAXXZ 00000001800285bc f i Delayimp:delayhlp.obj
 0001:00027668       __delayLoadHelper2         0000000180028668 f   Delayimp:delayhlp.obj
 0001:00027964       ??3@YAXPEAX_K@Z            0000000180028964 f   LIBCMT:delete_scalar_size.obj
 0001:00027964       ??_V@YAXPEAX@Z             0000000180028964 f   LIBCMT:delete_array.obj
 0001:0002796c       ??_Etype_info@@UEAAPEAXI@Z 000000018002896c f i LIBCMT:std_type_info_static.obj
 0001:0002796c       ??_Gtype_info@@UEAAPEAXI@Z 000000018002896c f i LIBCMT:std_type_info_static.obj
 0001:00027998       ?__scrt_initialize_type_info@@YAXXZ 0000000180028998 f   LIBCMT:tncleanup.obj
 0001:000279a8       ?__scrt_uninitialize_type_info@@YAXXZ 00000001800289a8 f   LIBCMT:tncleanup.obj
 0001:000279d0       __chkstk                   00000001800289d0 f   LIBCMT:chkstk.obj
 0001:000279d0       _alloca_probe              00000001800289d0 f   LIBCMT:chkstk.obj
 0001:00027a20       ??3@YAXPEAX@Z              0000000180028a20 f   LIBCMT:delete_scalar.obj
 0001:00027a30       __vdecl_sinf4              0000000180028a30 f   LIBCMT:svml_ssinf4_dispatch.obj
 0001:00027a50       __libm_sse2_sincosf_       0000000180028a50 f   LIBCMT:svml_ssinf4_dispatch.obj
 0001:00027a93       __libm_sse2_sincosf4_      0000000180028a93 f   LIBCMT:svml_ssinf4_dispatch.obj
 0001:00027db4       _DllMainCRTStartup         0000000180028db4 f   LIBCMT:dll_dllmain.obj
 0001:00027df4       __isa_available_init       0000000180028df4 f   LIBCMT:cpu_disp.obj
 0001:00028090       __sse2_sinf4@@16           0000000180029090 f   LIBCMT:svml_ssinf4_sse2.obj
 0001:000289d0       __sse4_sinf4@@16           00000001800299d0 f   LIBCMT:svml_ssinf4_sse4.obj
 0001:00029144       __security_init_cookie     000000018002a144 f   LIBCMT:gs_support.obj
 0001:000291f4       __local_stdio_printf_options 000000018002a1f4 f i LIBCMT:default_local_stdio_options.obj
 0001:000291fc       __local_stdio_scanf_options 000000018002a1fc f i LIBCMT:default_local_stdio_options.obj
 0001:00029204       __scrt_initialize_default_local_stdio_options 000000018002a204 f   LIBCMT:default_local_stdio_options.obj
 0001:00029220       __scrt_acquire_startup_lock 000000018002a220 f   LIBCMT:utility.obj
 0001:0002925c       __scrt_dllmain_after_initialize_c 000000018002a25c f   LIBCMT:utility.obj
 0001:00029290       __scrt_dllmain_before_initialize_c 000000018002a290 f   LIBCMT:utility.obj
 0001:000292a8       __scrt_dllmain_crt_thread_attach 000000018002a2a8 f   LIBCMT:utility.obj
 0001:000292d0       __scrt_dllmain_crt_thread_detach 000000018002a2d0 f   LIBCMT:utility.obj
 0001:000292e8       __scrt_dllmain_exception_filter 000000018002a2e8 f   LIBCMT:utility.obj
 0001:00029348       __scrt_dllmain_uninitialize_c 000000018002a348 f   LIBCMT:utility.obj
 0001:00029378       __scrt_dllmain_uninitialize_critical 000000018002a378 f   LIBCMT:utility.obj
 0001:0002938c       __scrt_initialize_crt      000000018002a38c f   LIBCMT:utility.obj
 0001:000293c8       __scrt_initialize_onexit_tables 000000018002a3c8 f   LIBCMT:utility.obj
 0001:00029454       __scrt_is_nonwritable_in_current_image 000000018002a454 f   LIBCMT:utility.obj
 0001:000294ec       __scrt_release_startup_lock 000000018002a4ec f   LIBCMT:utility.obj
 0001:00029510       __scrt_uninitialize_crt    000000018002a510 f   LIBCMT:utility.obj
 0001:0002953c       __scrt_get_dyn_tls_init_callback 000000018002a53c f   LIBCMT:dyn_tls_init.obj
 0001:00029544       __crt_debugger_hook        000000018002a544 f   LIBCMT:utility_desktop.obj
 0001:00029550       __scrt_fastfail            000000018002a550 f   LIBCMT:utility_desktop.obj
 0001:0002969c       _RTC_Initialize            000000018002a69c f   LIBCMT:initsect.obj
 0001:000296d8       _RTC_Terminate             000000018002a6d8 f   LIBCMT:initsect.obj
 0001:00029720       __common_ssin_cout_rare    000000018002a720 f   LIBCMT:svml_s_sin_cout.obj
 0001:00029790       __scrt_is_ucrt_dll_in_use  000000018002a790 f   LIBCMT:ucrt_detection.obj
 0001:0002979c       _get_purecall_handler      000000018002a79c f   libvcruntime:purevirt.obj
 0001:000297a8       _purecall                  000000018002a7a8 f   libvcruntime:purevirt.obj
 0001:000297cc       __std_type_info_compare    000000018002a7cc f   libvcruntime:std_type_info.obj
 0001:000297f4       __std_type_info_destroy_list 000000018002a7f4 f   libvcruntime:std_type_info.obj
 0001:00029820       __std_type_info_name       000000018002a820 f   libvcruntime:std_type_info.obj
 0001:00029930       strstr                     000000018002a930 f   libvcruntime:strstr.obj
 0001:00029b24       __C_specific_handler       000000018002ab24 f   libvcruntime:riscchandler.obj
 0001:00029d3c       __vcrt_initialize          000000018002ad3c f   libvcruntime:initialization.obj
 0001:00029d64       __vcrt_thread_attach       000000018002ad64 f   libvcruntime:initialization.obj
 0001:00029d78       __vcrt_thread_detach       000000018002ad78 f   libvcruntime:initialization.obj
 0001:00029d88       __vcrt_uninitialize        000000018002ad88 f   libvcruntime:initialization.obj
 0001:00029da4       __vcrt_uninitialize_critical 000000018002ada4 f   libvcruntime:initialization.obj
 0001:00029db4       __DestructExceptionObject  000000018002adb4 f   libvcruntime:ehhelpers.obj
 0001:00029e28       ?_CallMemberFunction0@@YAXQEAX0@Z 000000018002ae28 f i libvcruntime:ehhelpers.obj
 0001:00029e2c       _IsExceptionObjectToBeDestroyed 000000018002ae2c f   libvcruntime:ehhelpers.obj
 0001:00029e5c       __AdjustPointer            000000018002ae5c f   libvcruntime:ehhelpers.obj
 0001:00029e80       __FrameUnwindFilter        000000018002ae80 f   libvcruntime:ehhelpers.obj
 0001:00029ee8       __std_terminate            000000018002aee8 f   libvcruntime:ehhelpers.obj
 0001:00029ef4       ??$?0$00@DName@@QEAA@PEAVUnDecorator@@PEBDU?$StringLifeSelector@$00@@@Z 000000018002aef4 f i libvcruntime:undname.obj
 0001:00029f40       ??$?0$01@DName@@QEAA@PEAVUnDecorator@@PEBDU?$StringLifeSelector@$01@@@Z 000000018002af40 f i libvcruntime:undname.obj
 0001:00029f40       ??$?0$0A@@DName@@QEAA@PEAVUnDecorator@@PEBDU?$StringLifeSelector@$0A@@@@Z 000000018002af40 f i libvcruntime:undname.obj
 0001:00029f8c       ??$?0$01@pcharNode@@QEAA@PEBDHU?$StringLifeSelector@$01@@AEAV_HeapManager@@@Z 000000018002af8c f i libvcruntime:undname.obj
 0001:00029f8c       ??$?0$0A@@pcharNode@@QEAA@PEBDHU?$StringLifeSelector@$0A@@@AEAV_HeapManager@@@Z 000000018002af8c f i libvcruntime:undname.obj
 0001:0002a000       ??$append@VDNameNode@@@DName@@AEAAXPEBVDNameNode@@@Z 000000018002b000 f i libvcruntime:undname.obj
 0001:0002a000       ??$append@VDNameStatusNode@@@DName@@AEAAXPEBVDNameStatusNode@@@Z 000000018002b000 f i libvcruntime:undname.obj
 0001:0002a000       ??$append@VcharNode@@@DName@@AEAAXPEBVcharNode@@@Z 000000018002b000 f i libvcruntime:undname.obj
 0001:0002a000       ??$append@VpcharNode@@@DName@@AEAAXPEBVpcharNode@@@Z 000000018002b000 f i libvcruntime:undname.obj
 0001:0002a06c       ??$doPchar@$00@DName@@AEAAXPEBDH@Z 000000018002b06c f i libvcruntime:undname.obj
 0001:0002a114       ??$doPchar@$01@DName@@AEAAXPEBDH@Z 000000018002b114 f i libvcruntime:undname.obj
 0001:0002a114       ??$doPchar@$0A@@DName@@AEAAXPEBDH@Z 000000018002b114 f i libvcruntime:undname.obj
 0001:0002a1cc       ??0DName@@QEAA@PEAVUnDecorator@@AEAPEBDD@Z 000000018002b1cc f   libvcruntime:undname.obj
 0001:0002a290       ??0DName@@QEAA@PEAVUnDecorator@@AEBUStringLiteral@@@Z 000000018002b290 f   libvcruntime:undname.obj
 0001:0002a2c8       ??0DName@@QEAA@PEAVUnDecorator@@D@Z 000000018002b2c8 f   libvcruntime:undname.obj
 0001:0002a2f4       ??0DName@@QEAA@PEAVUnDecorator@@PEAV0@@Z 000000018002b2f4 f   libvcruntime:undname.obj
 0001:0002a37c       ??0DName@@QEAA@PEAVUnDecorator@@W4DNameStatus@@@Z 000000018002b37c f   libvcruntime:undname.obj
 0001:0002a3b0       ??0DName@@QEAA@PEAVUnDecorator@@_J@Z 000000018002b3b0 f   libvcruntime:undname.obj
 0001:0002a45c       ??0DName@@QEAA@PEAVUnDecorator@@_K@Z 000000018002b45c f   libvcruntime:undname.obj
 0001:0002a4e8       ??0DNameNode@@IEAA@XZ      000000018002b4e8 f i libvcruntime:undname.obj
 0001:0002a4f8       ??0UnDecorator@@QEAA@PEBDP6APEADJ@ZKP6APEAX_K@ZP6AXPEAX@Z@Z 000000018002b4f8 f i libvcruntime:undname.obj
 0001:0002a5e8       ??2@YAPEAX_KAEAV_HeapManager@@H@Z 000000018002b5e8 f   libvcruntime:undname.obj
 0001:0002a610       ??4DName@@QEAAAEAV0@AEBUStringLiteral@@@Z 000000018002b610 f   libvcruntime:undname.obj
 0001:0002a63c       ??AReplicator@@QEBA?AVDName@@H@Z 000000018002b63c f   libvcruntime:undname.obj
 0001:0002a698       ??HDName@@QEBA?AV0@AEBUStringLiteral@@@Z 000000018002b698 f   libvcruntime:undname.obj
 0001:0002a6cc       ??HDName@@QEBA?AV0@AEBV0@@Z 000000018002b6cc f   libvcruntime:undname.obj
 0001:0002a700       ??HDName@@QEBA?AV0@D@Z     000000018002b700 f   libvcruntime:undname.obj
 0001:0002a734       ??HDName@@QEBA?AV0@W4DNameStatus@@@Z 000000018002b734 f   libvcruntime:undname.obj
 0001:0002a768       ??YDName@@QEAAAEAV0@AEBUStringLiteral@@@Z 000000018002b768 f   libvcruntime:undname.obj
 0001:0002a7e0       ??YDName@@QEAAAEAV0@AEBV0@@Z 000000018002b7e0 f   libvcruntime:undname.obj
[...]
 0002:000122af       $N00045                    000000018005d2af     PhysXCooking_64.exp
 0002:000122d9       $N00046                    000000018005d2d9     PhysXCooking_64.exp
 0002:000122fd       $N00047                    000000018005d2fd     PhysXCooking_64.exp
 0002:0001232f       $N00048                    000000018005d32f     PhysXCooking_64.exp
 0002:00012356       $N00049                    000000018005d356     PhysXCooking_64.exp
 0002:00012384       $N00050                    000000018005d384     PhysXCooking_64.exp
 0002:000123af       $N00051                    000000018005d3af     PhysXCooking_64.exp
 0002:000123dc       $N00052                    000000018005d3dc     PhysXCooking_64.exp
 0002:00012405       $N00053                    000000018005d405     PhysXCooking_64.exp
 0002:00012434       $N00054                    000000018005d434     PhysXCooking_64.exp
 0002:0001245d       $N00055                    000000018005d45d     PhysXCooking_64.exp
 0002:00012486       $N00056                    000000018005d486     PhysXCooking_64.exp
 0002:000124b4       $N00057                    000000018005d4b4     PhysXCooking_64.exp
 0002:000124dc       $N00058                    000000018005d4dc     PhysXCooking_64.exp
 0002:00012517       $N00059                    000000018005d517     PhysXCooking_64.exp
 0002:00012541       $N00060                    000000018005d541     PhysXCooking_64.exp
 0002:00012575       $N00061                    000000018005d575     PhysXCooking_64.exp
 0002:000125ab       $N00062                    000000018005d5ab     PhysXCooking_64.exp
 0002:000125e7       $N00063                    000000018005d5e7     PhysXCooking_64.exp
 0002:0001262f       $N00064                    000000018005d62f     PhysXCooking_64.exp
 0002:0001267f       $N00065                    000000018005d67f     PhysXCooking_64.exp
 0002:000126b3       $N00066                    000000018005d6b3     PhysXCooking_64.exp
 0002:000126e8       $N00067                    000000018005d6e8     PhysXCooking_64.exp
 0002:0001271e       $N00068                    000000018005d71e     PhysXCooking_64.exp
 0002:00012745       $N00069                    000000018005d745     PhysXCooking_64.exp
 0002:0001278d       $N00070                    000000018005d78d     PhysXCooking_64.exp
 0002:000127d3       $N00071                    000000018005d7d3     PhysXCooking_64.exp
 0002:0001282b       $N00072                    000000018005d82b     PhysXCooking_64.exp
 0002:00012872       $N00073                    000000018005d872     PhysXCooking_64.exp
 0002:0001289d       $N00074                    000000018005d89d     PhysXCooking_64.exp
 0002:000128cd       $N00075                    000000018005d8cd     PhysXCooking_64.exp
 0002:0001291d       $N00076                    000000018005d91d     PhysXCooking_64.exp
 0002:000129cc       $N00077                    000000018005d9cc     PhysXCooking_64.exp
 0002:00012a2a       $N00078                    000000018005da2a     PhysXCooking_64.exp
 0002:00012a56       $N00079                    000000018005da56     PhysXCooking_64.exp
 0002:00012a82       $N00080                    000000018005da82     PhysXCooking_64.exp
 0002:00012ab7       $N00081                    000000018005dab7     PhysXCooking_64.exp
 0002:00012ae0       $N00082                    000000018005dae0     PhysXCooking_64.exp
 0002:00012b1c       $N00083                    000000018005db1c     PhysXCooking_64.exp
 0002:00012b48       $N00084                    000000018005db48     PhysXCooking_64.exp
 0002:00012b7b       $N00085                    000000018005db7b     PhysXCooking_64.exp
 0002:00012bc8       $N00086                    000000018005dbc8     PhysXCooking_64.exp
 0002:00012bfb       $N00087                    000000018005dbfb     PhysXCooking_64.exp
 0002:00012c35       $N00088                    000000018005dc35     PhysXCooking_64.exp
 0002:00012c6f       $N00089                    000000018005dc6f     PhysXCooking_64.exp
 0002:00012cab       $N00090                    000000018005dcab     PhysXCooking_64.exp
 0002:00012cef       $N00091                    000000018005dcef     PhysXCooking_64.exp
 0002:00012d1e       $N00092                    000000018005dd1e     PhysXCooking_64.exp
 0002:00012d98       $N00093                    000000018005dd98     PhysXCooking_64.exp
 0002:00012df5       $N00094                    000000018005ddf5     PhysXCooking_64.exp
 0002:00012e21       $N00095                    000000018005de21     PhysXCooking_64.exp
 0002:00012e55       $N00096                    000000018005de55     PhysXCooking_64.exp
 0002:00012e8e       $N00097                    000000018005de8e     PhysXCooking_64.exp
 0002:00012ecb       $N00098                    000000018005decb     PhysXCooking_64.exp
 0002:00012f01       $N00099                    000000018005df01     PhysXCooking_64.exp
 0002:00012f2e       $N00100                    000000018005df2e     PhysXCooking_64.exp
 0002:00012f5b       $N00101                    000000018005df5b     PhysXCooking_64.exp
 0002:00012f86       $N00102                    000000018005df86     PhysXCooking_64.exp
 0002:00012fb2       $N00103                    000000018005dfb2     PhysXCooking_64.exp
 0002:00012fdf       $N00104                    000000018005dfdf     PhysXCooking_64.exp
 0002:00012fff       $N00105                    000000018005dfff     PhysXCooking_64.exp
 0002:0001303b       $N00106                    000000018005e03b     PhysXCooking_64.exp
 0002:0001306c       $N00107                    000000018005e06c     PhysXCooking_64.exp
 0002:0001309e       $N00108                    000000018005e09e     PhysXCooking_64.exp
 0002:000130e0       $N00109                    000000018005e0e0     PhysXCooking_64.exp
 0002:0001310d       $N00110                    000000018005e10d     PhysXCooking_64.exp
 0002:00013131       $N00111                    000000018005e131     PhysXCooking_64.exp
 0002:00013161       $N00112                    000000018005e161     PhysXCooking_64.exp
 0002:00013194       $N00113                    000000018005e194     PhysXCooking_64.exp
 0002:000131b9       $N00114                    000000018005e1b9     PhysXCooking_64.exp
 0002:000131e7       $N00115                    000000018005e1e7     PhysXCooking_64.exp
 0002:0001320f       $N00116                    000000018005e20f     PhysXCooking_64.exp
 0002:0001322f       $N00117                    000000018005e22f     PhysXCooking_64.exp
 0002:00013274       $N00118                    000000018005e274     PhysXCooking_64.exp
 0002:000132b1       $N00119                    000000018005e2b1     PhysXCooking_64.exp
 0002:000132ee       $N00120                    000000018005e2ee     PhysXCooking_64.exp
 0002:00013321       $N00121                    000000018005e321     PhysXCooking_64.exp
 0002:00013331       $N00122                    000000018005e331     PhysXCooking_64.exp
 0002:00013600       .idata$6                   000000018005e600     kernel32:KERNEL32.dll
 0003:00000000       ?MAXDOT_MINANG@local@@3MB  000000018005f000     ConvexHullUtils.obj
 0003:00000004       ?MAXDOT_MINANG@local@@3MB  000000018005f004     QuickHullConvexHullLib.obj
 0003:000000d0       ?prefix@?1??getDimension@UnDecorator@@AEAA?AVDName@@_N@Z@4UStringLiteral@@A 000000018005f0d0     libvcruntime:undname.obj
 0003:000000e0       ?__vcrt_flsindex@@3KA      000000018005f0e0     libvcruntime:per_thread_data.obj
 0003:00000100       ?dazSupported@?1??_ctrlfp@@9@9 000000018005f100     libucrt:fpctrl.obj
 0003:00000110       ?__acrt_flsindex@@3KA      000000018005f110     libucrt:per_thread_data.obj
 0003:00000114       ?errno_no_memory@@3HA      000000018005f114     libucrt:errno.obj
 0003:00000118       ?doserrno_no_memory@@3KA   000000018005f118     libucrt:errno.obj
 0003:00000350       _mbctypes                  000000018005f350     libucrt:mbctype.obj
 0003:00000460       _mbcasemaps                000000018005f460     libucrt:mbctype.obj
 0003:00000560       ?__rgctypeflag@@3PADA      000000018005f560     libucrt:mbctype.obj
 0003:00000570       ?__rgcode_page_info@@3PAUcode_page_info@@A 000000018005f570     libucrt:mbctype.obj
 0003:00000a90       ?__dcrt_lowio_console_output_handle@@3PEAXEA 000000018005fa90     libucrt:initcon.obj
 0003:00000a98       ?dazSupported@?1??common_control87@@9@9 000000018005fa98     libucrt:ieee.obj
 0003:00001300       ?maxV3Error@_VecMathTests@aos@shdfnd@physx@@3T__m128@@B 0000000180060300     Cooking.obj
 0003:00001310       ?minFError@_VecMathTests@aos@shdfnd@physx@@3T__m128@@B 0000000180060310     Cooking.obj
 0003:00001320       ?maxV4Error@_VecMathTests@aos@shdfnd@physx@@3T__m128@@B 0000000180060320     Cooking.obj
 0003:00001330       ?minV4Error@_VecMathTests@aos@shdfnd@physx@@3T__m128@@B 0000000180060330     Cooking.obj
 0003:00001340       ?minV3Error@_VecMathTests@aos@shdfnd@physx@@3T__m128@@B 0000000180060340     Cooking.obj
 0003:00001350       ?maxFError@_VecMathTests@aos@shdfnd@physx@@3T__m128@@B 0000000180060350     Cooking.obj
 0003:00001360       ?maxV3Error@_VecMathTests@aos@shdfnd@physx@@3T__m128@@B 0000000180060360     BVHStructureBuilder.obj
 0003:00001370       ?minFError@_VecMathTests@aos@shdfnd@physx@@3T__m128@@B 0000000180060370     BVHStructureBuilder.obj
 0003:00001380       ?maxV4Error@_VecMathTests@aos@shdfnd@physx@@3T__m128@@B 0000000180060380     BVHStructureBuilder.obj
 0003:00001390       ?minV4Error@_VecMathTests@aos@shdfnd@physx@@3T__m128@@B 0000000180060390     BVHStructureBuilder.obj
 0003:000013a0       ?minV3Error@_VecMathTests@aos@shdfnd@physx@@3T__m128@@B 00000001800603a0     BVHStructureBuilder.obj
 0003:000013b0       ?maxFError@_VecMathTests@aos@shdfnd@physx@@3T__m128@@B 00000001800603b0     BVHStructureBuilder.obj
 0003:000013c0       ?maxV3Error@_VecMathTests@aos@shdfnd@physx@@3T__m128@@B 00000001800603c0     RTreeCooking.obj
 0003:000013d0       ?minFError@_VecMathTests@aos@shdfnd@physx@@3T__m128@@B 00000001800603d0     RTreeCooking.obj
 0003:000013e0       ?maxV4Error@_VecMathTests@aos@shdfnd@physx@@3T__m128@@B 00000001800603e0     RTreeCooking.obj
 0003:000013f0       ?minV4Error@_VecMathTests@aos@shdfnd@physx@@3T__m128@@B 00000001800603f0     RTreeCooking.obj
 0003:00001400       ?minV3Error@_VecMathTests@aos@shdfnd@physx@@3T__m128@@B 0000000180060400     RTreeCooking.obj
 0003:00001410       ?maxFError@_VecMathTests@aos@shdfnd@physx@@3T__m128@@B 0000000180060410     RTreeCooking.obj
 0003:00001420       ?maxV3Error@_VecMathTests@aos@shdfnd@physx@@3T__m128@@B 0000000180060420     MeshBuilder.obj
 0003:00001430       ?minFError@_VecMathTests@aos@shdfnd@physx@@3T__m128@@B 0000000180060430     MeshBuilder.obj
 0003:00001440       ?maxV4Error@_VecMathTests@aos@shdfnd@physx@@3T__m128@@B 0000000180060440     MeshBuilder.obj
 0003:00001450       ?minV4Error@_VecMathTests@aos@shdfnd@physx@@3T__m128@@B 0000000180060450     MeshBuilder.obj
 0003:00001460       ?minV3Error@_VecMathTests@aos@shdfnd@physx@@3T__m128@@B 0000000180060460     MeshBuilder.obj
 0003:00001470       ?maxFError@_VecMathTests@aos@shdfnd@physx@@3T__m128@@B 0000000180060470     MeshBuilder.obj
 0003:00001480       ?maxV3Error@_VecMathTests@aos@shdfnd@physx@@3T__m128@@B 0000000180060480     TriangleMeshBuilder.obj
 0003:00001490       ?minFError@_VecMathTests@aos@shdfnd@physx@@3T__m128@@B 0000000180060490     TriangleMeshBuilder.obj
 0003:000014a0       ?maxV4Error@_VecMathTests@aos@shdfnd@physx@@3T__m128@@B 00000001800604a0     TriangleMeshBuilder.obj
 0003:000014b0       ?minV4Error@_VecMathTests@aos@shdfnd@physx@@3T__m128@@B 00000001800604b0     TriangleMeshBuilder.obj
 0003:000014c0       ?minV3Error@_VecMathTests@aos@shdfnd@physx@@3T__m128@@B 00000001800604c0     TriangleMeshBuilder.obj
 0003:000014d0       ?maxFError@_VecMathTests@aos@shdfnd@physx@@3T__m128@@B 00000001800604d0     TriangleMeshBuilder.obj
 0003:000014e0       ?maxV3Error@_VecMathTests@aos@shdfnd@physx@@3T__m128@@B 00000001800604e0     BigConvexDataBuilder.obj
 0003:000014f0       ?minFError@_VecMathTests@aos@shdfnd@physx@@3T__m128@@B 00000001800604f0     BigConvexDataBuilder.obj
 0003:00001500       ?maxV4Error@_VecMathTests@aos@shdfnd@physx@@3T__m128@@B 0000000180060500     BigConvexDataBuilder.obj
 0003:00001510       ?minV4Error@_VecMathTests@aos@shdfnd@physx@@3T__m128@@B 0000000180060510     BigConvexDataBuilder.obj
 0003:00001520       ?minV3Error@_VecMathTests@aos@shdfnd@physx@@3T__m128@@B 0000000180060520     BigConvexDataBuilder.obj
 0003:00001530       ?maxFError@_VecMathTests@aos@shdfnd@physx@@3T__m128@@B 0000000180060530     BigConvexDataBuilder.obj
 0003:00001540       ?maxV3Error@_VecMathTests@aos@shdfnd@physx@@3T__m128@@B 0000000180060540     ConvexHullBuilder.obj
 0003:00001550       ?minFError@_VecMathTests@aos@shdfnd@physx@@3T__m128@@B 0000000180060550     ConvexHullBuilder.obj
 0003:00001560       ?maxV4Error@_VecMathTests@aos@shdfnd@physx@@3T__m128@@B 0000000180060560     ConvexHullBuilder.obj
 0003:00001570       ?minV4Error@_VecMathTests@aos@shdfnd@physx@@3T__m128@@B 0000000180060570     ConvexHullBuilder.obj
 0003:00001580       ?minV3Error@_VecMathTests@aos@shdfnd@physx@@3T__m128@@B 0000000180060580     ConvexHullBuilder.obj
 0003:00001590       ?maxFError@_VecMathTests@aos@shdfnd@physx@@3T__m128@@B 0000000180060590     ConvexHullBuilder.obj
 0003:000015a0       ?maxV3Error@_VecMathTests@aos@shdfnd@physx@@3T__m128@@B 00000001800605a0     ConvexHullUtils.obj
 0003:000015b0       ?minFError@_VecMathTests@aos@shdfnd@physx@@3T__m128@@B 00000001800605b0     ConvexHullUtils.obj
 0003:000015c0       ?maxV4Error@_VecMathTests@aos@shdfnd@physx@@3T__m128@@B 00000001800605c0     ConvexHullUtils.obj
 0003:000015d0       ?minV4Error@_VecMathTests@aos@shdfnd@physx@@3T__m128@@B 00000001800605d0     ConvexHullUtils.obj
 0003:000015e0       ?minV3Error@_VecMathTests@aos@shdfnd@physx@@3T__m128@@B 00000001800605e0     ConvexHullUtils.obj
 0003:000015f0       ?maxFError@_VecMathTests@aos@shdfnd@physx@@3T__m128@@B 00000001800605f0     ConvexHullUtils.obj
 0003:00001600       ?maxV3Error@_VecMathTests@aos@shdfnd@physx@@3T__m128@@B 0000000180060600     ConvexMeshBuilder.obj
 0003:00001610       ?minFError@_VecMathTests@aos@shdfnd@physx@@3T__m128@@B 0000000180060610     ConvexMeshBuilder.obj
 0003:00001620       ?maxV4Error@_VecMathTests@aos@shdfnd@physx@@3T__m128@@B 0000000180060620     ConvexMeshBuilder.obj
 0003:00001630       ?minV4Error@_VecMathTests@aos@shdfnd@physx@@3T__m128@@B 0000000180060630     ConvexMeshBuilder.obj
 0003:00001640       ?minV3Error@_VecMathTests@aos@shdfnd@physx@@3T__m128@@B 0000000180060640     ConvexMeshBuilder.obj
 0003:00001650       ?maxFError@_VecMathTests@aos@shdfnd@physx@@3T__m128@@B 0000000180060650     ConvexMeshBuilder.obj
 0003:00001660       ?maxV3Error@_VecMathTests@aos@shdfnd@physx@@3T__m128@@B 0000000180060660     VolumeIntegration.obj
 0003:00001670       ?minFError@_VecMathTests@aos@shdfnd@physx@@3T__m128@@B 0000000180060670     VolumeIntegration.obj
 0003:00001680       ?maxV4Error@_VecMathTests@aos@shdfnd@physx@@3T__m128@@B 0000000180060680     VolumeIntegration.obj
 0003:00001690       ?minV4Error@_VecMathTests@aos@shdfnd@physx@@3T__m128@@B 0000000180060690     VolumeIntegration.obj
 0003:000016a0       ?minV3Error@_VecMathTests@aos@shdfnd@physx@@3T__m128@@B 00000001800606a0     VolumeIntegration.obj
 0003:000016b0       ?maxFError@_VecMathTests@aos@shdfnd@physx@@3T__m128@@B 00000001800606b0     VolumeIntegration.obj
 0003:000016c0       ?gCookingDelayLoadHook@@3PEBVPxDelayLoadHook@physx@@EB 00000001800606c0     WindowsCookingDelayLoadHook.obj
 0003:00001720       ?__proc_attached@@3HA      0000000180060720     LIBCMT:dll_dllmain.obj
 0003:00001750       ?is_initialized_as_dll@@3_NA 0000000180060750     LIBCMT:utility.obj
 0003:00001751       ?module_local_atexit_table_initialized@@3_NA 0000000180060751     LIBCMT:utility.obj
 0003:00001758       ?module_local_atexit_table@@3U_onexit_table_t@@A 0000000180060758     LIBCMT:utility.obj
 0003:00001770       ?module_local_at_quick_exit_table@@3U_onexit_table_t@@A 0000000180060770     LIBCMT:utility.obj
 0003:000017a0       ?__vcrt_startup_thread_ptd@@3U__vcrt_ptd@@A 00000001800607a0     libvcruntime:per_thread_data.obj
 0003:00001820       __vcrt_lock_table          0000000180060820     libvcruntime:locks.obj
 0003:00001848       __vcrt_locks_initialized   0000000180060848     libvcruntime:locks.obj
 0003:00001850       ?module_handles@@3PAPEAUHINSTANCE__@@A 0000000180060850     libvcruntime:winapi_downlevel.obj
 0003:00001868       ?function_pointers@@3PAPEAXA 0000000180060868     libvcruntime:winapi_downlevel.obj
 0003:00001890       ?c_termination_complete@@3JA 0000000180060890     libucrt:exit.obj
 0003:00001898       ?thread_local_exit_callback_func@@3P6AXPEAXK0@ZEA 0000000180060898     libucrt:exit.obj
 0003:000018a0       ?c_exit_complete@?1???R<lambda_6e4b09c48022b2350581041d5f6b0c4c>@@QEBA@XZ@4_NA 00000001800608a0     libucrt:exit.obj
 0003:000018b0       ?program_name@?1???$common_configure_argv@D@@YAHW4_crt_argv_mode@@@Z@4PADA 00000001800608b0     libucrt:argv_parsing.obj
 0003:00001a10       ?__acrt_lock_table@@3PAU_RTL_CRITICAL_SECTION@@A 0000000180060a10     libucrt:locks.obj
 0003:00001c40       ?__acrt_locks_initialized@@3IA 0000000180060c40     libucrt:locks.obj
 0003:00001c48       ?__acrt_invalid_parameter_handler@@3V?$dual_state_global@P6AXPEB_W00I_K@Z@__crt_state_management@@A 0000000180060c48     libucrt:invalid_parameter.obj
 0003:00001c68       ?fSystemSet@@3HA           0000000180060c68     libucrt:mbctype.obj
 0003:00001c6c       ?initialized@?1??__acrt_initialize_multibyte@@9@4_NA 0000000180060c6c     libucrt:mbctype.obj
 0003:00001ca0       ?module_handles@@3PAPEAUHINSTANCE__@@A 0000000180060ca0     libucrt:winapi_thunks.obj
 0003:00001d50       ?encoded_function_pointers@@3PAPEAXA 0000000180060d50     libucrt:winapi_thunks.obj
 0003:00002258       ?__acrt_new_handler@@3V?$dual_state_global@P6AH_K@Z@__crt_state_management@@A 0000000180061258     libucrt:new_handler.obj
 0003:00002260       ?ctrlc_action@@3V?$dual_state_global@P6AXH@Z@__crt_state_management@@A 0000000180061260     libucrt:signal.obj
 0003:00002268       ?ctrlbreak_action@@3V?$dual_state_global@P6AXH@Z@__crt_state_management@@A 0000000180061268     libucrt:signal.obj
 0003:00002270       ?abort_action@@3V?$dual_state_global@P6AXH@Z@__crt_state_management@@A 0000000180061270     libucrt:signal.obj
 0003:00002278       ?term_action@@3V?$dual_state_global@P6AXH@Z@__crt_state_management@@A 0000000180061278     libucrt:signal.obj
 0003:00002280       ?user_matherr@@3V?$dual_state_global@P6AHPEAU_exception@@@Z@__crt_state_management@@A 0000000180061280     libucrt:matherr.obj
 0003:000022b0       ?internal_state@?1??_mbtowc_internal@@9@4U_Mbstatet@@A 00000001800612b0     libucrt:mbtowc.obj
 0003:000022b8       ?enable_percent_n@@3_KA    00000001800612b8     libucrt:printf_count_output.obj
 0003:000022c4       ?__acrt_global_new_mode@@3V?$dual_state_global@J@__crt_state_management@@A 00000001800612c4     libucrt:new_mode.obj
 0003:000022d0       ?__acrt_app_type@@3W4_crt_app_type@@A 00000001800612d0     libucrt:report_runtime_error.obj
 0003:000022d8       ?internal_pst@?1??__mbrtoc32_utf8@__crt_mbstring@@YA_KPEA_UPEBD_KPEAU_Mbstatet@@AEAV__crt_cached_ptd_host@@@Z@4U3@A 00000001800612d8     libucrt:mbrtoc32.obj
 0003:000022e0       GS_ExceptionRecord         00000001800612e0     LIBCMT:gs_report.obj
 0003:00002380       GS_ContextRecord           0000000180061380     LIBCMT:gs_report.obj
 0005:00000000       _2il0floatpacket$19        0000000180066000     LIBCMT:svml_ssinf4_sse2.obj
 0005:00002200       _vmlsSinHATab              0000000180068200     LIBCMT:svml_s_sin_cout.obj
 0006:000000a0       $R000000                   00000001800690a0     PhysXCooking.res
 0006:000003d0       $R000330                   00000001800693d0     PhysXCooking.res
